Component: ARM Compiler 6.7 Tool: armlink [5c9ef700]

==============================================================================

Section Cross References

    startup_stm32f407xx.o(STACK) refers (Special) to heapauxi.o(.text) for __use_two_region_memory
    startup_stm32f407xx.o(HEAP) refers (Special) to heapauxi.o(.text) for __use_two_region_memory
    startup_stm32f407xx.o(RESET) refers (Special) to heapauxi.o(.text) for __use_two_region_memory
    startup_stm32f407xx.o(RESET) refers to startup_stm32f407xx.o(STACK) for __initial_sp
    startup_stm32f407xx.o(RESET) refers to startup_stm32f407xx.o(.text) for Reset_Handler
    startup_stm32f407xx.o(RESET) refers to stm32f4xx_it.o(.text.NMI_Handler) for NMI_Handler
    startup_stm32f407xx.o(RESET) refers to stm32f4xx_it.o(.text.HardFault_Handler) for HardFault_Handler
    startup_stm32f407xx.o(RESET) refers to stm32f4xx_it.o(.text.MemManage_Handler) for MemManage_Handler
    startup_stm32f407xx.o(RESET) refers to stm32f4xx_it.o(.text.BusFault_Handler) for BusFault_Handler
    startup_stm32f407xx.o(RESET) refers to stm32f4xx_it.o(.text.UsageFault_Handler) for UsageFault_Handler
    startup_stm32f407xx.o(RESET) refers to stm32f4xx_it.o(.text.SVC_Handler) for SVC_Handler
    startup_stm32f407xx.o(RESET) refers to stm32f4xx_it.o(.text.DebugMon_Handler) for DebugMon_Handler
    startup_stm32f407xx.o(RESET) refers to stm32f4xx_it.o(.text.PendSV_Handler) for PendSV_Handler
    startup_stm32f407xx.o(RESET) refers to stm32f4xx_it.o(.text.SysTick_Handler) for SysTick_Handler
    startup_stm32f407xx.o(RESET) refers to stm32f4xx_it.o(.text.EXTI0_IRQHandler) for EXTI0_IRQHandler
    startup_stm32f407xx.o(RESET) refers to stm32f4xx_it.o(.text.EXTI3_IRQHandler) for EXTI3_IRQHandler
    startup_stm32f407xx.o(RESET) refers to stm32f4xx_it.o(.text.EXTI4_IRQHandler) for EXTI4_IRQHandler
    startup_stm32f407xx.o(RESET) refers to stm32f4xx_it.o(.text.DMA1_Stream1_IRQHandler) for DMA1_Stream1_IRQHandler
    startup_stm32f407xx.o(RESET) refers to stm32f4xx_it.o(.text.DMA1_Stream2_IRQHandler) for DMA1_Stream2_IRQHandler
    startup_stm32f407xx.o(RESET) refers to stm32f4xx_it.o(.text.DMA1_Stream4_IRQHandler) for DMA1_Stream4_IRQHandler
    startup_stm32f407xx.o(RESET) refers to stm32f4xx_it.o(.text.CAN1_RX0_IRQHandler) for CAN1_RX0_IRQHandler
    startup_stm32f407xx.o(RESET) refers to stm32f4xx_it.o(.text.CAN1_RX1_IRQHandler) for CAN1_RX1_IRQHandler
    startup_stm32f407xx.o(RESET) refers to stm32f4xx_it.o(.text.EXTI9_5_IRQHandler) for EXTI9_5_IRQHandler
    startup_stm32f407xx.o(RESET) refers to stm32f4xx_it.o(.text.TIM4_IRQHandler) for TIM4_IRQHandler
    startup_stm32f407xx.o(RESET) refers to stm32f4xx_it.o(.text.USART1_IRQHandler) for USART1_IRQHandler
    startup_stm32f407xx.o(RESET) refers to stm32f4xx_it.o(.text.USART3_IRQHandler) for USART3_IRQHandler
    startup_stm32f407xx.o(RESET) refers to stm32f4xx_it.o(.text.TIM5_IRQHandler) for TIM5_IRQHandler
    startup_stm32f407xx.o(RESET) refers to stm32f4xx_it.o(.text.DMA2_Stream1_IRQHandler) for DMA2_Stream1_IRQHandler
    startup_stm32f407xx.o(RESET) refers to stm32f4xx_it.o(.text.DMA2_Stream2_IRQHandler) for DMA2_Stream2_IRQHandler
    startup_stm32f407xx.o(RESET) refers to stm32f4xx_it.o(.text.DMA2_Stream3_IRQHandler) for DMA2_Stream3_IRQHandler
    startup_stm32f407xx.o(RESET) refers to stm32f4xx_it.o(.text.CAN2_RX0_IRQHandler) for CAN2_RX0_IRQHandler
    startup_stm32f407xx.o(RESET) refers to stm32f4xx_it.o(.text.CAN2_RX1_IRQHandler) for CAN2_RX1_IRQHandler
    startup_stm32f407xx.o(RESET) refers to stm32f4xx_it.o(.text.OTG_FS_IRQHandler) for OTG_FS_IRQHandler
    startup_stm32f407xx.o(RESET) refers to stm32f4xx_it.o(.text.DMA2_Stream5_IRQHandler) for DMA2_Stream5_IRQHandler
    startup_stm32f407xx.o(RESET) refers to stm32f4xx_it.o(.text.DMA2_Stream6_IRQHandler) for DMA2_Stream6_IRQHandler
    startup_stm32f407xx.o(RESET) refers to stm32f4xx_it.o(.text.DMA2_Stream7_IRQHandler) for DMA2_Stream7_IRQHandler
    startup_stm32f407xx.o(RESET) refers to stm32f4xx_it.o(.text.USART6_IRQHandler) for USART6_IRQHandler
    startup_stm32f407xx.o(.text) refers (Special) to heapauxi.o(.text) for __use_two_region_memory
    startup_stm32f407xx.o(.text) refers to system_stm32f4xx.o(.text.SystemInit) for SystemInit
    startup_stm32f407xx.o(.text) refers to __main.o(!!!main) for __main
    startup_stm32f407xx.o(.text) refers to startup_stm32f407xx.o(HEAP) for Heap_Mem
    startup_stm32f407xx.o(.text) refers to startup_stm32f407xx.o(STACK) for Stack_Mem
    main.o(.text.main) refers to stm32f4xx_hal.o(.text.HAL_Init) for HAL_Init
    main.o(.text.main) refers to main.o(.text.SystemClock_Config) for SystemClock_Config
    main.o(.text.main) refers to gpio.o(.text.MX_GPIO_Init) for MX_GPIO_Init
    main.o(.text.main) refers to dma.o(.text.MX_DMA_Init) for MX_DMA_Init
    main.o(.text.main) refers to can.o(.text.MX_CAN1_Init) for MX_CAN1_Init
    main.o(.text.main) refers to tim.o(.text.MX_TIM1_Init) for MX_TIM1_Init
[...]
    HAL_PCD_EP_Close                         0x0800194b   Thumb Code    74  stm32f4xx_hal_pcd.o(.text.HAL_PCD_EP_Close)
    HAL_PCD_EP_ClrStall                      0x08001995   Thumb Code    88  stm32f4xx_hal_pcd.o(.text.HAL_PCD_EP_ClrStall)
    HAL_PCD_EP_GetRxCount                    0x080019ed   Thumb Code    18  stm32f4xx_hal_pcd.o(.text.HAL_PCD_EP_GetRxCount)
    HAL_PCD_EP_Open                          0x080019ff   Thumb Code    98  stm32f4xx_hal_pcd.o(.text.HAL_PCD_EP_Open)
    HAL_PCD_EP_Receive                       0x08001a61   Thumb Code    58  stm32f4xx_hal_pcd.o(.text.HAL_PCD_EP_Receive)
    HAL_PCD_EP_SetStall                      0x08001a9b   Thumb Code   106  stm32f4xx_hal_pcd.o(.text.HAL_PCD_EP_SetStall)
    HAL_PCD_EP_Transmit                      0x08001b05   Thumb Code    58  stm32f4xx_hal_pcd.o(.text.HAL_PCD_EP_Transmit)
    HAL_PCD_IRQHandler                       0x08001b41   Thumb Code  1888  stm32f4xx_hal_pcd.o(.text.HAL_PCD_IRQHandler)
    HAL_PCD_ISOINIncompleteCallback          0x080022a1   Thumb Code     8  usbd_conf.o(.text.HAL_PCD_ISOINIncompleteCallback)
    HAL_PCD_ISOOUTIncompleteCallback         0x080022a9   Thumb Code     8  usbd_conf.o(.text.HAL_PCD_ISOOUTIncompleteCallback)
    HAL_PCD_Init                             0x080022b1   Thumb Code   196  stm32f4xx_hal_pcd.o(.text.HAL_PCD_Init)
    HAL_PCD_MspInit                          0x08002375   Thumb Code   132  usbd_conf.o(.text.HAL_PCD_MspInit)
    HAL_PCD_ResetCallback                    0x080023f9   Thumb Code    42  usbd_conf.o(.text.HAL_PCD_ResetCallback)
    HAL_PCD_ResumeCallback                   0x08002423   Thumb Code     8  usbd_conf.o(.text.HAL_PCD_ResumeCallback)
    HAL_PCD_SOFCallback                      0x0800242b   Thumb Code     8  usbd_conf.o(.text.HAL_PCD_SOFCallback)
    HAL_PCD_SetAddress                       0x08002433   Thumb Code    40  stm32f4xx_hal_pcd.o(.text.HAL_PCD_SetAddress)
    HAL_PCD_SetupStageCallback               0x0800245b   Thumb Code    14  usbd_conf.o(.text.HAL_PCD_SetupStageCallback)
    HAL_PCD_Start                            0x08002469   Thumb Code    66  stm32f4xx_hal_pcd.o(.text.HAL_PCD_Start)
    HAL_PCD_SuspendCallback                  0x080024ad   Thumb Code    48  usbd_conf.o(.text.HAL_PCD_SuspendCallback)
    HAL_RCC_ClockConfig                      0x080024dd   Thumb Code   304  stm32f4xx_hal_rcc.o(.text.HAL_RCC_ClockConfig)
    HAL_RCC_GetHCLKFreq                      0x08002609   Thumb Code    12  stm32f4xx_hal_rcc.o(.text.HAL_RCC_GetHCLKFreq)
    HAL_RCC_GetPCLK1Freq                     0x08002611   Thumb Code    32  stm32f4xx_hal_rcc.o(.text.HAL_RCC_GetPCLK1Freq)
    HAL_RCC_GetPCLK2Freq                     0x08002625   Thumb Code    32  stm32f4xx_hal_rcc.o(.text.HAL_RCC_GetPCLK2Freq)
    HAL_RCC_GetSysClockFreq                  0x08002645   Thumb Code    96  stm32f4xx_hal_rcc.o(.text.HAL_RCC_GetSysClockFreq)
    HAL_RCC_OscConfig                        0x080026a1   Thumb Code   884  stm32f4xx_hal_rcc.o(.text.HAL_RCC_OscConfig)
    HAL_SPI_Init                             0x08002a15   Thumb Code   196  stm32f4xx_hal_spi.o(.text.HAL_SPI_Init)
    HAL_SPI_MspInit                          0x08002ad9   Thumb Code   304  spi.o(.text.HAL_SPI_MspInit)
    HAL_SYSTICK_Config                       0x08002c09   Thumb Code    40  stm32f4xx_hal_cortex.o(.text.HAL_SYSTICK_Config)
    HAL_TIMEx_BreakCallback                  0x08002c31   Thumb Code     2  stm32f4xx_hal_tim_ex.o(.text.HAL_TIMEx_BreakCallback)
    HAL_TIMEx_CommutCallback                 0x08002c33   Thumb Code     2  stm32f4xx_hal_tim_ex.o(.text.HAL_TIMEx_CommutCallback)
    HAL_TIMEx_ConfigBreakDeadTime            0x08002c35   Thumb Code    80  stm32f4xx_hal_tim_ex.o(.text.HAL_TIMEx_ConfigBreakDeadTime)
    HAL_TIMEx_MasterConfigSynchronization    0x08002c85   Thumb Code   152  stm32f4xx_hal_tim_ex.o(.text.HAL_TIMEx_MasterConfigSynchronization)
    HAL_TIM_Base_Init                        0x08002d01   Thumb Code    88  stm32f4xx_hal_tim.o(.text.HAL_TIM_Base_Init)
    HAL_TIM_Base_MspInit                     0x08002d59   Thumb Code   212  tim.o(.text.HAL_TIM_Base_MspInit)
    HAL_TIM_Base_Start_IT                    0x08002e19   Thumb Code   128  stm32f4xx_hal_tim.o(.text.HAL_TIM_Base_Start_IT)
    HAL_TIM_ConfigClockSource                0x08002e99   Thumb Code   248  stm32f4xx_hal_tim.o(.text.HAL_TIM_ConfigClockSource)
    HAL_TIM_IC_CaptureCallback               0x08002f91   Thumb Code     2  stm32f4xx_hal_tim.o(.text.HAL_TIM_IC_CaptureCallback)
    HAL_TIM_IRQHandler                       0x08002f93   Thumb Code   282  stm32f4xx_hal_tim.o(.text.HAL_TIM_IRQHandler)
    HAL_TIM_MspPostInit                      0x080030ad   Thumb Code   140  tim.o(.text.HAL_TIM_MspPostInit)
    HAL_TIM_OC_DelayElapsedCallback          0x08003139   Thumb Code     2  stm32f4xx_hal_tim.o(.text.HAL_TIM_OC_DelayElapsedCallback)
    HAL_TIM_PWM_ConfigChannel                0x0800313d   Thumb Code   154  stm32f4xx_hal_tim.o(.text.HAL_TIM_PWM_ConfigChannel)
    HAL_TIM_PWM_Init                         0x080031d7   Thumb Code    88  stm32f4xx_hal_tim.o(.text.HAL_TIM_PWM_Init)
    HAL_TIM_PWM_MspInit                      0x0800322f   Thumb Code     2  stm32f4xx_hal_tim.o(.text.HAL_TIM_PWM_MspInit)
    HAL_TIM_PWM_PulseFinishedCallback        0x08003231   Thumb Code     2  stm32f4xx_hal_tim.o(.text.HAL_TIM_PWM_PulseFinishedCallback)
    HAL_TIM_PeriodElapsedCallback            0x08003235   Thumb Code   228  drv_tim.o(.text.HAL_TIM_PeriodElapsedCallback)
    HAL_TIM_TriggerCallback                  0x08003319   Thumb Code     2  stm32f4xx_hal_tim.o(.text.HAL_TIM_TriggerCallback)
    HAL_UARTEx_ReceiveToIdle_DMA             0x0800331b   Thumb Code    86  stm32f4xx_hal_uart.o(.text.HAL_UARTEx_ReceiveToIdle_DMA)
    HAL_UARTEx_RxEventCallback               0x08003371   Thumb Code   240  drv_uart.o(.text.HAL_UARTEx_RxEventCallback)
    HAL_UART_DMAStop                         0x08003461   Thumb Code   116  stm32f4xx_hal_uart.o(.text.HAL_UART_DMAStop)
    HAL_UART_ErrorCallback                   0x080034d5   Thumb Code     2  stm32f4xx_hal_uart.o(.text.HAL_UART_ErrorCallback)
    HAL_UART_IRQHandler                      0x080034d9   Thumb Code   696  stm32f4xx_hal_uart.o(.text.HAL_UART_IRQHandler)
    HAL_UART_Init                            0x08003791   Thumb Code    94  stm32f4xx_hal_uart.o(.text.HAL_UART_Init)
    HAL_UART_MspInit                         0x080037f1   Thumb Code   696  usart.o(.text.HAL_UART_MspInit)
    HAL_UART_RxCpltCallback                  0x08003aa9   Thumb Code     2  stm32f4xx_hal_uart.o(.text.HAL_UART_RxCpltCallback)
    HAL_UART_RxHalfCpltCallback              0x08003aab   Thumb Code     2  stm32f4xx_hal_uart.o(.text.HAL_UART_RxHalfCpltCallback)
    HAL_UART_TxCpltCallback                  0x08003aad   Thumb Code     2  stm32f4xx_hal_uart.o(.text.HAL_UART_TxCpltCallback)
    HardFault_Handler                        0x08003aaf   Thumb Code     2  stm32f4xx_it.o(.text.HardFault_Handler)
    MX_CAN1_Init                             0x08003ae5   Thumb Code    64  can.o(.text.MX_CAN1_Init)
    MX_CAN2_Init                             0x08003b21   Thumb Code    64  can.o(.text.MX_CAN2_Init)
    MX_DMA_Init                              0x08003b61   Thumb Code   176  dma.o(.text.MX_DMA_Init)
    MX_GPIO_Init                             0x08003c05   Thumb Code   384  gpio.o(.text.MX_GPIO_Init)
    MX_I2C3_Init                             0x08003d85   Thumb Code    60  i2c.o(.text.MX_I2C3_Init)
    MX_SPI1_Init                             0x08003dc1   Thumb Code    76  spi.o(.text.MX_SPI1_Init)
    MX_TIM10_Init                            0x08003e0d   Thumb Code   104  tim.o(.text.MX_TIM10_Init)
    MX_TIM1_Init                             0x08003e75   Thumb Code   200  tim.o(.text.MX_TIM1_Init)
    MX_TIM3_Init                             0x08003f3d   Thumb Code   100  tim.o(.text.MX_TIM3_Init)
    MX_TIM4_Init                             0x08003f9d   Thumb Code   100  tim.o(.text.MX_TIM4_Init)
    MX_TIM5_Init                             0x08003ff9   Thumb Code   100  tim.o(.text.MX_TIM5_Init)
    MX_USART1_UART_Init                      0x08004055   Thumb Code    56  usart.o(.text.MX_USART1_UART_Init)
    MX_USART3_UART_Init                      0x0800408d   Thumb Code    64  usart.o(.text.MX_USART3_UART_Init)
    MX_USART6_UART_Init                      0x080040cd   Thumb Code    56  usart.o(.text.MX_USART6_UART_Init)
    MX_USB_DEVICE_Init                       0x08004105   Thumb Code    80  usb_device.o(.text.MX_USB_DEVICE_Init)
    MemManage_Handler                        0x08004155   Thumb Code     2  stm32f4xx_it.o(.text.MemManage_Handler)
    NMI_Handler                              0x08004157   Thumb Code     2  stm32f4xx_it.o(.text.NMI_Handler)
    OTG_FS_IRQHandler                        0x08004159   Thumb Code    12  stm32f4xx_it.o(.text.OTG_FS_IRQHandler)
    PendSV_Handler                           0x08004165   Thumb Code     2  stm32f4xx_it.o(.text.PendSV_Handler)
    SVC_Handler                              0x08004167   Thumb Code     2  stm32f4xx_it.o(.text.SVC_Handler)
    SysTick_Handler                          0x08004169   Thumb Code     4  stm32f4xx_it.o(.text.SysTick_Handler)
    SystemClock_Config                       0x0800416d   Thumb Code   160  main.o(.text.SystemClock_Config)
    SystemInit                               0x0800420d   Thumb Code    16  system_stm32f4xx.o(.text.SystemInit)
    TIM4_IRQHandler                          0x0800421d   Thumb Code    12  stm32f4xx_it.o(.text.TIM4_IRQHandler)
    TIM5_IRQHandler                          0x08004229   Thumb Code    12  stm32f4xx_it.o(.text.TIM5_IRQHandler)
    TIM_Base_SetConfig                       0x08004235   Thumb Code   228  stm32f4xx_hal_tim.o(.text.TIM_Base_SetConfig)
    TIM_CAN_PeriodElapsedCallback            0x080042f9   Thumb Code    24  drv_can.o(.text.TIM_CAN_PeriodElapsedCallback)
    TIM_Init                                 0x0800430d   Thumb Code   284  drv_tim.o(.text.TIM_Init)
    TIM_OC2_SetConfig                        0x08004485   Thumb Code   108  stm32f4xx_hal_tim.o(.text.TIM_OC2_SetConfig)
    Task_Init                                0x080045ed   Thumb Code   112  task.o(.text.Task_Init)
    Task_Loop                                0x0800465d   Thumb Code     2  task.o(.text.Task_Loop)
    UART_Init                                0x080047c5   Thumb Code   212  drv_uart.o(.text.UART_Init)
    UART_Start_Receive_DMA                   0x08004a2d   Thumb Code   160  stm32f4xx_hal_uart.o(.text.UART_Start_Receive_DMA)
    USART1_IRQHandler                        0x08004acd   Thumb Code    12  stm32f4xx_it.o(.text.USART1_IRQHandler)
    USART3_IRQHandler                        0x08004ad9   Thumb Code    12  stm32f4xx_it.o(.text.USART3_IRQHandler)
    USART6_IRQHandler                        0x08004ae5   Thumb Code    12  stm32f4xx_it.o(.text.USART6_IRQHandler)
    USBD_CDC_GetDeviceQualifierDescriptor    0x08004c39   Thumb Code    12  usbd_cdc.o(.text.USBD_CDC_GetDeviceQualifierDescriptor)
    USBD_CDC_ReceivePacket                   0x08004deb   Thumb Code    50  usbd_cdc.o(.text.USBD_CDC_ReceivePacket)
    USBD_CDC_RegisterInterface               0x08004e1d   Thumb Code    24  usbd_cdc.o(.text.USBD_CDC_RegisterInterface)
    USBD_CDC_SetRxBuffer                     0x08004e35   Thumb Code    28  usbd_cdc.o(.text.USBD_CDC_SetRxBuffer)
    USBD_CDC_SetTxBuffer                     0x08004e51   Thumb Code    32  usbd_cdc.o(.text.USBD_CDC_SetTxBuffer)
    USBD_ClrClassConfig                      0x08004f37   Thumb Code    18  usbd_core.o(.text.USBD_ClrClassConfig)
    USBD_CoreFindEP                          0x08004f49   Thumb Code     4  usbd_core.o(.text.USBD_CoreFindEP)
    USBD_CoreFindIF                          0x08004f4d   Thumb Code     4  usbd_core.o(.text.USBD_CoreFindIF)
    USBD_CtlContinueRx                       0x08004f51   Thumb Code    16  usbd_ioreq.o(.text.USBD_CtlContinueRx)
    USBD_CtlContinueSendData                 0x08004f61   Thumb Code    16  usbd_ioreq.o(.text.USBD_CtlContinueSendData)
    USBD_CtlError                            0x08004f71   Thumb Code    22  usbd_ctlreq.o(.text.USBD_CtlError)
    USBD_CtlPrepareRx                        0x08004f87   Thumb Code    30  usbd_ioreq.o(.text.USBD_CtlPrepareRx)
    USBD_CtlReceiveStatus                    0x08004fa5   Thumb Code    22  usbd_ioreq.o(.text.USBD_CtlReceiveStatus)
    USBD_CtlSendData                         0x08004fbb   Thumb Code    28  usbd_ioreq.o(.text.USBD_CtlSendData)
    USBD_CtlSendStatus                       0x08004fd7   Thumb Code    22  usbd_ioreq.o(.text.USBD_CtlSendStatus)
    USBD_FS_ConfigStrDescriptor              0x08004fed   Thumb Code    36  usbd_desc.o(.text.USBD_FS_ConfigStrDescriptor)
    USBD_FS_DeviceDescriptor                 0x08005011   Thumb Code    12  usbd_desc.o(.text.USBD_FS_DeviceDescriptor)
    USBD_FS_InterfaceStrDescriptor           0x0800501d   Thumb Code    40  usbd_desc.o(.text.USBD_FS_InterfaceStrDescriptor)
    USBD_FS_LangIDStrDescriptor              0x08005045   Thumb Code    12  usbd_desc.o(.text.USBD_FS_LangIDStrDescriptor)
    USBD_FS_ManufacturerStrDescriptor        0x08005051   Thumb Code    44  usbd_desc.o(.text.USBD_FS_ManufacturerStrDescriptor)
    USBD_FS_ProductStrDescriptor             0x0800507d   Thumb Code    48  usbd_desc.o(.text.USBD_FS_ProductStrDescriptor)
    USBD_FS_SerialStrDescriptor              0x080050ad   Thumb Code    56  usbd_desc.o(.text.USBD_FS_SerialStrDescriptor)
    USBD_GetEpDesc                           0x080050e5   Thumb Code    42  usbd_core.o(.text.USBD_GetEpDesc)
    USBD_GetString                           0x0800510f   Thumb Code   132  usbd_ctlreq.o(.text.USBD_GetString)
    USBD_Init                                0x08005193   Thumb Code    40  usbd_core.o(.text.USBD_Init)
    USBD_LL_ClearStallEP                     0x080051bd   Thumb Code    36  usbd_conf.o(.text.USBD_LL_ClearStallEP)
    USBD_LL_CloseEP                          0x080051dd   Thumb Code    36  usbd_conf.o(.text.USBD_LL_CloseEP)
    USBD_LL_DataInStage                      0x080051fd   Thumb Code   178  usbd_core.o(.text.USBD_LL_DataInStage)
    USBD_LL_DataOutStage                     0x080052af   Thumb Code   126  usbd_core.o(.text.USBD_LL_DataOutStage)
    USBD_LL_DevConnected                     0x0800532d   Thumb Code     4  usbd_core.o(.text.USBD_LL_DevConnected)
    USBD_LL_DevDisconnected                  0x08005331   Thumb Code    32  usbd_core.o(.text.USBD_LL_DevDisconnected)
    USBD_LL_GetRxDataSize                    0x08005351   Thumb Code     8  usbd_conf.o(.text.USBD_LL_GetRxDataSize)
    USBD_LL_Init                             0x08005359   Thumb Code   100  usbd_conf.o(.text.USBD_LL_Init)
    USBD_LL_IsStallEP                        0x080053bd   Thumb Code    34  usbd_conf.o(.text.USBD_LL_IsStallEP)
    USBD_LL_IsoINIncomplete                  0x080053df   Thumb Code    48  usbd_core.o(.text.USBD_LL_IsoINIncomplete)
    USBD_LL_IsoOUTIncomplete                 0x0800540f   Thumb Code    48  usbd_core.o(.text.USBD_LL_IsoOUTIncomplete)
    USBD_LL_OpenEP                           0x08005441   Thumb Code    40  usbd_conf.o(.text.USBD_LL_OpenEP)
    USBD_LL_PrepareReceive                   0x08005465   Thumb Code    36  usbd_conf.o(.text.USBD_LL_PrepareReceive)
    USBD_LL_Reset                            0x08005485   Thumb Code   100  usbd_core.o(.text.USBD_LL_Reset)
    USBD_LL_Resume                           0x080054e9   Thumb Code    20  usbd_core.o(.text.USBD_LL_Resume)
    USBD_LL_SOF                              0x080054fd   Thumb Code    30  usbd_core.o(.text.USBD_LL_SOF)
    USBD_LL_SetSpeed                         0x0800551b   Thumb Code     6  usbd_core.o(.text.USBD_LL_SetSpeed)
    USBD_LL_SetUSBAddress                    0x08005521   Thumb Code    36  usbd_conf.o(.text.USBD_LL_SetUSBAddress)
    USBD_LL_SetupStage                       0x08005545   Thumb Code    96  usbd_core.o(.text.USBD_LL_SetupStage)
    USBD_LL_StallEP                          0x080055a5   Thumb Code    36  usbd_conf.o(.text.USBD_LL_StallEP)
    USBD_LL_Start                            0x080055c9   Thumb Code    36  usbd_conf.o(.text.USBD_LL_Start)
    USBD_LL_Suspend                          0x080055e9   Thumb Code    26  usbd_core.o(.text.USBD_LL_Suspend)
    USBD_LL_Transmit                         0x08005605   Thumb Code    36  usbd_conf.o(.text.USBD_LL_Transmit)
    USBD_ParseSetupRequest                   0x08005629   Thumb Code    40  usbd_ctlreq.o(.text.USBD_ParseSetupRequest)
    USBD_RegisterClass                       0x08005651   Thumb Code    66  usbd_core.o(.text.USBD_RegisterClass)
    USBD_SetClassConfig                      0x08005693   Thumb Code    14  usbd_core.o(.text.USBD_SetClassConfig)
    USBD_Start                               0x080056a1   Thumb Code     4  usbd_core.o(.text.USBD_Start)
    USBD_StdDevReq                           0x080056a5   Thumb Code   728  usbd_ctlreq.o(.text.USBD_StdDevReq)
    USBD_StdEPReq                            0x0800597d   Thumb Code   342  usbd_ctlreq.o(.text.USBD_StdEPReq)
    USBD_StdItfReq                           0x08005ad3   Thumb Code   116  usbd_ctlreq.o(.text.USBD_StdItfReq)
    USBD_static_free                         0x08005b47   Thumb Code     2  usbd_conf.o(.text.USBD_static_free)
    USBD_static_malloc                       0x08005b49   Thumb Code     8  usbd_conf.o(.text.USBD_static_malloc)
    USB_ActivateEndpoint                     0x08005b51   Thumb Code   124  stm32f4xx_ll_usb.o(.text.USB_ActivateEndpoint)
    USB_ActivateSetup                        0x08005bcd   Thumb Code    30  stm32f4xx_ll_usb.o(.text.USB_ActivateSetup)
    USB_CoreInit                             0x08005bed   Thumb Code   136  stm32f4xx_ll_usb.o(.text.USB_CoreInit)
    USB_DeactivateEndpoint                   0x08005ccd   Thumb Code   132  stm32f4xx_ll_usb.o(.text.USB_DeactivateEndpoint)
    USB_DevConnect                           0x08005d51   Thumb Code    28  stm32f4xx_ll_usb.o(.text.USB_DevConnect)
    USB_DevDisconnect                        0x08005d6d   Thumb Code    28  stm32f4xx_ll_usb.o(.text.USB_DevDisconnect)
    USB_DevInit                              0x08005d89   Thumb Code   424  stm32f4xx_ll_usb.o(.text.USB_DevInit)
    USB_DisableGlobalInt                     0x08005f31   Thumb Code    12  stm32f4xx_ll_usb.o(.text.USB_DisableGlobalInt)
    USB_EP0_OutStart                         0x08005f3d   Thumb Code    88  stm32f4xx_ll_usb.o(.text.USB_EP0_OutStart)
    USB_EPClearStall                         0x08005f95   Thumb Code    50  stm32f4xx_ll_usb.o(.text.USB_EPClearStall)
    USB_EPSetStall                           0x08005fc7   Thumb Code    56  stm32f4xx_ll_usb.o(.text.USB_EPSetStall)
    USB_EPStartXfer                          0x08006001   Thumb Code   428  stm32f4xx_ll_usb.o(.text.USB_EPStartXfer)
    USB_EPStopXfer                           0x080061ad   Thumb Code   132  stm32f4xx_ll_usb.o(.text.USB_EPStopXfer)
    USB_EnableGlobalInt                      0x08006231   Thumb Code    12  stm32f4xx_ll_usb.o(.text.USB_EnableGlobalInt)
    USB_FlushRxFifo                          0x0800623d   Thumb Code    70  stm32f4xx_ll_usb.o(.text.USB_FlushRxFifo)
    USB_FlushTxFifo                          0x08006283   Thumb Code    74  stm32f4xx_ll_usb.o(.text.USB_FlushTxFifo)
    USB_GetDevSpeed                          0x080062cd   Thumb Code    30  stm32f4xx_ll_usb.o(.text.USB_GetDevSpeed)
    USB_GetMode                              0x080062eb   Thumb Code     8  stm32f4xx_ll_usb.o(.text.USB_GetMode)
    USB_ReadDevAllInEpInterrupt              0x080062f3   Thumb Code    14  stm32f4xx_ll_usb.o(.text.USB_ReadDevAllInEpInterrupt)
    USB_ReadDevAllOutEpInterrupt             0x08006301   Thumb Code    14  stm32f4xx_ll_usb.o(.text.USB_ReadDevAllOutEpInterrupt)
    USB_ReadDevInEPInterrupt                 0x0800630f   Thumb Code    36  stm32f4xx_ll_usb.o(.text.USB_ReadDevInEPInterrupt)
    USB_ReadDevOutEPInterrupt                0x08006333   Thumb Code    16  stm32f4xx_ll_usb.o(.text.USB_ReadDevOutEPInterrupt)
    USB_ReadInterrupts                       0x08006343   Thumb Code     8  stm32f4xx_ll_usb.o(.text.USB_ReadInterrupts)
    USB_ReadPacket                           0x0800634b   Thumb Code    88  stm32f4xx_ll_usb.o(.text.USB_ReadPacket)
    USB_SetCurrentMode                       0x080063a3   Thumb Code    98  stm32f4xx_ll_usb.o(.text.USB_SetCurrentMode)
    USB_SetDevAddress                        0x08006405   Thumb Code    34  stm32f4xx_ll_usb.o(.text.USB_SetDevAddress)
    USB_SetTurnaroundTime                    0x08006429   Thumb Code   240  stm32f4xx_ll_usb.o(.text.USB_SetTurnaroundTime)
    USB_WritePacket                          0x08006519   Thumb Code    42  stm32f4xx_ll_usb.o(.text.USB_WritePacket)
    UsageFault_Handler                       0x08006543   Thumb Code     2  stm32f4xx_it.o(.text.UsageFault_Handler)
    allocate_tx_data(CAN_HandleTypeDef*, Enum_DJI_Motor_ID) 0x080065b9   Thumb Code   196  dvc_djimotor.o(.text._Z16allocate_tx_dataP17CAN_HandleTypeDef17Enum_DJI_Motor_ID)
    DR16_UART3_Callback(unsigned char*, unsigned short) 0x0800667d   Thumb Code    12  task.o(.text._Z19DR16_UART3_CallbackPht)
    Task1ms_TIM5_Callback()                  0x08006685   Thumb Code   104  task.o(.text._Z21Task1ms_TIM5_Callbackv)
    Math_Endian_Reverse_16(void*, void*)     0x080066e9   Thumb Code    10  drv_math.o(.text._Z22Math_Endian_Reverse_16PvS_)
    can_filter_mask_config(CAN_HandleTypeDef*, unsigned char, unsigned, unsigned) 0x080066f3   Thumb Code   102  drv_can.o(.text._Z22can_filter_mask_configP17CAN_HandleTypeDefhjj)
    Chassis_Device_CAN1_Callback(Struct_CAN_Rx_Buffer*) 0x08006759   Thumb Code    80  task.o(.text._Z28Chassis_Device_CAN1_CallbackP20Struct_CAN_Rx_Buffer)
    Class_DR16::Judge_Switch(Enum_DR16_Switch_Status*, unsigned char, unsigned char) 0x080067a9   Thumb Code    76  dvc_dr16.o(.text._ZN10Class_DR1612Judge_SwitchEP23Enum_DR16_Switch_Statushh)
    Class_DR16::Judge_Updata(Struct_DR16_UART_Data, Struct_DR16_UART_Data) 0x080067f5   Thumb Code    48  dvc_dr16.o(.text._ZN10Class_DR1612Judge_UpdataE21Struct_DR16_UART_DataS0_)
    Class_DR16::DR16_Data_Process()          0x08006825   Thumb Code   456  dvc_dr16.o(.text._ZN10Class_DR1617DR16_Data_ProcessEv)
    Class_DR16::DR16_UART_RxCpltCallback(unsigned char*) 0x080069ed   Thumb Code    34  dvc_dr16.o(.text._ZN10Class_DR1624DR16_UART_RxCpltCallbackEPh)
    Class_DR16::Init(__UART_HandleTypeDef*, __UART_HandleTypeDef*) 0x08006a11   Thumb Code   176  dvc_dr16.o(.text._ZN10Class_DR164InitEP20__UART_HandleTypeDefS1_)
    Class_DR16::Judge_Key(Enum_DR16_Key_Status*, unsigned char, unsigned char) 0x08006ac1   Thumb Code    36  dvc_dr16.o(.text._ZN10Class_DR169Judge_KeyEP20Enum_DR16_Key_Statushh)
    Class_Slope::Init(float, float)          0x08006ae5   Thumb Code    14  alg_slope.o(.text._ZN11Class_Slope4InitEff)
    Class_DJI_Motor_C620::Data_Process()     0x08006af5   Thumb Code   316  dvc_djimotor.o(.text._ZN20Class_DJI_Motor_C62012Data_ProcessEv)
    Class_DJI_Motor_C620::CAN_RxCpltCallback(unsigned char*) 0x08006c31   Thumb Code    14  dvc_djimotor.o(.text._ZN20Class_DJI_Motor_C62018CAN_RxCpltCallbackEPh)
    Class_DJI_Motor_C620::TIM_PID_PeriodElapsedCallback() 0x08006c41   Thumb Code   128  dvc_djimotor.o(.text._ZN20Class_DJI_Motor_C62029TIM_PID_PeriodElapsedCallbackEv)
    Class_DJI_Motor_C620::Init(CAN_HandleTypeDef*, Enum_DJI_Motor_ID, Enum_DJI_Motor_Control_Method, float, float) 0x08006cc1   Thumb Code    76  dvc_djimotor.o(.text._ZN20Class_DJI_Motor_C6204InitEP17CAN_HandleTypeDef17Enum_DJI_Motor_ID29Enum_DJI_Motor_Control_Methodff)
    Class_DJI_Motor_C620::Output()           0x08006d0d   Thumb Code    40  dvc_djimotor.o(.text._ZN20Class_DJI_Motor_C6206OutputEv)
    Class_DJI_Motor_C620::Class_DJI_Motor_C620__sub_object() 0x08006d35   Thumb Code    74  task.o(.text._ZN20Class_DJI_Motor_C620C2Ev)
    Class_Tricycle_Chassis::Speed_Resolution() 0x08006d81   Thumb Code   396  crt_chassis.o(.text._ZN22Class_Tricycle_Chassis16Speed_ResolutionEv)
    Class_Tricycle_Chassis::TIM_Calculate_PeriodElapsedCallback(Enum_Sprint_Status) 0x08006f0d   Thumb Code     4  crt_chassis.o(.text._ZN22Class_Tricycle_Chassis35TIM_Calculate_PeriodElapsedCallbackE18Enum_Sprint_Status)
    Class_Tricycle_Chassis::Init(float, float, float, float) 0x08006f11   Thumb Code   328  crt_chassis.o(.text._ZN22Class_Tricycle_Chassis4InitEffff)
    Class_Tricycle_Chassis::Class_Tricycle_Chassis__sub_object() 0x08007059   Thumb Code   104  task.o(.text._ZN22Class_Tricycle_ChassisC2Ev)
    Class_FSM::Reload_TIM_Status_PeriodElapsedCallback() 0x080070c1   Thumb Code   320  alg_fsm.o(.text._ZN9Class_FSM39Reload_TIM_Status_PeriodElapsedCallbackEv)
    Class_PID::TIM_Adjust_PeriodElapsedCallback() 0x08007201   Thumb Code   440  alg_pid.o(.text._ZN9Class_PID32TIM_Adjust_PeriodElapsedCallbackEv)
    Class_PID::Init(float, float, float, float, float, float, float, float, float, float, float, Enum_PID_D_First) 0x080073b9   Thumb Code    16  alg_pid.o(.text._ZN9Class_PID4InitEfffffffffff16Enum_PID_D_First)
    main                                     0x080073c9   Thumb Code    80  main.o(.text.main)
    __ARM_fpclassifyf                        0x08007419   Thumb Code    38  fpclassifyf.o(i.__ARM_fpclassifyf)
    __hardfp_atan2f                          0x08007441   Thumb Code   502  atan2f.o(i.__hardfp_atan2f)
    __mathlib_flt_infnan2                    0x08007691   Thumb Code     6  funder.o(i.__mathlib_flt_infnan2)
    __mathlib_flt_underflow                  0x08007699   Thumb Code    10  funder.o(i.__mathlib_flt_underflow)
    _fp_init                                 0x080076a9   Thumb Code    10  fpinit.o(x$fpl$fpinit)
    __fplib_config_fpu_vfp                   0x080076b1   Thumb Code     0  fpinit.o(x$fpl$fpinit)
    __fplib_config_pureend_doubles           0x080076b1   Thumb Code     0  fpinit.o(x$fpl$fpinit)
    AHBPrescTable                            0x080076b2   Data          16  system_stm32f4xx.o(.rodata.AHBPrescTable)
    __I$use$fp                               0x080076b2   Number         0  usenofp.o(x$fpl$usenofp)
    APBPrescTable                            0x080076c2   Data           8  system_stm32f4xx.o(.rodata.APBPrescTable)
    Region$$Table$$Base                      0x080076cc   Number         0  anon$$obj.o(Region$$Table)
    Region$$Table$$Limit                     0x080076ec   Number         0  anon$$obj.o(Region$$Table)
    SHT$$INIT_ARRAY$$Base                    0x080076ec   Number         0  task.o(.init_array)
    SHT$$INIT_ARRAY$$Limit                   0x080076f0   Number         0  task.o(.init_array)
    uwTickFreq                               0x20000000   Data           1  stm32f4xx_hal.o(.data..L_MergedGlobals)
    uwTickPrio                               0x20000004   Data           4  stm32f4xx_hal.o(.data..L_MergedGlobals)
    uwTick                                   0x20000008   Data           4  stm32f4xx_hal.o(.data..L_MergedGlobals)
    FS_Desc                                  0x2000000c   Data          28  usbd_desc.o(.data.FS_Desc)
    SystemCoreClock                          0x20000028   Data           4  system_stm32f4xx.o(.data.SystemCoreClock)
    USBD_CDC                                 0x2000002c   Data          56  usbd_cdc.o(.data.USBD_CDC)
    USBD_FS_DeviceDesc                       0x200000b4   Data          18  usbd_desc.o(.data.USBD_FS_DeviceDesc)
    USBD_Interface_fops_FS                   0x200000c8   Data          20  usbd_cdc_if.o(.data.USBD_Interface_fops_FS)
    USBD_LangIDDesc                          0x200000dc   Data           4  usbd_desc.o(.data.USBD_LangIDDesc)
    USBD_StringSerial                        0x200000e0   Data          26  usbd_desc.o(.data.USBD_StringSerial)
    __libspace_start                         0x20000100   Data          96  libspace.o(.bss)
    __temporary_stack_top$libspace           0x20000160   Data           0  libspace.o(.bss)
    hdma_i2c3_rx                             0x20000160   Data          96  i2c.o(.bss..L_MergedGlobals)
    hdma_spi1_rx                             0x200001c0   Data          96  spi.o(.bss..L_MergedGlobals)
    hdma_usart1_rx                           0x20000220   Data          96  usart.o(.bss..L_MergedGlobals)
    CAN1_Manage_Object                       0x20000280   Data          44  drv_can.o(.bss..L_MergedGlobals)
    CAN2_Manage_Object                       0x200002ac   Data          44  drv_can.o(.bss..L_MergedGlobals)
    TIM1_Manage_Object                       0x200002e0   Data           8  drv_tim.o(.bss..L_MergedGlobals)
    TIM2_Manage_Object                       0x200002e8   Data           8  drv_tim.o(.bss..L_MergedGlobals)
    TIM3_Manage_Object                       0x200002f0   Data           8  drv_tim.o(.bss..L_MergedGlobals)
    TIM4_Manage_Object                       0x200002f8   Data           8  drv_tim.o(.bss..L_MergedGlobals)
    TIM5_Manage_Object                       0x20000300   Data           8  drv_tim.o(.bss..L_MergedGlobals)
    TIM6_Manage_Object                       0x20000308   Data           8  drv_tim.o(.bss..L_MergedGlobals)
    TIM7_Manage_Object                       0x20000310   Data           8  drv_tim.o(.bss..L_MergedGlobals)
    TIM8_Manage_Object                       0x20000318   Data           8  drv_tim.o(.bss..L_MergedGlobals)
    TIM9_Manage_Object                       0x20000320   Data           8  drv_tim.o(.bss..L_MergedGlobals)
    TIM10_Manage_Object                      0x20000328   Data           8  drv_tim.o(.bss..L_MergedGlobals)
    TIM11_Manage_Object                      0x20000330   Data           8  drv_tim.o(.bss..L_MergedGlobals)
    TIM12_Manage_Object                      0x20000338   Data           8  drv_tim.o(.bss..L_MergedGlobals)
    TIM13_Manage_Object                      0x20000340   Data           8  drv_tim.o(.bss..L_MergedGlobals)
    TIM14_Manage_Object                      0x20000348   Data           8  drv_tim.o(.bss..L_MergedGlobals)
    start_flag                               0x20000350   Data           1  task.o(.bss..L_MergedGlobals)
    init_finished                            0x20000354   Data           4  task.o(.bss..L_MergedGlobals)
    hdma_i2c3_tx                             0x20000360   Data          96  i2c.o(.bss..L_MergedGlobals.1)
    hdma_spi1_tx                             0x200003c0   Data          96  spi.o(.bss..L_MergedGlobals.1)
    hdma_usart1_tx                           0x20000420   Data          96  usart.o(.bss..L_MergedGlobals.1)
    hdma_usart3_rx                           0x20000480   Data          96  usart.o(.bss..L_MergedGlobals.2)
    hdma_usart6_rx                           0x200004e0   Data          96  usart.o(.bss..L_MergedGlobals.3)
    hdma_usart6_tx                           0x20000540   Data          96  usart.o(.bss..L_MergedGlobals.4)
    CAN1_0x1ff_Tx_Data                       0x200005a0   Data           8  drv_can.o(.bss.CAN1_0x1ff_Tx_Data)
    CAN1_0x200_Tx_Data                       0x200005a8   Data           8  drv_can.o(.bss.CAN1_0x200_Tx_Data)
    CAN1_0x2ff_Tx_Data                       0x200005b0   Data           8  drv_can.o(.bss.CAN1_0x2ff_Tx_Data)
    CAN2_0x1ff_Tx_Data                       0x200005b8   Data           8  drv_can.o(.bss.CAN2_0x1ff_Tx_Data)
    CAN2_0x200_Tx_Data                       0x200005c0   Data           8  drv_can.o(.bss.CAN2_0x200_Tx_Data)
    CAN2_0x2ff_Tx_Data                       0x200005c8   Data           8  drv_can.o(.bss.CAN2_0x2ff_Tx_Data)
    Chassis                                  0x200005d0   Data        1260  task.o(.bss.Chassis)
    DR16                                     0x20000abc   Data         156  task.o(.bss.DR16)
    FSM_Alive_Control                        0x20000b58   Data          84  task.o(.bss.FSM_Alive_Control)
    UART1_Manage_Object                      0x20000bb0   Data         272  drv_uart.o(.bss.UART1_Manage_Object)
    UART2_Manage_Object                      0x20000cc0   Data         272  drv_uart.o(.bss.UART2_Manage_Object)
    UART3_Manage_Object                      0x20000dd0   Data         272  drv_uart.o(.bss.UART3_Manage_Object)
    UART4_Manage_Object                      0x20000ee0   Data         272  drv_uart.o(.bss.UART4_Manage_Object)
    UART5_Manage_Object                      0x20000ff0   Data         272  drv_uart.o(.bss.UART5_Manage_Object)
    UART6_Manage_Object                      0x20001100   Data         272  drv_uart.o(.bss.UART6_Manage_Object)
    USBD_StrDesc                             0x20001214   Data         512  usbd_desc.o(.bss.USBD_StrDesc)
    UserRxBufferFS                           0x20001634   Data        2048  usbd_cdc_if.o(.bss.UserRxBufferFS)
    UserTxBufferFS                           0x20001e34   Data        2048  usbd_cdc_if.o(.bss.UserTxBufferFS)
    hUsbDeviceFS                             0x20002640   Data         732  usb_device.o(.bss.hUsbDeviceFS)
    hcan1                                    0x2000291c   Data          40  can.o(.bss.hcan1)
    hcan2                                    0x20002944   Data          40  can.o(.bss.hcan2)
    hi2c3                                    0x2000296c   Data          84  i2c.o(.bss.hi2c3)
    hpcd_USB_OTG_FS                          0x200029c0   Data        1252  usbd_conf.o(.bss.hpcd_USB_OTG_FS)
    hspi1                                    0x20002ea4   Data          88  spi.o(.bss.hspi1)
    htim1                                    0x20002efc   Data          72  tim.o(.bss.htim1)
    htim10                                   0x20002f44   Data          72  tim.o(.bss.htim10)
    htim3                                    0x20002f8c   Data          72  tim.o(.bss.htim3)
    htim4                                    0x20002fd4   Data          72  tim.o(.bss.htim4)
    htim5                                    0x2000301c   Data          72  tim.o(.bss.htim5)
    huart1                                   0x20003064   Data          72  usart.o(.bss.huart1)
    huart3                                   0x200030ac   Data          72  usart.o(.bss.huart3)
    huart6                                   0x200030f4   Data          72  usart.o(.bss.huart6)



==============================================================================

Memory Map of the image

  Image Entry point : 0x08000189

  Load Region LR_IROM1 (Base: 0x08000000, Size: 0x000077f0, Max: 0x00100000, ABSOLUTE)

    Execution Region ER_IROM1 (Exec base: 0x08000000, Load base: 0x08000000, Size: 0x000076f0, Max: 0x00100000, ABSOLUTE)

    Exec Addr    Load Addr    Size         Type   Attr      Idx    E Section Name        Object

    0x08000000   0x08000000   0x00000188   Data   RO            3    RESET               startup_stm32f407xx.o
    0x08000188   0x08000188   0x00000008   Code   RO         2499  * !!!main             c_w.l(__main.o)
    0x08000190   0x08000190   0x00000034   Code   RO         2832    !!!scatter          c_w.l(__scatter.o)
    0x080001c4   0x080001c4   0x0000001a   Code   RO         2834    !!handler_copy      c_w.l(__scatter_copy.o)
    0x080001de   0x080001de   0x00000002   PAD
    0x080001e0   0x080001e0   0x0000001c   Code   RO         2836    !!handler_zi        c_w.l(__scatter_zi.o)
    0x080001fc   0x080001fc   0x00000002   Code   RO         2765    .ARM.Collect$$libinit$$00000000  c_w.l(libinit.o)
    0x080001fe   0x080001fe   0x00000004   Code   RO         2566    .ARM.Collect$$libinit$$00000001  c_w.l(libinit2.o)
    0x08000202   0x08000202   0x00000000   Code   RO         2569    .ARM.Collect$$libinit$$00000004  c_w.l(libinit2.o)
    0x08000202   0x08000202   0x00000000   Code   RO         2572    .ARM.Collect$$libinit$$0000000A  c_w.l(libinit2.o)
    0x08000202   0x08000202   0x00000000   Code   RO         2574    .ARM.Collect$$libinit$$0000000C  c_w.l(libinit2.o)
    0x08000202   0x08000202   0x00000000   Code   RO         2576    .ARM.Collect$$libinit$$0000000E  c_w.l(libinit2.o)
    0x08000202   0x08000202   0x00000000   Code   RO         2579    .ARM.Collect$$libinit$$00000011  c_w.l(libinit2.o)
    0x08000202   0x08000202   0x00000000   Code   RO         2581    .ARM.Collect$$libinit$$00000013  c_w.l(libinit2.o)
    0x08000202   0x08000202   0x00000000   Code   RO         2583    .ARM.Collect$$libinit$$00000015  c_w.l(libinit2.o)
    0x08000202   0x08000202   0x00000000   Code   RO         2585    .ARM.Collect$$libinit$$00000017  c_w.l(libinit2.o)
    0x08000202   0x08000202   0x00000000   Code   RO         2587    .ARM.Collect$$libinit$$00000019  c_w.l(libinit2.o)
    0x08000202   0x08000202   0x00000000   Code   RO         2589    .ARM.Collect$$libinit$$0000001B  c_w.l(libinit2.o)
    0x08000202   0x08000202   0x00000000   Code   RO         2591    .ARM.Collect$$libinit$$0000001D  c_w.l(libinit2.o)
    0x08000202   0x08000202   0x00000000   Code   RO         2593    .ARM.Collect$$libinit$$0000001F  c_w.l(libinit2.o)
    0x08000202   0x08000202   0x00000000   Code   RO         2595    .ARM.Collect$$libinit$$00000021  c_w.l(libinit2.o)
    0x08000202   0x08000202   0x00000000   Code   RO         2597    .ARM.Collect$$libinit$$00000023  c_w.l(libinit2.o)
    0x08000202   0x08000202   0x00000000   Code   RO         2599    .ARM.Collect$$libinit$$00000025  c_w.l(libinit2.o)
    0x08000202   0x08000202   0x00000000   Code   RO         2603    .ARM.Collect$$libinit$$0000002C  c_w.l(libinit2.o)
    0x08000202   0x08000202   0x00000000   Code   RO         2605    .ARM.Collect$$libinit$$0000002E  c_w.l(libinit2.o)
    0x08000202   0x08000202   0x00000000   Code   RO         2607    .ARM.Collect$$libinit$$00000030  c_w.l(libinit2.o)
    0x08000202   0x08000202   0x00000004   Code   RO         2608    .ARM.Collect$$libinit$$00000031  c_w.l(libinit2.o)
    0x08000206   0x08000206   0x00000000   Code   RO         2609    .ARM.Collect$$libinit$$00000032  c_w.l(libinit2.o)
    0x08000206   0x08000206   0x00000002   Code   RO         2610    .ARM.Collect$$libinit$$00000033  c_w.l(libinit2.o)
    0x08000208   0x08000208   0x00000002   Code   RO         2813    .ARM.Collect$$libshutdown$$00000000  c_w.l(libshutdown.o)
    0x0800020a   0x0800020a   0x00000000   Code   RO         2815    .ARM.Collect$$libshutdown$$00000002  c_w.l(libshutdown2.o)
    0x0800020a   0x0800020a   0x00000000   Code   RO         2817    .ARM.Collect$$libshutdown$$00000004  c_w.l(libshutdown2.o)
    0x0800020a   0x0800020a   0x00000000   Code   RO         2820    .ARM.Collect$$libshutdown$$00000007  c_w.l(libshutdown2.o)
    0x0800020a   0x0800020a   0x00000000   Code   RO         2823    .ARM.Collect$$libshutdown$$0000000A  c_w.l(libshutdown2.o)
    0x0800020a   0x0800020a   0x00000000   Code   RO         2825    .ARM.Collect$$libshutdown$$0000000C  c_w.l(libshutdown2.o)
    0x0800020a   0x0800020a   0x00000000   Code   RO         2828    .ARM.Collect$$libshutdown$$0000000F  c_w.l(libshutdown2.o)
    0x0800020a   0x0800020a   0x00000002   Code   RO         2829    .ARM.Collect$$libshutdown$$00000010  c_w.l(libshutdown2.o)
    0x0800020c   0x0800020c   0x00000000   Code   RO         2555    .ARM.Collect$$rtentry$$00000000  c_w.l(__rtentry.o)
    0x0800020c   0x0800020c   0x00000000   Code   RO         2706    .ARM.Collect$$rtentry$$00000002  c_w.l(__rtentry2.o)
    0x0800020c   0x0800020c   0x00000006   Code   RO         2718    .ARM.Collect$$rtentry$$00000004  c_w.l(__rtentry4.o)
    0x08000212   0x08000212   0x00000000   Code   RO         2708    .ARM.Collect$$rtentry$$00000009  c_w.l(__rtentry2.o)
    0x08000212   0x08000212   0x00000004   Code   RO         2709    .ARM.Collect$$rtentry$$0000000A  c_w.l(__rtentry2.o)
    0x08000216   0x08000216   0x00000000   Code   RO         2711    .ARM.Collect$$rtentry$$0000000C  c_w.l(__rtentry2.o)
    0x08000216   0x08000216   0x00000008   Code   RO         2712    .ARM.Collect$$rtentry$$0000000D  c_w.l(__rtentry2.o)
    0x0800021e   0x0800021e   0x00000002   Code   RO         2770    .ARM.Collect$$rtexit$$00000000  c_w.l(rtexit.o)
    0x08000220   0x08000220   0x00000000   Code   RO         2789    .ARM.Collect$$rtexit$$00000002  c_w.l(rtexit2.o)
    0x08000220   0x08000220   0x00000004   Code   RO         2790    .ARM.Collect$$rtexit$$00000003  c_w.l(rtexit2.o)
    0x08000224   0x08000224   0x00000006   Code   RO         2791    .ARM.Collect$$rtexit$$00000004  c_w.l(rtexit2.o)
    0x0800022a   0x0800022a   0x00000002   PAD
    0x0800022c   0x0800022c   0x00000040   Code   RO            4    .text               startup_stm32f407xx.o
    0x0800026c   0x0800026c   0x000000ee   Code   RO         2491    .text               c_w.l(lludivv7m.o)
    0x0800035a   0x0800035a   0x0000008a   Code   RO         2493    .text               c_w.l(rt_memcpy_v6.o)
    0x080003e4   0x080003e4   0x0000004e   Code   RO         2495    .text               c_w.l(rt_memclr_w.o)
    0x08000432   0x08000432   0x00000006   Code   RO         2497    .text               c_w.l(heapauxi.o)
    0x08000438   0x08000438   0x00000024   Code   RO         2504    .text               c_w.l(init_aeabi.o)
    0x0800045c   0x0800045c   0x00000064   Code   RO         2564    .text               c_w.l(rt_memcpy_w.o)
    0x080004c0   0x080004c0   0x0000000c   Code   RO         2701    .text               c_w.l(sys_exit.o)
    0x080004cc   0x080004cc   0x00000008   Code   RO         2736    .text               c_w.l(libspace.o)
    0x080004d4   0x080004d4   0x00000002   Code   RO         2739    .text               c_w.l(use_no_semi.o)
    0x080004d6   0x080004d6   0x00000000   Code   RO         2741    .text               c_w.l(indicate_semi.o)
    0x080004d6   0x080004d6   0x0000004a   Code   RO         2742    .text               c_w.l(sys_stackheap_outer.o)
    0x08000520   0x08000520   0x00000012   Code   RO         2746    .text               c_w.l(exit.o)
    0x08000532   0x08000532   0x00000002   Code   RO          184    .text.BusFault_Handler  stm32f4xx_it.o
    0x08000534   0x08000534   0x00000008   Code   RO          208    .text.CAN1_RX0_IRQHandler  stm32f4xx_it.o
    0x0800053c   0x0800053c   0x0000000c   Code   RO          210    .text.CAN1_RX1_IRQHandler  stm32f4xx_it.o
    0x08000548   0x08000548   0x00000008   Code   RO          228    .text.CAN2_RX0_IRQHandler  stm32f4xx_it.o
    0x08000550   0x08000550   0x0000000c   Code   RO          230    .text.CAN2_RX1_IRQHandler  stm32f4xx_it.o
    0x0800055c   0x0800055c   0x00000064   Code   RO         2168    .text.CAN_Init      drv_can.o
    0x080005c0   0x080005c0   0x0000001c   Code   RO         2170    .text.CAN_Send_Data  drv_can.o
    0x080005dc   0x080005dc   0x00000004   Code   RO          316    .text.CDC_Control_FS  usbd_cdc_if.o
    0x080005e0   0x080005e0   0x00000004   Code   RO          314    .text.CDC_DeInit_FS  usbd_cdc_if.o
    0x080005e4   0x080005e4   0x00000024   Code   RO          312    .text.CDC_Init_FS   usbd_cdc_if.o
    0x08000608   0x08000608   0x0000001c   Code   RO          318    .text.CDC_Receive_FS  usbd_cdc_if.o
    0x08000624   0x08000624   0x00000004   Code   RO          320    .text.CDC_TransmitCplt_FS  usbd_cdc_if.o
    0x08000628   0x08000628   0x0000000c   Code   RO          202    .text.DMA1_Stream1_IRQHandler  stm32f4xx_it.o
    0x08000634   0x08000634   0x0000000c   Code   RO          204    .text.DMA1_Stream2_IRQHandler  stm32f4xx_it.o
    0x08000640   0x08000640   0x0000000c   Code   RO          206    .text.DMA1_Stream4_IRQHandler  stm32f4xx_it.o
    0x0800064c   0x0800064c   0x0000000c   Code   RO          222    .text.DMA2_Stream1_IRQHandler  stm32f4xx_it.o
    0x08000658   0x08000658   0x0000000c   Code   RO          224    .text.DMA2_Stream2_IRQHandler  stm32f4xx_it.o
    0x08000664   0x08000664   0x0000000c   Code   RO          226    .text.DMA2_Stream3_IRQHandler  stm32f4xx_it.o
    0x08000670   0x08000670   0x0000000c   Code   RO          234    .text.DMA2_Stream5_IRQHandler  stm32f4xx_it.o
    0x0800067c   0x0800067c   0x0000000c   Code   RO          236    .text.DMA2_Stream6_IRQHandler  stm32f4xx_it.o
    0x08000688   0x08000688   0x0000000c   Code   RO          238    .text.DMA2_Stream7_IRQHandler  stm32f4xx_it.o
    0x08000694   0x08000694   0x00000038   Code   RO          807    .text.DMA_CalcBaseAndBitshift  stm32f4xx_hal_dma.o
    0x080006cc   0x080006cc   0x00000002   Code   RO          190    .text.DebugMon_Handler  stm32f4xx_it.o
    0x080006ce   0x080006ce   0x00000006   Code   RO          196    .text.EXTI0_IRQHandler  stm32f4xx_it.o
    0x080006d4   0x080006d4   0x00000006   Code   RO          198    .text.EXTI3_IRQHandler  stm32f4xx_it.o
    0x080006da   0x080006da   0x00000006   Code   RO          200    .text.EXTI4_IRQHandler  stm32f4xx_it.o
    0x080006e0   0x080006e0   0x00000006   Code   RO          212    .text.EXTI9_5_IRQHandler  stm32f4xx_it.o
    0x080006e6   0x080006e6   0x00000004   Code   RO           15    .text.Error_Handler  main.o
    0x080006ea   0x080006ea   0x00000028   Code   RO         1092    .text.HAL_CAN_ActivateNotification  stm32f4xx_hal_can.o
    0x08000712   0x08000712   0x00000090   Code   RO         1078    .text.HAL_CAN_AddTxMessage  stm32f4xx_hal_can.o
    0x080007a2   0x080007a2   0x00000002   PAD
    0x080007a4   0x080007a4   0x000000e0   Code   RO         1068    .text.HAL_CAN_ConfigFilter  stm32f4xx_hal_can.o
    0x08000884   0x08000884   0x00000002   Code   RO         1122    .text.HAL_CAN_ErrorCallback  stm32f4xx_hal_can.o
    0x08000886   0x08000886   0x00000124   Code   RO         1088    .text.HAL_CAN_GetRxMessage  stm32f4xx_hal_can.o
    0x080009aa   0x080009aa   0x00000002   PAD
    0x080009ac   0x080009ac   0x00000206   Code   RO         1096    .text.HAL_CAN_IRQHandler  stm32f4xx_hal_can.o
    0x08000bb2   0x08000bb2   0x000000fc   Code   RO         1058    .text.HAL_CAN_Init  stm32f4xx_hal_can.o
    0x08000cae   0x08000cae   0x00000002   PAD
    0x08000cb0   0x08000cb0   0x0000012c   Code   RO           46    .text.HAL_CAN_MspInit  can.o
    0x08000ddc   0x08000ddc   0x00000002   Code   RO         1110    .text.HAL_CAN_RxFifo0FullCallback  stm32f4xx_hal_can.o
    0x08000dde   0x08000dde   0x00000002   PAD
    0x08000de0   0x08000de0   0x00000044   Code   RO         2174    .text.HAL_CAN_RxFifo0MsgPendingCallback  drv_can.o
    0x08000e24   0x08000e24   0x00000002   Code   RO         1114    .text.HAL_CAN_RxFifo1FullCallback  stm32f4xx_hal_can.o
    0x08000e26   0x08000e26   0x00000002   PAD
    0x08000e28   0x08000e28   0x00000050   Code   RO         2176    .text.HAL_CAN_RxFifo1MsgPendingCallback  drv_can.o
    0x08000e78   0x08000e78   0x00000002   Code   RO         1118    .text.HAL_CAN_SleepCallback  stm32f4xx_hal_can.o
    0x08000e7a   0x08000e7a   0x00000058   Code   RO         1070    .text.HAL_CAN_Start  stm32f4xx_hal_can.o
    0x08000ed2   0x08000ed2   0x00000002   Code   RO         1100    .text.HAL_CAN_TxMailbox0AbortCallback  stm32f4xx_hal_can.o
    0x08000ed4   0x08000ed4   0x00000002   Code   RO         1098    .text.HAL_CAN_TxMailbox0CompleteCallback  stm32f4xx_hal_can.o
    0x08000ed6   0x08000ed6   0x00000002   Code   RO         1104    .text.HAL_CAN_TxMailbox1AbortCallback  stm32f4xx_hal_can.o
    0x08000ed8   0x08000ed8   0x00000002   Code   RO         1102    .text.HAL_CAN_TxMailbox1CompleteCallback  stm32f4xx_hal_can.o
    0x08000eda   0x08000eda   0x00000002   Code   RO         1108    .text.HAL_CAN_TxMailbox2AbortCallback  stm32f4xx_hal_can.o
    0x08000edc   0x08000edc   0x00000002   Code   RO         1106    .text.HAL_CAN_TxMailbox2CompleteCallback  stm32f4xx_hal_can.o
    0x08000ede   0x08000ede   0x00000002   Code   RO         1120    .text.HAL_CAN_WakeUpFromRxMsgCallback  stm32f4xx_hal_can.o
    0x08000ee0   0x08000ee0   0x00000084   Code   RO          815    .text.HAL_DMA_Abort  stm32f4xx_hal_dma.o
    0x08000f64   0x08000f64   0x00000024   Code   RO          817    .text.HAL_DMA_Abort_IT  stm32f4xx_hal_dma.o
    0x08000f88   0x08000f88   0x00000180   Code   RO          821    .text.HAL_DMA_IRQHandler  stm32f4xx_hal_dma.o
    0x08001108   0x08001108   0x0000012c   Code   RO          805    .text.HAL_DMA_Init  stm32f4xx_hal_dma.o
    0x08001234   0x08001234   0x000000a0   Code   RO          813    .text.HAL_DMA_Start_IT  stm32f4xx_hal_dma.o
    0x080012d4   0x080012d4   0x00000028   Code   RO          983    .text.HAL_Delay     stm32f4xx_hal.o
    0x080012fc   0x080012fc   0x00000002   Code   RO          775    .text.HAL_GPIO_EXTI_Callback  stm32f4xx_hal_gpio.o
    0x080012fe   0x080012fe   0x00000002   PAD
    0x08001300   0x08001300   0x00000014   Code   RO          773    .text.HAL_GPIO_EXTI_IRQHandler  stm32f4xx_hal_gpio.o
    0x08001314   0x08001314   0x00000190   Code   RO          761    .text.HAL_GPIO_Init  stm32f4xx_hal_gpio.o
    0x080014a4   0x080014a4   0x0000000a   Code   RO          767    .text.HAL_GPIO_WritePin  stm32f4xx_hal_gpio.o
    0x080014ae   0x080014ae   0x00000002   PAD
    0x080014b0   0x080014b0   0x0000000c   Code   RO          975    .text.HAL_GetTick   stm32f4xx_hal.o
    0x080014bc   0x080014bc   0x00000170   Code   RO         1141    .text.HAL_I2C_Init  stm32f4xx_hal_i2c.o
    0x0800162c   0x0800162c   0x00000120   Code   RO           79    .text.HAL_I2C_MspInit  i2c.o
    0x0800174c   0x0800174c   0x0000000c   Code   RO          973    .text.HAL_IncTick   stm32f4xx_hal.o
    0x08001758   0x08001758   0x00000034   Code   RO          963    .text.HAL_Init      stm32f4xx_hal.o
    0x0800178c   0x0800178c   0x00000040   Code   RO          965    .text.HAL_InitTick  stm32f4xx_hal.o
    0x080017cc   0x080017cc   0x00000038   Code   RO          253    .text.HAL_MspInit   stm32f4xx_hal_msp.o
    0x08001804   0x08001804   0x0000001c   Code   RO          914    .text.HAL_NVIC_EnableIRQ  stm32f4xx_hal_cortex.o
    0x08001820   0x08001820   0x00000058   Code   RO          912    .text.HAL_NVIC_SetPriority  stm32f4xx_hal_cortex.o
    0x08001878   0x08001878   0x00000020   Code   RO          910    .text.HAL_NVIC_SetPriorityGrouping  stm32f4xx_hal_cortex.o
    0x08001898   0x08001898   0x00000002   Code   RO          498    .text.HAL_PCDEx_LPM_Callback  stm32f4xx_hal_pcd_ex.o
    0x0800189a   0x0800189a   0x00000008   Code   RO          496    .text.HAL_PCDEx_SetRxFiFo  stm32f4xx_hal_pcd_ex.o
    0x080018a2   0x080018a2   0x00000050   Code   RO          494    .text.HAL_PCDEx_SetTxFiFo  stm32f4xx_hal_pcd_ex.o
    0x080018f2   0x080018f2   0x00000008   Code   RO          360    .text.HAL_PCD_ConnectCallback  usbd_conf.o
    0x080018fa   0x080018fa   0x00000012   Code   RO          346    .text.HAL_PCD_DataInStageCallback  usbd_conf.o
    0x0800190c   0x0800190c   0x00000014   Code   RO          344    .text.HAL_PCD_DataOutStageCallback  usbd_conf.o
    0x08001920   0x08001920   0x00000008   Code   RO          362    .text.HAL_PCD_DisconnectCallback  usbd_conf.o
    0x08001928   0x08001928   0x00000022   Code   RO          441    .text.HAL_PCD_EP_Abort  stm32f4xx_hal_pcd.o
    0x0800194a   0x0800194a   0x0000004a   Code   RO          461    .text.HAL_PCD_EP_Close  stm32f4xx_hal_pcd.o
    0x08001994   0x08001994   0x00000058   Code   RO          471    .text.HAL_PCD_EP_ClrStall  stm32f4xx_hal_pcd.o
    0x080019ec   0x080019ec   0x00000012   Code   RO          465    .text.HAL_PCD_EP_GetRxCount  stm32f4xx_hal_pcd.o
    0x080019fe   0x080019fe   0x00000062   Code   RO          459    .text.HAL_PCD_EP_Open  stm32f4xx_hal_pcd.o
    0x08001a60   0x08001a60   0x0000003a   Code   RO          463    .text.HAL_PCD_EP_Receive  stm32f4xx_hal_pcd.o
    0x08001a9a   0x08001a9a   0x0000006a   Code   RO          469    .text.HAL_PCD_EP_SetStall  stm32f4xx_hal_pcd.o
    0x08001b04   0x08001b04   0x0000003a   Code   RO          467    .text.HAL_PCD_EP_Transmit  stm32f4xx_hal_pcd.o
    0x08001b3e   0x08001b3e   0x00000002   PAD
    0x08001b40   0x08001b40   0x00000760   Code   RO          425    .text.HAL_PCD_IRQHandler  stm32f4xx_hal_pcd.o
    0x080022a0   0x080022a0   0x00000008   Code   RO          358    .text.HAL_PCD_ISOINIncompleteCallback  usbd_conf.o
    0x080022a8   0x080022a8   0x00000008   Code   RO          356    .text.HAL_PCD_ISOOUTIncompleteCallback  usbd_conf.o
    0x080022b0   0x080022b0   0x000000c4   Code   RO          413    .text.HAL_PCD_Init  stm32f4xx_hal_pcd.o
    0x08002374   0x08002374   0x00000084   Code   RO          338    .text.HAL_PCD_MspInit  usbd_conf.o
    0x080023f8   0x080023f8   0x0000002a   Code   RO          350    .text.HAL_PCD_ResetCallback  usbd_conf.o
    0x08002422   0x08002422   0x00000008   Code   RO          354    .text.HAL_PCD_ResumeCallback  usbd_conf.o
    0x0800242a   0x0800242a   0x00000008   Code   RO          348    .text.HAL_PCD_SOFCallback  usbd_conf.o
    0x08002432   0x08002432   0x00000028   Code   RO          457    .text.HAL_PCD_SetAddress  stm32f4xx_hal_pcd.o
    0x0800245a   0x0800245a   0x0000000e   Code   RO          342    .text.HAL_PCD_SetupStageCallback  usbd_conf.o
    0x08002468   0x08002468   0x00000042   Code   RO          421    .text.HAL_PCD_Start  stm32f4xx_hal_pcd.o
    0x080024aa   0x080024aa   0x00000002   PAD
    0x080024ac   0x080024ac   0x00000030   Code   RO          352    .text.HAL_PCD_SuspendCallback  usbd_conf.o
    0x080024dc   0x080024dc   0x0000012c   Code   RO          626    .text.HAL_RCC_ClockConfig  stm32f4xx_hal_rcc.o
    0x08002608   0x08002608   0x00000008   Code   RO          636    .text.HAL_RCC_GetHCLKFreq  stm32f4xx_hal_rcc.o
    0x08002610   0x08002610   0x00000014   Code   RO          638    .text.HAL_RCC_GetPCLK1Freq  stm32f4xx_hal_rcc.o
    0x08002624   0x08002624   0x00000020   Code   RO          640    .text.HAL_RCC_GetPCLK2Freq  stm32f4xx_hal_rcc.o
    0x08002644   0x08002644   0x0000005c   Code   RO          628    .text.HAL_RCC_GetSysClockFreq  stm32f4xx_hal_rcc.o
    0x080026a0   0x080026a0   0x00000374   Code   RO          624    .text.HAL_RCC_OscConfig  stm32f4xx_hal_rcc.o
    0x08002a14   0x08002a14   0x000000c4   Code   RO         1284    .text.HAL_SPI_Init  stm32f4xx_hal_spi.o
    0x08002ad8   0x08002ad8   0x00000130   Code   RO           99    .text.HAL_SPI_MspInit  spi.o
    0x08002c08   0x08002c08   0x00000028   Code   RO          920    .text.HAL_SYSTICK_Config  stm32f4xx_hal_cortex.o
    0x08002c30   0x08002c30   0x00000002   Code   RO         1725    .text.HAL_TIMEx_BreakCallback  stm32f4xx_hal_tim_ex.o
    0x08002c32   0x08002c32   0x00000002   Code   RO         1721    .text.HAL_TIMEx_CommutCallback  stm32f4xx_hal_tim_ex.o
    0x08002c34   0x08002c34   0x00000050   Code   RO         1717    .text.HAL_TIMEx_ConfigBreakDeadTime  stm32f4xx_hal_tim_ex.o
    0x08002c84   0x08002c84   0x0000007c   Code   RO         1715    .text.HAL_TIMEx_MasterConfigSynchronization  stm32f4xx_hal_tim_ex.o
    0x08002d00   0x08002d00   0x00000058   Code   RO         1405    .text.HAL_TIM_Base_Init  stm32f4xx_hal_tim.o
    0x08002d58   0x08002d58   0x000000c0   Code   RO          129    .text.HAL_TIM_Base_MspInit  tim.o
    0x08002e18   0x08002e18   0x00000080   Code   RO         1419    .text.HAL_TIM_Base_Start_IT  stm32f4xx_hal_tim.o
    0x08002e98   0x08002e98   0x000000f8   Code   RO         1593    .text.HAL_TIM_ConfigClockSource  stm32f4xx_hal_tim.o
    0x08002f90   0x08002f90   0x00000002   Code   RO         1541    .text.HAL_TIM_IC_CaptureCallback  stm32f4xx_hal_tim.o
    0x08002f92   0x08002f92   0x0000011a   Code   RO         1539    .text.HAL_TIM_IRQHandler  stm32f4xx_hal_tim.o
    0x080030ac   0x080030ac   0x0000008c   Code   RO          119    .text.HAL_TIM_MspPostInit  tim.o
    0x08003138   0x08003138   0x00000002   Code   RO         1543    .text.HAL_TIM_OC_DelayElapsedCallback  stm32f4xx_hal_tim.o
    0x0800313a   0x0800313a   0x00000002   PAD
    0x0800313c   0x0800313c   0x0000009a   Code   RO         1567    .text.HAL_TIM_PWM_ConfigChannel  stm32f4xx_hal_tim.o
    0x080031d6   0x080031d6   0x00000058   Code   RO         1459    .text.HAL_TIM_PWM_Init  stm32f4xx_hal_tim.o
    0x0800322e   0x0800322e   0x00000002   Code   RO         1461    .text.HAL_TIM_PWM_MspInit  stm32f4xx_hal_tim.o
    0x08003230   0x08003230   0x00000002   Code   RO         1545    .text.HAL_TIM_PWM_PulseFinishedCallback  stm32f4xx_hal_tim.o
    0x08003232   0x08003232   0x00000002   PAD
    0x08003234   0x08003234   0x000000e4   Code   RO         2233    .text.HAL_TIM_PeriodElapsedCallback  drv_tim.o
    0x08003318   0x08003318   0x00000002   Code   RO         1549    .text.HAL_TIM_TriggerCallback  stm32f4xx_hal_tim.o
    0x0800331a   0x0800331a   0x00000056   Code   RO         1796    .text.HAL_UARTEx_ReceiveToIdle_DMA  stm32f4xx_hal_uart.o
    0x08003370   0x08003370   0x000000f0   Code   RO         2253    .text.HAL_UARTEx_RxEventCallback  drv_uart.o
    0x08003460   0x08003460   0x00000074   Code   RO         1786    .text.HAL_UART_DMAStop  stm32f4xx_hal_uart.o
    0x080034d4   0x080034d4   0x00000002   Code   RO         1832    .text.HAL_UART_ErrorCallback  stm32f4xx_hal_uart.o
    0x080034d6   0x080034d6   0x00000002   PAD
    0x080034d8   0x080034d8   0x000002b8   Code   RO         1826    .text.HAL_UART_IRQHandler  stm32f4xx_hal_uart.o
    0x08003790   0x08003790   0x0000005e   Code   RO         1742    .text.HAL_UART_Init  stm32f4xx_hal_uart.o
    0x080037ee   0x080037ee   0x00000002   PAD
    0x080037f0   0x080037f0   0x000002b8   Code   RO          155    .text.HAL_UART_MspInit  usart.o
    0x08003aa8   0x08003aa8   0x00000002   Code   RO         1840    .text.HAL_UART_RxCpltCallback  stm32f4xx_hal_uart.o
    0x08003aaa   0x08003aaa   0x00000002   Code   RO         1842    .text.HAL_UART_RxHalfCpltCallback  stm32f4xx_hal_uart.o
    0x08003aac   0x08003aac   0x00000002   Code   RO         1836    .text.HAL_UART_TxCpltCallback  stm32f4xx_hal_uart.o
    0x08003aae   0x08003aae   0x00000002   Code   RO          180    .text.HardFault_Handler  stm32f4xx_it.o
    0x08003ab0   0x08003ab0   0x00000032   Code   RO          294    .text.IntToUnicode  usbd_desc.o
    0x08003ae2   0x08003ae2   0x00000002   PAD
    0x08003ae4   0x08003ae4   0x0000003c   Code   RO           42    .text.MX_CAN1_Init  can.o
    0x08003b20   0x08003b20   0x00000040   Code   RO           44    .text.MX_CAN2_Init  can.o
    0x08003b60   0x08003b60   0x000000a4   Code   RO           64    .text.MX_DMA_Init   dma.o
    0x08003c04   0x08003c04   0x00000180   Code   RO           29    .text.MX_GPIO_Init  gpio.o
    0x08003d84   0x08003d84   0x0000003c   Code   RO           77    .text.MX_I2C3_Init  i2c.o
    0x08003dc0   0x08003dc0   0x0000004c   Code   RO           97    .text.MX_SPI1_Init  spi.o
    0x08003e0c   0x08003e0c   0x00000068   Code   RO          127    .text.MX_TIM10_Init  tim.o
    0x08003e74   0x08003e74   0x000000c8   Code   RO          117    .text.MX_TIM1_Init  tim.o
    0x08003f3c   0x08003f3c   0x00000060   Code   RO          121    .text.MX_TIM3_Init  tim.o
    0x08003f9c   0x08003f9c   0x0000005c   Code   RO          123    .text.MX_TIM4_Init  tim.o
    0x08003ff8   0x08003ff8   0x0000005c   Code   RO          125    .text.MX_TIM5_Init  tim.o
    0x08004054   0x08004054   0x00000038   Code   RO          149    .text.MX_USART1_UART_Init  usart.o
    0x0800408c   0x0800408c   0x00000040   Code   RO          151    .text.MX_USART3_UART_Init  usart.o
    0x080040cc   0x080040cc   0x00000038   Code   RO          153    .text.MX_USART6_UART_Init  usart.o
    0x08004104   0x08004104   0x00000050   Code   RO          266    .text.MX_USB_DEVICE_Init  usb_device.o
    0x08004154   0x08004154   0x00000002   Code   RO          182    .text.MemManage_Handler  stm32f4xx_it.o
    0x08004156   0x08004156   0x00000002   Code   RO          178    .text.NMI_Handler   stm32f4xx_it.o
    0x08004158   0x08004158   0x0000000c   Code   RO          232    .text.OTG_FS_IRQHandler  stm32f4xx_it.o
    0x08004164   0x08004164   0x00000002   Code   RO          192    .text.PendSV_Handler  stm32f4xx_it.o
    0x08004166   0x08004166   0x00000002   Code   RO          188    .text.SVC_Handler   stm32f4xx_it.o
    0x08004168   0x08004168   0x00000004   Code   RO          194    .text.SysTick_Handler  stm32f4xx_it.o
    0x0800416c   0x0800416c   0x000000a0   Code   RO           13    .text.SystemClock_Config  main.o
    0x0800420c   0x0800420c   0x00000010   Code   RO         1873    .text.SystemInit    system_stm32f4xx.o
    0x0800421c   0x0800421c   0x0000000c   Code   RO          214    .text.TIM4_IRQHandler  stm32f4xx_it.o
    0x08004228   0x08004228   0x0000000c   Code   RO          220    .text.TIM5_IRQHandler  stm32f4xx_it.o
    0x08004234   0x08004234   0x000000c4   Code   RO         1409    .text.TIM_Base_SetConfig  stm32f4xx_hal_tim.o
    0x080042f8   0x080042f8   0x00000014   Code   RO         2172    .text.TIM_CAN_PeriodElapsedCallback  drv_can.o
    0x0800430c   0x0800430c   0x00000118   Code   RO         2231    .text.TIM_Init      drv_tim.o
    0x08004424   0x08004424   0x00000060   Code   RO         1553    .text.TIM_OC1_SetConfig  stm32f4xx_hal_tim.o
    0x08004484   0x08004484   0x00000068   Code   RO         1555    .text.TIM_OC2_SetConfig  stm32f4xx_hal_tim.o
    0x080044ec   0x080044ec   0x00000068   Code   RO         1557    .text.TIM_OC3_SetConfig  stm32f4xx_hal_tim.o
    0x08004554   0x08004554   0x00000050   Code   RO         1559    .text.TIM_OC4_SetConfig  stm32f4xx_hal_tim.o
    0x080045a4   0x080045a4   0x00000022   Code   RO         1595    .text.TIM_TI1_ConfigInputStage  stm32f4xx_hal_tim.o
    0x080045c6   0x080045c6   0x00000024   Code   RO         1597    .text.TIM_TI2_ConfigInputStage  stm32f4xx_hal_tim.o
    0x080045ea   0x080045ea   0x00000002   PAD
    0x080045ec   0x080045ec   0x00000070   Code   RO         2334    .text.Task_Init     task.o
    0x0800465c   0x0800465c   0x00000002   Code   RO         2336    .text.Task_Loop     task.o
    0x0800465e   0x0800465e   0x0000000a   Code   RO         1830    .text.UART_DMAAbortOnError  stm32f4xx_hal_uart.o
    0x08004668   0x08004668   0x0000004e   Code   RO         1776    .text.UART_DMAError  stm32f4xx_hal_uart.o
    0x080046b6   0x080046b6   0x0000008c   Code   RO         1858    .text.UART_DMAReceiveCplt  stm32f4xx_hal_uart.o
    0x08004742   0x08004742   0x00000018   Code   RO         1860    .text.UART_DMARxHalfCplt  stm32f4xx_hal_uart.o
    0x0800475a   0x0800475a   0x0000004e   Code   RO         1790    .text.UART_EndRxTransfer  stm32f4xx_hal_uart.o
    0x080047a8   0x080047a8   0x0000001c   Code   RO         1788    .text.UART_EndTxTransfer  stm32f4xx_hal_uart.o
    0x080047c4   0x080047c4   0x000000d0   Code   RO         2247    .text.UART_Init     drv_uart.o
    0x08004894   0x08004894   0x000000ca   Code   RO         1828    .text.UART_Receive_IT  stm32f4xx_hal_uart.o
    0x0800495e   0x0800495e   0x00000002   PAD
    0x08004960   0x08004960   0x000000cc   Code   RO         1746    .text.UART_SetConfig  stm32f4xx_hal_uart.o
    0x08004a2c   0x08004a2c   0x000000a0   Code   RO         1780    .text.UART_Start_Receive_DMA  stm32f4xx_hal_uart.o
    0x08004acc   0x08004acc   0x0000000c   Code   RO          216    .text.USART1_IRQHandler  stm32f4xx_it.o
    0x08004ad8   0x08004ad8   0x0000000c   Code   RO          218    .text.USART3_IRQHandler  stm32f4xx_it.o
    0x08004ae4   0x08004ae4   0x0000000c   Code   RO          240    .text.USART6_IRQHandler  stm32f4xx_it.o
    0x08004af0   0x08004af0   0x00000070   Code   RO         2007    .text.USBD_CDC_DataIn  usbd_cdc.o
    0x08004b60   0x08004b60   0x0000003e   Code   RO         2009    .text.USBD_CDC_DataOut  usbd_cdc.o
    0x08004b9e   0x08004b9e   0x00000002   PAD
    0x08004ba0   0x08004ba0   0x00000060   Code   RO         2001    .text.USBD_CDC_DeInit  usbd_cdc.o
    0x08004c00   0x08004c00   0x00000038   Code   RO         2005    .text.USBD_CDC_EP0_RxReady  usbd_cdc.o
    0x08004c38   0x08004c38   0x0000000c   Code   RO         2017    .text.USBD_CDC_GetDeviceQualifierDescriptor  usbd_cdc.o
    0x08004c44   0x08004c44   0x00000040   Code   RO         2013    .text.USBD_CDC_GetFSCfgDesc  usbd_cdc.o
    0x08004c84   0x08004c84   0x00000044   Code   RO         2011    .text.USBD_CDC_GetHSCfgDesc  usbd_cdc.o
    0x08004cc8   0x08004cc8   0x00000048   Code   RO         2015    .text.USBD_CDC_GetOtherSpeedCfgDesc  usbd_cdc.o
    0x08004d10   0x08004d10   0x000000da   Code   RO         1999    .text.USBD_CDC_Init  usbd_cdc.o
    0x08004dea   0x08004dea   0x00000032   Code   RO         2027    .text.USBD_CDC_ReceivePacket  usbd_cdc.o
    0x08004e1c   0x08004e1c   0x00000018   Code   RO         2019    .text.USBD_CDC_RegisterInterface  usbd_cdc.o
    0x08004e34   0x08004e34   0x0000001c   Code   RO         2023    .text.USBD_CDC_SetRxBuffer  usbd_cdc.o
    0x08004e50   0x08004e50   0x00000020   Code   RO         2021    .text.USBD_CDC_SetTxBuffer  usbd_cdc.o
    0x08004e70   0x08004e70   0x000000c6   Code   RO         2003    .text.USBD_CDC_Setup  usbd_cdc.o
    0x08004f36   0x08004f36   0x00000012   Code   RO         1905    .text.USBD_ClrClassConfig  usbd_core.o
    0x08004f48   0x08004f48   0x00000004   Code   RO         1913    .text.USBD_CoreFindEP  usbd_core.o
    0x08004f4c   0x08004f4c   0x00000004   Code   RO         1911    .text.USBD_CoreFindIF  usbd_core.o
    0x08004f50   0x08004f50   0x00000010   Code   RO         1980    .text.USBD_CtlContinueRx  usbd_ioreq.o
    0x08004f60   0x08004f60   0x00000010   Code   RO         1976    .text.USBD_CtlContinueSendData  usbd_ioreq.o
    0x08004f70   0x08004f70   0x00000016   Code   RO         1952    .text.USBD_CtlError  usbd_ctlreq.o
    0x08004f86   0x08004f86   0x0000001e   Code   RO         1978    .text.USBD_CtlPrepareRx  usbd_ioreq.o
    0x08004fa4   0x08004fa4   0x00000016   Code   RO         1984    .text.USBD_CtlReceiveStatus  usbd_ioreq.o
    0x08004fba   0x08004fba   0x0000001c   Code   RO         1974    .text.USBD_CtlSendData  usbd_ioreq.o
    0x08004fd6   0x08004fd6   0x00000016   Code   RO         1982    .text.USBD_CtlSendStatus  usbd_ioreq.o
    0x08004fec   0x08004fec   0x00000024   Code   RO          290    .text.USBD_FS_ConfigStrDescriptor  usbd_desc.o
    0x08005010   0x08005010   0x0000000c   Code   RO          280    .text.USBD_FS_DeviceDescriptor  usbd_desc.o
    0x0800501c   0x0800501c   0x00000028   Code   RO          292    .text.USBD_FS_InterfaceStrDescriptor  usbd_desc.o
    0x08005044   0x08005044   0x0000000c   Code   RO          282    .text.USBD_FS_LangIDStrDescriptor  usbd_desc.o
    0x08005050   0x08005050   0x0000002c   Code   RO          284    .text.USBD_FS_ManufacturerStrDescriptor  usbd_desc.o
    0x0800507c   0x0800507c   0x00000030   Code   RO          286    .text.USBD_FS_ProductStrDescriptor  usbd_desc.o
    0x080050ac   0x080050ac   0x00000038   Code   RO          288    .text.USBD_FS_SerialStrDescriptor  usbd_desc.o
    0x080050e4   0x080050e4   0x0000002a   Code   RO         1935    .text.USBD_GetEpDesc  usbd_core.o
    0x0800510e   0x0800510e   0x00000084   Code   RO         1960    .text.USBD_GetString  usbd_ctlreq.o
    0x08005192   0x08005192   0x00000028   Code   RO         1891    .text.USBD_Init     usbd_core.o
    0x080051ba   0x080051ba   0x00000002   PAD
    0x080051bc   0x080051bc   0x00000020   Code   RO          382    .text.USBD_LL_ClearStallEP  usbd_conf.o
    0x080051dc   0x080051dc   0x00000020   Code   RO          376    .text.USBD_LL_CloseEP  usbd_conf.o
    0x080051fc   0x080051fc   0x000000b2   Code   RO         1915    .text.USBD_LL_DataInStage  usbd_core.o
    0x080052ae   0x080052ae   0x0000007e   Code   RO         1909    .text.USBD_LL_DataOutStage  usbd_core.o
    0x0800532c   0x0800532c   0x00000004   Code   RO         1931    .text.USBD_LL_DevConnected  usbd_core.o
    0x08005330   0x08005330   0x00000020   Code   RO         1933    .text.USBD_LL_DevDisconnected  usbd_core.o
    0x08005350   0x08005350   0x00000008   Code   RO          392    .text.USBD_LL_GetRxDataSize  usbd_conf.o
    0x08005358   0x08005358   0x00000064   Code   RO          364    .text.USBD_LL_Init  usbd_conf.o
    0x080053bc   0x080053bc   0x00000022   Code   RO          384    .text.USBD_LL_IsStallEP  usbd_conf.o
    0x080053de   0x080053de   0x00000030   Code   RO         1927    .text.USBD_LL_IsoINIncomplete  usbd_core.o
    0x0800540e   0x0800540e   0x00000030   Code   RO         1929    .text.USBD_LL_IsoOUTIncomplete  usbd_core.o
    0x0800543e   0x0800543e   0x00000002   PAD
    0x08005440   0x08005440   0x00000024   Code   RO          374    .text.USBD_LL_OpenEP  usbd_conf.o
    0x08005464   0x08005464   0x00000020   Code   RO          390    .text.USBD_LL_PrepareReceive  usbd_conf.o
    0x08005484   0x08005484   0x00000064   Code   RO         1917    .text.USBD_LL_Reset  usbd_core.o
    0x080054e8   0x080054e8   0x00000014   Code   RO         1923    .text.USBD_LL_Resume  usbd_core.o
    0x080054fc   0x080054fc   0x0000001e   Code   RO         1925    .text.USBD_LL_SOF   usbd_core.o
    0x0800551a   0x0800551a   0x00000006   Code   RO         1919    .text.USBD_LL_SetSpeed  usbd_core.o
    0x08005520   0x08005520   0x00000024   Code   RO          386    .text.USBD_LL_SetUSBAddress  usbd_conf.o
    0x08005544   0x08005544   0x00000060   Code   RO         1907    .text.USBD_LL_SetupStage  usbd_core.o
    0x080055a4   0x080055a4   0x00000024   Code   RO          380    .text.USBD_LL_StallEP  usbd_conf.o
    0x080055c8   0x080055c8   0x00000020   Code   RO          370    .text.USBD_LL_Start  usbd_conf.o
    0x080055e8   0x080055e8   0x0000001a   Code   RO         1921    .text.USBD_LL_Suspend  usbd_core.o
    0x08005602   0x08005602   0x00000002   PAD
    0x08005604   0x08005604   0x00000024   Code   RO          388    .text.USBD_LL_Transmit  usbd_conf.o
    0x08005628   0x08005628   0x00000028   Code   RO         1958    .text.USBD_ParseSetupRequest  usbd_ctlreq.o
    0x08005650   0x08005650   0x00000042   Code   RO         1895    .text.USBD_RegisterClass  usbd_core.o
    0x08005692   0x08005692   0x0000000e   Code   RO         1903    .text.USBD_SetClassConfig  usbd_core.o
    0x080056a0   0x080056a0   0x00000004   Code   RO         1897    .text.USBD_Start    usbd_core.o
    0x080056a4   0x080056a4   0x000002d8   Code   RO         1950    .text.USBD_StdDevReq  usbd_ctlreq.o
    0x0800597c   0x0800597c   0x00000156   Code   RO         1956    .text.USBD_StdEPReq  usbd_ctlreq.o
    0x08005ad2   0x08005ad2   0x00000074   Code   RO         1954    .text.USBD_StdItfReq  usbd_ctlreq.o
    0x08005b46   0x08005b46   0x00000002   Code   RO          396    .text.USBD_static_free  usbd_conf.o
    0x08005b48   0x08005b48   0x00000008   Code   RO          394    .text.USBD_static_malloc  usbd_conf.o
    0x08005b50   0x08005b50   0x0000007c   Code   RO          537    .text.USB_ActivateEndpoint  stm32f4xx_ll_usb.o
    0x08005bcc   0x08005bcc   0x0000001e   Code   RO          579    .text.USB_ActivateSetup  stm32f4xx_ll_usb.o
    0x08005bea   0x08005bea   0x00000002   PAD
    0x08005bec   0x08005bec   0x00000088   Code   RO          513    .text.USB_CoreInit  stm32f4xx_ll_usb.o
    0x08005c74   0x08005c74   0x00000056   Code   RO          515    .text.USB_CoreReset  stm32f4xx_ll_usb.o
    0x08005cca   0x08005cca   0x00000002   PAD
    0x08005ccc   0x08005ccc   0x00000084   Code   RO          541    .text.USB_DeactivateEndpoint  stm32f4xx_ll_usb.o
    0x08005d50   0x08005d50   0x0000001c   Code   RO          561    .text.USB_DevConnect  stm32f4xx_ll_usb.o
    0x08005d6c   0x08005d6c   0x0000001c   Code   RO          563    .text.USB_DevDisconnect  stm32f4xx_ll_usb.o
    0x08005d88   0x08005d88   0x000001a8   Code   RO          527    .text.USB_DevInit   stm32f4xx_ll_usb.o
    0x08005f30   0x08005f30   0x0000000c   Code   RO          521    .text.USB_DisableGlobalInt  stm32f4xx_ll_usb.o
    0x08005f3c   0x08005f3c   0x00000058   Code   RO          581    .text.USB_EP0_OutStart  stm32f4xx_ll_usb.o
    0x08005f94   0x08005f94   0x00000032   Code   RO          555    .text.USB_EPClearStall  stm32f4xx_ll_usb.o
    0x08005fc6   0x08005fc6   0x00000038   Code   RO          553    .text.USB_EPSetStall  stm32f4xx_ll_usb.o
    0x08005ffe   0x08005ffe   0x00000002   PAD
    0x08006000   0x08006000   0x000001ac   Code   RO          545    .text.USB_EPStartXfer  stm32f4xx_ll_usb.o
    0x080061ac   0x080061ac   0x00000084   Code   RO          549    .text.USB_EPStopXfer  stm32f4xx_ll_usb.o
    0x08006230   0x08006230   0x0000000c   Code   RO          519    .text.USB_EnableGlobalInt  stm32f4xx_ll_usb.o
    0x0800623c   0x0800623c   0x00000046   Code   RO          533    .text.USB_FlushRxFifo  stm32f4xx_ll_usb.o
    0x08006282   0x08006282   0x0000004a   Code   RO          531    .text.USB_FlushTxFifo  stm32f4xx_ll_usb.o
    0x080062cc   0x080062cc   0x0000001e   Code   RO          535    .text.USB_GetDevSpeed  stm32f4xx_ll_usb.o
    0x080062ea   0x080062ea   0x00000008   Code   RO          525    .text.USB_GetMode   stm32f4xx_ll_usb.o
    0x080062f2   0x080062f2   0x0000000e   Code   RO          571    .text.USB_ReadDevAllInEpInterrupt  stm32f4xx_ll_usb.o
    0x08006300   0x08006300   0x0000000e   Code   RO          569    .text.USB_ReadDevAllOutEpInterrupt  stm32f4xx_ll_usb.o
    0x0800630e   0x0800630e   0x00000024   Code   RO          575    .text.USB_ReadDevInEPInterrupt  stm32f4xx_ll_usb.o
    0x08006332   0x08006332   0x00000010   Code   RO          573    .text.USB_ReadDevOutEPInterrupt  stm32f4xx_ll_usb.o
    0x08006342   0x08006342   0x00000008   Code   RO          565    .text.USB_ReadInterrupts  stm32f4xx_ll_usb.o
    0x0800634a   0x0800634a   0x00000058   Code   RO          551    .text.USB_ReadPacket  stm32f4xx_ll_usb.o
    0x080063a2   0x080063a2   0x00000062   Code   RO          523    .text.USB_SetCurrentMode  stm32f4xx_ll_usb.o
    0x08006404   0x08006404   0x00000022   Code   RO          559    .text.USB_SetDevAddress  stm32f4xx_ll_usb.o
    0x08006426   0x08006426   0x00000002   PAD
    0x08006428   0x08006428   0x000000f0   Code   RO          517    .text.USB_SetTurnaroundTime  stm32f4xx_ll_usb.o
    0x08006518   0x08006518   0x0000002a   Code   RO          547    .text.USB_WritePacket  stm32f4xx_ll_usb.o
    0x08006542   0x08006542   0x00000002   Code   RO          186    .text.UsageFault_Handler  stm32f4xx_it.o
    0x08006544   0x08006544   0x00000074   Code   RO         2338    .text._GLOBAL__sub_I_Task.cpp  task.o
    0x080065b8   0x080065b8   0x000000c4   Code   RO         2072    .text._Z16allocate_tx_dataP17CAN_HandleTypeDef17Enum_DJI_Motor_ID  dvc_djimotor.o
    0x0800667c   0x0800667c   0x00000008   Code   RO         2332    .text._Z19DR16_UART3_CallbackPht  task.o
    0x08006684   0x08006684   0x00000064   Code   RO         2330    .text._Z21Task1ms_TIM5_Callbackv  task.o
    0x080066e8   0x080066e8   0x0000000a   Code   RO         2276    .text._Z22Math_Endian_Reverse_16PvS_  drv_math.o
    0x080066f2   0x080066f2   0x00000066   Code   RO         2166    .text._Z22can_filter_mask_configP17CAN_HandleTypeDefhjj  drv_can.o
    0x08006758   0x08006758   0x00000050   Code   RO         2328    .text._Z28Chassis_Device_CAN1_CallbackP20Struct_CAN_Rx_Buffer  task.o
    0x080067a8   0x080067a8   0x0000004c   Code   RO         2045    .text._ZN10Class_DR1612Judge_SwitchEP23Enum_DR16_Switch_Statushh  dvc_dr16.o
    0x080067f4   0x080067f4   0x00000030   Code   RO         2049    .text._ZN10Class_DR1612Judge_UpdataE21Struct_DR16_UART_DataS0_  dvc_dr16.o
    0x08006824   0x08006824   0x000001c8   Code   RO         2051    .text._ZN10Class_DR1617DR16_Data_ProcessEv  dvc_dr16.o
    0x080069ec   0x080069ec   0x00000022   Code   RO         2055    .text._ZN10Class_DR1624DR16_UART_RxCpltCallbackEPh  dvc_dr16.o
    0x08006a0e   0x08006a0e   0x00000002   PAD
    0x08006a10   0x08006a10   0x000000b0   Code   RO         2043    .text._ZN10Class_DR164InitEP20__UART_HandleTypeDefS1_  dvc_dr16.o
    0x08006ac0   0x08006ac0   0x00000024   Code   RO         2047    .text._ZN10Class_DR169Judge_KeyEP20Enum_DR16_Key_Statushh  dvc_dr16.o
    0x08006ae4   0x08006ae4   0x0000000e   Code   RO         2151    .text._ZN11Class_Slope4InitEff  alg_slope.o
    0x08006af2   0x08006af2   0x00000002   PAD
    0x08006af4   0x08006af4   0x0000013c   Code   RO         2100    .text._ZN20Class_DJI_Motor_C62012Data_ProcessEv  dvc_djimotor.o
    0x08006c30   0x08006c30   0x0000000e   Code   RO         2104    .text._ZN20Class_DJI_Motor_C62018CAN_RxCpltCallbackEPh  dvc_djimotor.o
    0x08006c3e   0x08006c3e   0x00000002   PAD
    0x08006c40   0x08006c40   0x00000080   Code   RO         2108    .text._ZN20Class_DJI_Motor_C62029TIM_PID_PeriodElapsedCallbackEv  dvc_djimotor.o
    0x08006cc0   0x08006cc0   0x0000004c   Code   RO         2098    .text._ZN20Class_DJI_Motor_C6204InitEP17CAN_HandleTypeDef17Enum_DJI_Motor_ID29Enum_DJI_Motor_Control_Methodff  dvc_djimotor.o
    0x08006d0c   0x08006d0c   0x00000028   Code   RO         2102    .text._ZN20Class_DJI_Motor_C6206OutputEv  dvc_djimotor.o
    0x08006d34   0x08006d34   0x0000004a   Code   RO         2358    .text._ZN20Class_DJI_Motor_C620C2Ev  task.o
    0x08006d7e   0x08006d7e   0x00000002   PAD
    0x08006d80   0x08006d80   0x0000018c   Code   RO         2308    .text._ZN22Class_Tricycle_Chassis16Speed_ResolutionEv  crt_chassis.o
    0x08006f0c   0x08006f0c   0x00000004   Code   RO         2310    .text._ZN22Class_Tricycle_Chassis35TIM_Calculate_PeriodElapsedCallbackE18Enum_Sprint_Status  crt_chassis.o
    0x08006f10   0x08006f10   0x00000148   Code   RO         2306    .text._ZN22Class_Tricycle_Chassis4InitEffff  crt_chassis.o
    0x08007058   0x08007058   0x00000068   Code   RO         2356    .text._ZN22Class_Tricycle_ChassisC2Ev  task.o
    0x080070c0   0x080070c0   0x00000140   Code   RO         2138    .text._ZN9Class_FSM39Reload_TIM_Status_PeriodElapsedCallbackEv  alg_fsm.o
    0x08007200   0x08007200   0x000001b8   Code   RO         2123    .text._ZN9Class_PID32TIM_Adjust_PeriodElapsedCallbackEv  alg_pid.o
    0x080073b8   0x080073b8   0x00000010   Code   RO         2121    .text._ZN9Class_PID4InitEfffffffffff16Enum_PID_D_First  alg_pid.o
    0x080073c8   0x080073c8   0x00000050   Code   RO           11    .text.main          main.o
    0x08007418   0x08007418   0x00000026   Code   RO         2685    i.__ARM_fpclassifyf  m_wm.l(fpclassifyf.o)
    0x0800743e   0x0800743e   0x00000002   PAD
    0x08007440   0x08007440   0x00000250   Code   RO         2543    i.__hardfp_atan2f   m_wm.l(atan2f.o)
    0x08007690   0x08007690   0x00000006   Code   RO         2689    i.__mathlib_flt_infnan2  m_wm.l(funder.o)
    0x08007696   0x08007696   0x00000002   PAD
    0x08007698   0x08007698   0x00000010   Code   RO         2693    i.__mathlib_flt_underflow  m_wm.l(funder.o)
    0x080076a8   0x080076a8   0x0000000a   Code   RO         2733    x$fpl$fpinit        fz_wm.l(fpinit.o)
    0x080076b2   0x080076b2   0x00000000   Code   RO         2611    x$fpl$usenofp       fz_wm.l(usenofp.o)
    0x080076b2   0x080076b2   0x00000010   Data   RO         1878    .rodata.AHBPrescTable  system_stm32f4xx.o
    0x080076c2   0x080076c2   0x00000008   Data   RO         1879    .rodata.APBPrescTable  system_stm32f4xx.o
    0x080076ca   0x080076ca   0x00000002   PAD
    0x080076cc   0x080076cc   0x00000020   Data   RO         2830    Region$$Table       anon$$obj.o
    0x080076ec   0x080076ec   0x00000004   Data   RO         2344    .init_array         task.o


    Execution Region RW_IRAM1 (Exec base: 0x20000000, Load base: 0x080076f0, Size: 0x0000d140, Max: 0x0001c000, ABSOLUTE)

    Exec Addr    Load Addr    Size         Type   Attr      Idx    E Section Name        Object

    0x20000000   0x080076f0   0x0000000c   Data   RW         1017    .data..L_MergedGlobals  stm32f4xx_hal.o
    0x2000000c   0x080076fc   0x0000001c   Data   RW          296    .data.FS_Desc       usbd_desc.o
    0x20000028   0x08007718   0x00000004   Data   RW         1877    .data.SystemCoreClock  system_stm32f4xx.o
    0x2000002c   0x0800771c   0x00000038   Data   RW         2029    .data.USBD_CDC      usbd_cdc.o
    0x20000064   0x08007754   0x00000043   Data   RW         2031    .data.USBD_CDC_CfgDesc  usbd_cdc.o
    0x200000a7   0x08007797   0x00000001   PAD
    0x200000a8   0x08007798   0x0000000a   Data   RW         2030    .data.USBD_CDC_DeviceQualifierDesc  usbd_cdc.o
    0x200000b2   0x080077a2   0x00000002   PAD
    0x200000b4   0x080077a4   0x00000012   Data   RW          297    .data.USBD_FS_DeviceDesc  usbd_desc.o
    0x200000c6   0x080077b6   0x00000002   PAD
    0x200000c8   0x080077b8   0x00000014   Data   RW          324    .data.USBD_Interface_fops_FS  usbd_cdc_if.o
    0x200000dc   0x080077cc   0x00000004   Data   RW          298    .data.USBD_LangIDDesc  usbd_desc.o
    0x200000e0   0x080077d0   0x0000001a   Data   RW          299    .data.USBD_StringSerial  usbd_desc.o
    0x200000fa   0x080077ea   0x00000006   PAD
    0x20000100        -       0x00000060   Zero   RW         2737    .bss                c_w.l(libspace.o)
    0x20000160        -       0x00000060   Zero   RW           84    .bss..L_MergedGlobals  i2c.o
    0x200001c0        -       0x00000060   Zero   RW          104    .bss..L_MergedGlobals  spi.o
    0x20000220        -       0x00000060   Zero   RW          162    .bss..L_MergedGlobals  usart.o
    0x20000280        -       0x00000058   Zero   RW         2219    .bss..L_MergedGlobals  drv_can.o
    0x200002d8   0x080077ea   0x00000008   PAD
    0x200002e0        -       0x00000070   Zero   RW         2235    .bss..L_MergedGlobals  drv_tim.o
    0x20000350        -       0x00000008   Zero   RW         2345    .bss..L_MergedGlobals  task.o
    0x20000358   0x080077ea   0x00000008   PAD
    0x20000360        -       0x00000060   Zero   RW           85    .bss..L_MergedGlobals.1  i2c.o
    0x200003c0        -       0x00000060   Zero   RW          105    .bss..L_MergedGlobals.1  spi.o
    0x20000420        -       0x00000060   Zero   RW          163    .bss..L_MergedGlobals.1  usart.o
    0x20000480        -       0x00000060   Zero   RW          164    .bss..L_MergedGlobals.2  usart.o
    0x200004e0        -       0x00000060   Zero   RW          165    .bss..L_MergedGlobals.3  usart.o
    0x20000540        -       0x00000060   Zero   RW          166    .bss..L_MergedGlobals.4  usart.o
    0x200005a0        -       0x00000008   Zero   RW         2178    .bss.CAN1_0x1ff_Tx_Data  drv_can.o
    0x200005a8        -       0x00000008   Zero   RW         2179    .bss.CAN1_0x200_Tx_Data  drv_can.o
    0x200005b0        -       0x00000008   Zero   RW         2180    .bss.CAN1_0x2ff_Tx_Data  drv_can.o
    0x200005b8        -       0x00000008   Zero   RW         2189    .bss.CAN2_0x1ff_Tx_Data  drv_can.o
    0x200005c0        -       0x00000008   Zero   RW         2190    .bss.CAN2_0x200_Tx_Data  drv_can.o
    0x200005c8        -       0x00000008   Zero   RW         2191    .bss.CAN2_0x2ff_Tx_Data  drv_can.o
    0x200005d0        -       0x000004ec   Zero   RW         2341    .bss.Chassis        task.o
    0x20000abc        -       0x0000009c   Zero   RW         2342    .bss.DR16           task.o
    0x20000b58        -       0x00000054   Zero   RW         2343    .bss.FSM_Alive_Control  task.o
    0x20000bac        -       0x00000004   Zero   RW           52    .bss.HAL_RCC_CAN1_CLK_ENABLED  can.o
    0x20000bb0        -       0x00000110   Zero   RW         2255    .bss.UART1_Manage_Object  drv_uart.o
    0x20000cc0        -       0x00000110   Zero   RW         2256    .bss.UART2_Manage_Object  drv_uart.o
    0x20000dd0        -       0x00000110   Zero   RW         2257    .bss.UART3_Manage_Object  drv_uart.o
    0x20000ee0        -       0x00000110   Zero   RW         2258    .bss.UART4_Manage_Object  drv_uart.o
    0x20000ff0        -       0x00000110   Zero   RW         2259    .bss.UART5_Manage_Object  drv_uart.o
    0x20001100        -       0x00000110   Zero   RW         2260    .bss.UART6_Manage_Object  drv_uart.o
    0x20001210        -       0x00000001   Zero   RW         1962    .bss.USBD_SetConfig.cfgidx  usbd_ctlreq.o
    0x20001211   0x080077ea   0x00000003   PAD
    0x20001214        -       0x00000200   Zero   RW          300    .bss.USBD_StrDesc   usbd_desc.o
    0x20001414        -       0x00000220   Zero   RW          401    .bss.USBD_static_malloc.mem  usbd_conf.o
    0x20001634        -       0x00000800   Zero   RW          325    .bss.UserRxBufferFS  usbd_cdc_if.o
    0x20001e34        -       0x00000800   Zero   RW          326    .bss.UserTxBufferFS  usbd_cdc_if.o
    0x20002634        -       0x0000000c   Zero   RW         2340    .bss._ZL13WHEEL_AZIMUTH  task.o
    0x20002640        -       0x000002dc   Zero   RW          268    .bss.hUsbDeviceFS   usb_device.o
    0x2000291c        -       0x00000028   Zero   RW           50    .bss.hcan1          can.o
    0x20002944        -       0x00000028   Zero   RW           51    .bss.hcan2          can.o
    0x2000296c        -       0x00000054   Zero   RW           83    .bss.hi2c3          i2c.o
    0x200029c0        -       0x000004e4   Zero   RW          400    .bss.hpcd_USB_OTG_FS  usbd_conf.o
    0x20002ea4        -       0x00000058   Zero   RW          103    .bss.hspi1          spi.o
    0x20002efc        -       0x00000048   Zero   RW          133    .bss.htim1          tim.o
    0x20002f44        -       0x00000048   Zero   RW          137    .bss.htim10         tim.o
    0x20002f8c        -       0x00000048   Zero   RW          134    .bss.htim3          tim.o
    0x20002fd4        -       0x00000048   Zero   RW          135    .bss.htim4          tim.o
    0x2000301c        -       0x00000048   Zero   RW          136    .bss.htim5          tim.o
    0x20003064        -       0x00000048   Zero   RW          159    .bss.huart1         usart.o
    0x200030ac        -       0x00000048   Zero   RW          160    .bss.huart3         usart.o
    0x200030f4        -       0x00000048   Zero   RW          161    .bss.huart6         usart.o
    0x2000313c   0x080077ea   0x00000004   PAD
    0x20003140        -       0x00005000   Zero   RW            2    HEAP                startup_stm32f407xx.o
    0x20008140        -       0x00005000   Zero   RW            1    STACK               startup_stm32f407xx.o


    Execution Region RW_IRAM2 (Exec base: 0x2001c000, Load base: 0x080077f0, Size: 0x00000000, Max: 0x00004000, ABSOLUTE)

    **** No section assigned to this execution region ****


==============================================================================

Image component sizes


      Code (inc. data)   RO Data    RW Data    ZI Data      Debug   Object Name

       320         22          0          0          0      36958   alg_fsm.o
       456          4          0          0          0      16008   alg_pid.o
        14          0          0          0          0      13625   alg_slope.o
       424         32          0          0         84       7084   can.o
       728         52          0          0          0      30602   crt_chassis.o
       164          0          0          0          0       3508   dma.o
       398         28          0          0        136      14287   drv_can.o
        10          0          0          0          0      15193   drv_math.o
       508        108          0          0        112       5890   drv_tim.o
       448        108          0          0       1632       9505   drv_uart.o
       770         96          0          0          0      35906   dvc_djimotor.o
       826         52          0          0          0      15632   dvc_dr16.o
       384         24          0          0          0       4620   gpio.o
       348         32          0          0        276       6045   i2c.o
       244          8          0          0          0       3383   main.o
       380         28          0          0        280       5898   spi.o
        64         26        392          0      40960        872   startup_stm32f407xx.o
       180         16          0         12          0       8136   stm32f4xx_hal.o
      1580         10          0          0          0      13240   stm32f4xx_hal_can.o
       188         24          0          0          0      10871   stm32f4xx_hal_cortex.o
      1068         20          0          0          0       8903   stm32f4xx_hal_dma.o
       432         32          0          0          0       5431   stm32f4xx_hal_gpio.o
       368         16          0          0          0      38661   stm32f4xx_hal_i2c.o
        56          4          0          0          0       1636   stm32f4xx_hal_msp.o
      2724          4          0          0          0      15612   stm32f4xx_hal_pcd.o
        90          0          0          0          0       4854   stm32f4xx_hal_pcd_ex.o
      1336         48          0          0          0       7848   stm32f4xx_hal_rcc.o
       196          0          0          0          0      21178   stm32f4xx_hal_spi.o
      1648         48          0          0          0      46583   stm32f4xx_hal_tim.o
       208          0          0          0          0      20157   stm32f4xx_hal_tim_ex.o
      1924         20          0          0          0      23587   stm32f4xx_hal_uart.o
       264         68          0          0          0       4100   stm32f4xx_it.o
      2538        116          0          0          0      22696   stm32f4xx_ll_usb.o
        16          4         24          4          0       2755   system_stm32f4xx.o
       596         88          4          0       1520      37492   task.o
       916         40          0          0        360      10726   tim.o
       872         72          0          0        696       8911   usart.o
        80         16          0          0        732       3501   usb_device.o
      1092         16          0        133          0      11649   usbd_cdc.o
        76         12          0         20       4096       3082   usbd_cdc_if.o
       746         32          0          0       1796      16651   usbd_conf.o
       906          0          0          0          0       9874   usbd_core.o
      1380         38          0          0          1       8276   usbd_ctlreq.o
       298        104          0         76        512       3917   usbd_desc.o
       134          0          0          0          0       4977   usbd_ioreq.o

    ----------------------------------------------------------------------
     28454       1468        454        252      53220     600320   Object Totals
         0          0         32          0          0          0   (incl. Generated)
        56          0          2          7         27          0   (incl. Padding)

    ----------------------------------------------------------------------

      Code (inc. data)   RO Data    RW Data    ZI Data      Debug   Library Member Name

         8          0          0          0          0         68   __main.o
         0          0          0          0          0          0   __rtentry.o
        12          0          0          0          0          0   __rtentry2.o
         6          0          0          0          0          0   __rtentry4.o
        52          8          0          0          0          0   __scatter.o
        26          0          0          0          0          0   __scatter_copy.o
        28          0          0          0          0          0   __scatter_zi.o
        18          0          0          0          0         80   exit.o
         6          0          0          0          0        152   heapauxi.o
         0          0          0          0          0          0   indicate_semi.o
        36         10          0          0          0         80   init_aeabi.o
         2          0          0          0          0          0   libinit.o
        10          0          0          0          0          0   libinit2.o
         2          0          0          0          0          0   libshutdown.o
         2          0          0          0          0          0   libshutdown2.o
         8          4          0          0         96         68   libspace.o
       238          0          0          0          0        100   lludivv7m.o
        78          0          0          0          0         80   rt_memclr_w.o
       138          0          0          0          0         68   rt_memcpy_v6.o
       100          0          0          0          0         80   rt_memcpy_w.o
         2          0          0          0          0          0   rtexit.o
        10          0          0          0          0          0   rtexit2.o
        12          4          0          0          0         68   sys_exit.o
        74          0          0          0          0         80   sys_stackheap_outer.o
         2          0          0          0          0         68   use_no_semi.o
        10          0          0          0          0        116   fpinit.o
         0          0          0          0          0          0   usenofp.o
       592         90          0          0          0        184   atan2f.o
        38          0          0          0          0        116   fpclassifyf.o
        22          6          0          0          0        232   funder.o

    ----------------------------------------------------------------------
      1540        122          0          0         96       1640   Library Totals
         8          0          0          0          0          0   (incl. Padding)

    ----------------------------------------------------------------------

      Code (inc. data)   RO Data    RW Data    ZI Data      Debug   Library Name

       870         26          0          0         96        992   c_w.l
        10          0          0          0          0        116   fz_wm.l
       652         96          0          0          0        532   m_wm.l

    ----------------------------------------------------------------------
      1540        122          0          0         96       1640   Library Totals

    ----------------------------------------------------------------------

==============================================================================


      Code (inc. data)   RO Data    RW Data    ZI Data      Debug   

     29994       1590        454        252      53316     600556   Grand Totals
     29994       1590        454        252      53316     600556   ELF Image Totals
     29994       1590        454        252          0          0   ROM Totals

==============================================================================

    Total RO  Size (Code + RO Data)                30448 (  29.73kB)
    Total RW  Size (RW Data + ZI Data)             53568 (  52.31kB)
    Total ROM Size (Code + RO Data + RW Data)      30700 (  29.98kB)

==============================================================================

