<html>
<body>
<pre>
<h1>µVision Build Log</h1>
<h2>Tool Versions:</h2>
IDE-Version: ¦ÌVision V5.24.2.0
Copyright (C) 2017 ARM Ltd and ARM Germany GmbH. All rights reserved.
License Information: liii Haoran laptop, liii, LIC=LSNXV-P2JXF-IIN5V-PY6L7-BLK28-D5CFR
 
Tool Versions:
Toolchain:       MDK-ARM Plus  Version: 5.24.1
Toolchain Path:  C:\Keil5_MDK\ARM\ARMCLANG\Bin
C Compiler:      ArmClang.exe V6.7
Assembler:       Armasm.exe V6.7
Linker/Locator:  ArmLink.exe V6.7
Library Manager: ArmAr.exe V6.7
Hex Converter:   FromElf.exe V6.7
CPU DLL:         SARMCM3.DLL V5.24.1
Dialog DLL:      DCM.DLL V1.16.0.0
Target DLL:      Segger\JL2CM3.dll V2.99.26.0
Dialog DLL:      TCM.DLL V1.32.0.0
 
<h2>Project:</h2>
C:\RM\zllc_2026_homework\imu\MDK-ARM\infantry.uvprojx
Project File Date:  12/27/2025

<h2>Output:</h2>
*** Using Compiler 'V6.7', folder: 'C:\Keil5_MDK\ARM\ARMCLANG\Bin'
*** Warning: Using Microlib and C++ file(s) might cause the linker to fail !
  
Rebuild target 'infantry'
compiling drv_bsp-boarda.cpp...
compiling config.cpp...
compiling drv_adc.cpp...
compiling drv_spi.cpp...
compiling drv_dwt.cpp...
compiling drv_uart.cpp...
compiling drv_tim.cpp...
compiling crt_chassis.cpp...
compiling drv_i2c.cpp...
compiling drv_math.cpp...
compiling drv_usb.cpp...
compiling tsk_config_and_callback.cpp...
compiling crt_booster.cpp...
compiling crt_gimbal.cpp...
compiling drv_can.cpp...
compiling alg_fsm.cpp...
compiling alg_filter.cpp...
compiling alg_MahonyAHRS.cpp...
compiling alg_pid.cpp...
compiling ita_chariot.cpp...
compiling alg_slope.cpp...
compiling alg_power_limit.cpp...
compiling kalman_filter.cpp...
compiling CharSendTask.cpp...
compiling PID.cpp...
compiling QuaternionEKF.cpp...
compiling user_lib.cpp...
compiling dvc_boardc_ist8310.cpp...
compiling dvc_buzzer.cpp...
compiling dvc_boardc_bmi088.cpp...
compiling dvc_djimotor.cpp...
compiling dvc_dwt.cpp...
compiling dvc_dr16.cpp...
compiling dvc_dmmotor.cpp...
compiling dvc_GraphicsSendTask.cpp...
compiling dvc_imu.cpp...
compiling dvc_lkmotor.cpp...
compiling dvc_manifold.cpp...
compiling dvc_servo.cpp...
compiling dvc_sampler.cpp...
compiling dvc_minipc.cpp...
compiling dvc_serialplot.cpp...
compiling dvc_referee.cpp...
assembling startup_stm32f407xx.s...
compiling dvc_VT13.cpp...
compiling GraphicsSendTask.cpp...
compiling dvc_supercap.cpp...
compiling dvc_TensionMeter.cpp...
compiling dvc_witahrs.cpp...
compiling main.c...
compiling gpio.c...
compiling ui.cpp...
compiling can.c...
compiling dma.c...
compiling i2c.c...
compiling spi.c...
compiling tim.c...
compiling usart.c...
compiling stm32f4xx_hal_msp.c...
compiling stm32f4xx_it.c...
compiling usb_device.c...
compiling usbd_desc.c...
compiling usbd_cdc_if.c...
compiling usbd_conf.c...
compiling stm32f4xx_hal_pcd_ex.c...
compiling stm32f4xx_hal_pcd.c...
compiling stm32f4xx_ll_usb.c...
compiling stm32f4xx_hal_rcc.c...
compiling stm32f4xx_hal_rcc_ex.c...
compiling stm32f4xx_hal_flash.c...
compiling stm32f4xx_hal_flash_ramfunc.c...
compiling stm32f4xx_hal_flash_ex.c...
compiling stm32f4xx_hal_gpio.c...
compiling stm32f4xx_hal_dma_ex.c...
compiling stm32f4xx_hal_pwr.c...
compiling stm32f4xx_hal_dma.c...
compiling stm32f4xx_hal_pwr_ex.c...
compiling stm32f4xx_hal_cortex.c...
compiling stm32f4xx_hal.c...
compiling stm32f4xx_hal_exti.c...
compiling stm32f4xx_hal_can.c...
compiling stm32f4xx_hal_i2c_ex.c...
compiling stm32f4xx_hal_spi.c...
compiling system_stm32f4xx.c...
compiling stm32f4xx_hal_i2c.c...
compiling stm32f4xx_hal_tim_ex.c...
compiling stm32f4xx_hal_uart.c...
compiling usbd_core.c...
compiling usbd_ctlreq.c...
compiling usbd_ioreq.c...
compiling stm32f4xx_hal_tim.c...
compiling usbd_cdc.c...
linking...
infantry\infantry.axf: Warning: L6776W: The debug frame in .debug_frame(crt_chassis.o) does not describe an executable section.
Program Size: Code=81266 RO-data=706 RW-data=456 ZI-data=54424  
Finished: 0 information, 1 warning and 0 error messages.
FromELF: creating hex file...
"infantry\infantry.axf" - 0 Error(s), 1 Warning(s).

<h2>Software Packages used:</h2>

Package Vendor: ARM
                http://www.keil.com/pack/ARM.CMSIS.5.0.1.pack
                ARM.CMSIS.5.0.1
                CMSIS (Cortex Microcontroller Software Interface Standard)
   * Component: CORE Version: 5.0.1

Package Vendor: Keil
                https://www.keil.com/pack/Keil.STM32F4xx_DFP.3.1.1.pack
                Keil.STM32F4xx_DFP.3.1.1
                STMicroelectronics STM32F4 Series Device Support

<h2>Collection of Component include folders:</h2>
  .\RTE\_infantry
  C:\Keil5_MDK_Pack\ARM\CMSIS\5.0.1\CMSIS\Include

<h2>Collection of Component Files used:</h2>

   * Component: ARM::CMSIS:CORE:5.0.1
Build Time Elapsed:  00:00:07
</pre>
</body>
</html>
