Component: Arm Compiler for Embedded 6.24 Tool: armlink [5f371500]

==============================================================================

Section Cross References

    startup_stm32f407xx.o(STACK) refers (Special) to heapauxi.o(.text) for __use_two_region_memory
    startup_stm32f407xx.o(HEAP) refers (Special) to heapauxi.o(.text) for __use_two_region_memory
    startup_stm32f407xx.o(RESET) refers (Special) to heapauxi.o(.text) for __use_two_region_memory
    startup_stm32f407xx.o(RESET) refers to startup_stm32f407xx.o(STACK) for __initial_sp
    startup_stm32f407xx.o(RESET) refers to startup_stm32f407xx.o(.text) for Reset_Handler
    startup_stm32f407xx.o(RESET) refers to stm32f4xx_it.o(.text.NMI_Handler) for NMI_Handler
    startup_stm32f407xx.o(RESET) refers to stm32f4xx_it.o(.text.HardFault_Handler) for HardFault_Handler
    startup_stm32f407xx.o(RESET) refers to stm32f4xx_it.o(.text.MemManage_Handler) for MemManage_Handler
    startup_stm32f407xx.o(RESET) refers to stm32f4xx_it.o(.text.BusFault_Handler) for BusFault_Handler
    startup_stm32f407xx.o(RESET) refers to stm32f4xx_it.o(.text.UsageFault_Handler) for UsageFault_Handler
    startup_stm32f407xx.o(RESET) refers to stm32f4xx_it.o(.text.SVC_Handler) for SVC_Handler
    startup_stm32f407xx.o(RESET) refers to stm32f4xx_it.o(.text.DebugMon_Handler) for DebugMon_Handler
    startup_stm32f407xx.o(RESET) refers to stm32f4xx_it.o(.text.PendSV_Handler) for PendSV_Handler
    startup_stm32f407xx.o(RESET) refers to stm32f4xx_it.o(.text.SysTick_Handler) for SysTick_Handler
    startup_stm32f407xx.o(RESET) refers to stm32f4xx_it.o(.text.EXTI0_IRQHandler) for EXTI0_IRQHandler
    startup_stm32f407xx.o(RESET) refers to stm32f4xx_it.o(.text.EXTI3_IRQHandler) for EXTI3_IRQHandler
    startup_stm32f407xx.o(RESET) refers to stm32f4xx_it.o(.text.EXTI4_IRQHandler) for EXTI4_IRQHandler
    startup_stm32f407xx.o(RESET) refers to stm32f4xx_it.o(.text.DMA1_Stream1_IRQHandler) for DMA1_Stream1_IRQHandler
    startup_stm32f407xx.o(RESET) refers to stm32f4xx_it.o(.text.DMA1_Stream2_IRQHandler) for DMA1_Stream2_IRQHandler
    startup_stm32f407xx.o(RESET) refers to stm32f4xx_it.o(.text.DMA1_Stream4_IRQHandler) for DMA1_Stream4_IRQHandler
    startup_stm32f407xx.o(RESET) refers to stm32f4xx_it.o(.text.CAN1_RX0_IRQHandler) for CAN1_RX0_IRQHandler
    startup_stm32f407xx.o(RESET) refers to stm32f4xx_it.o(.text.CAN1_RX1_IRQHandler) for CAN1_RX1_IRQHandler
    startup_stm32f407xx.o(RESET) refers to stm32f4xx_it.o(.text.EXTI9_5_IRQHandler) for EXTI9_5_IRQHandler
    startup_stm32f407xx.o(RESET) refers to stm32f4xx_it.o(.text.TIM4_IRQHandler) for TIM4_IRQHandler
    startup_stm32f407xx.o(RESET) refers to stm32f4xx_it.o(.text.USART1_IRQHandler) for USART1_IRQHandler
    startup_stm32f407xx.o(RESET) refers to stm32f4xx_it.o(.text.USART3_IRQHandler) for USART3_IRQHandler
    startup_stm32f407xx.o(RESET) refers to stm32f4xx_it.o(.text.TIM5_IRQHandler) for TIM5_IRQHandler
    startup_stm32f407xx.o(RESET) refers to stm32f4xx_it.o(.text.DMA2_Stream1_IRQHandler) for DMA2_Stream1_IRQHandler
    startup_stm32f407xx.o(RESET) refers to stm32f4xx_it.o(.text.DMA2_Stream2_IRQHandler) for DMA2_Stream2_IRQHandler
    startup_stm32f407xx.o(RESET) refers to stm32f4xx_it.o(.text.DMA2_Stream3_IRQHandler) for DMA2_Stream3_IRQHandler
    startup_stm32f407xx.o(RESET) refers to stm32f4xx_it.o(.text.CAN2_RX0_IRQHandler) for CAN2_RX0_IRQHandler
    startup_stm32f407xx.o(RESET) refers to stm32f4xx_it.o(.text.CAN2_RX1_IRQHandler) for CAN2_RX1_IRQHandler
    startup_stm32f407xx.o(RESET) refers to stm32f4xx_it.o(.text.OTG_FS_IRQHandler) for OTG_FS_IRQHandler
    startup_stm32f407xx.o(RESET) refers to stm32f4xx_it.o(.text.DMA2_Stream5_IRQHandler) for DMA2_Stream5_IRQHandler
    startup_stm32f407xx.o(RESET) refers to stm32f4xx_it.o(.text.DMA2_Stream6_IRQHandler) for DMA2_Stream6_IRQHandler
    startup_stm32f407xx.o(RESET) refers to stm32f4xx_it.o(.text.DMA2_Stream7_IRQHandler) for DMA2_Stream7_IRQHandler
    startup_stm32f407xx.o(RESET) refers to stm32f4xx_it.o(.text.USART6_IRQHandler) for USART6_IRQHandler
    startup_stm32f407xx.o(.text) refers (Special) to heapauxi.o(.text) for __use_two_region_memory
    startup_stm32f407xx.o(.text) refers to system_stm32f4xx.o(.text.SystemInit) for SystemInit
    startup_stm32f407xx.o(.text) refers to __main.o(!!!main) for __main
    startup_stm32f407xx.o(.text) refers to startup_stm32f407xx.o(HEAP) for Heap_Mem
    startup_stm32f407xx.o(.text) refers to startup_stm32f407xx.o(STACK) for Stack_Mem
    main.o(.text.main) refers to stm32f4xx_hal.o(.text.HAL_Init) for HAL_Init
    main.o(.text.main) refers to main.o(.text.SystemClock_Config) for SystemClock_Config
    main.o(.text.main) refers to gpio.o(.text.MX_GPIO_Init) for MX_GPIO_Init
    main.o(.text.main) refers to dma.o(.text.MX_DMA_Init) for MX_DMA_Init
    main.o(.text.main) refers to can.o(.text.MX_CAN1_Init) for MX_CAN1_Init
    main.o(.text.main) refers to tim.o(.text.MX_TIM1_Init) for MX_TIM1_Init
[...]
    HAL_PCD_ResetCallback                    0x08002505   Thumb Code    38  usbd_conf.o(.text.HAL_PCD_ResetCallback)
    HAL_PCD_ResumeCallback                   0x0800252d   Thumb Code     8  usbd_conf.o(.text.HAL_PCD_ResumeCallback)
    HAL_PCD_SOFCallback                      0x08002535   Thumb Code     8  usbd_conf.o(.text.HAL_PCD_SOFCallback)
    HAL_PCD_SetAddress                       0x0800253d   Thumb Code    40  stm32f4xx_hal_pcd.o(.text.HAL_PCD_SetAddress)
    HAL_PCD_SetupStageCallback               0x08002565   Thumb Code    14  usbd_conf.o(.text.HAL_PCD_SetupStageCallback)
    HAL_PCD_Start                            0x08002575   Thumb Code    62  stm32f4xx_hal_pcd.o(.text.HAL_PCD_Start)
    HAL_PCD_SuspendCallback                  0x080025b5   Thumb Code    52  usbd_conf.o(.text.HAL_PCD_SuspendCallback)
    HAL_RCC_ClockConfig                      0x080025e9   Thumb Code   352  stm32f4xx_hal_rcc.o(.text.HAL_RCC_ClockConfig)
    HAL_RCC_GetHCLKFreq                      0x08002749   Thumb Code    12  stm32f4xx_hal_rcc.o(.text.HAL_RCC_GetHCLKFreq)
    HAL_RCC_GetPCLK1Freq                     0x08002755   Thumb Code    38  stm32f4xx_hal_rcc.o(.text.HAL_RCC_GetPCLK1Freq)
    HAL_RCC_GetPCLK2Freq                     0x0800277d   Thumb Code    38  stm32f4xx_hal_rcc.o(.text.HAL_RCC_GetPCLK2Freq)
    HAL_RCC_GetSysClockFreq                  0x080027a5   Thumb Code   106  stm32f4xx_hal_rcc.o(.text.HAL_RCC_GetSysClockFreq)
    HAL_RCC_OscConfig                        0x08002811   Thumb Code   860  stm32f4xx_hal_rcc.o(.text.HAL_RCC_OscConfig)
    HAL_SPI_Init                             0x08002b6d   Thumb Code   176  stm32f4xx_hal_spi.o(.text.HAL_SPI_Init)
    HAL_SPI_MspInit                          0x08002c1d   Thumb Code   328  spi.o(.text.HAL_SPI_MspInit)
    HAL_SYSTICK_Config                       0x08002d65   Thumb Code    44  stm32f4xx_hal_cortex.o(.text.HAL_SYSTICK_Config)
    HAL_TIMEx_BreakCallback                  0x08002d91   Thumb Code     2  stm32f4xx_hal_tim_ex.o(.text.HAL_TIMEx_BreakCallback)
    HAL_TIMEx_CommutCallback                 0x08002d95   Thumb Code     2  stm32f4xx_hal_tim_ex.o(.text.HAL_TIMEx_CommutCallback)
    HAL_TIMEx_ConfigBreakDeadTime            0x08002d99   Thumb Code    76  stm32f4xx_hal_tim_ex.o(.text.HAL_TIMEx_ConfigBreakDeadTime)
    HAL_TIMEx_MasterConfigSynchronization    0x08002de5   Thumb Code   188  stm32f4xx_hal_tim_ex.o(.text.HAL_TIMEx_MasterConfigSynchronization)
    HAL_TIM_Base_Init                        0x08002ea1   Thumb Code    90  stm32f4xx_hal_tim.o(.text.HAL_TIM_Base_Init)
    HAL_TIM_Base_MspInit                     0x08002efd   Thumb Code   262  tim.o(.text.HAL_TIM_Base_MspInit)
    HAL_TIM_Base_Start_IT                    0x08003005   Thumb Code   168  stm32f4xx_hal_tim.o(.text.HAL_TIM_Base_Start_IT)
    HAL_TIM_ConfigClockSource                0x080030ad   Thumb Code   416  stm32f4xx_hal_tim.o(.text.HAL_TIM_ConfigClockSource)
    HAL_TIM_IC_CaptureCallback               0x0800324d   Thumb Code     2  stm32f4xx_hal_tim.o(.text.HAL_TIM_IC_CaptureCallback)
    HAL_TIM_IRQHandler                       0x08003251   Thumb Code   330  stm32f4xx_hal_tim.o(.text.HAL_TIM_IRQHandler)
    HAL_TIM_MspPostInit                      0x0800339d   Thumb Code   156  tim.o(.text.HAL_TIM_MspPostInit)
    HAL_TIM_OC_DelayElapsedCallback          0x08003439   Thumb Code     2  stm32f4xx_hal_tim.o(.text.HAL_TIM_OC_DelayElapsedCallback)
    HAL_TIM_PWM_ConfigChannel                0x0800343d   Thumb Code   534  stm32f4xx_hal_tim.o(.text.HAL_TIM_PWM_ConfigChannel)
    HAL_TIM_PWM_Init                         0x08003655   Thumb Code    90  stm32f4xx_hal_tim.o(.text.HAL_TIM_PWM_Init)
    HAL_TIM_PWM_MspInit                      0x080036b1   Thumb Code     2  stm32f4xx_hal_tim.o(.text.HAL_TIM_PWM_MspInit)
    HAL_TIM_PWM_PulseFinishedCallback        0x080036b5   Thumb Code     2  stm32f4xx_hal_tim.o(.text.HAL_TIM_PWM_PulseFinishedCallback)
    HAL_TIM_PeriodElapsedCallback            0x080036b9   Thumb Code   372  drv_tim.o(.text.HAL_TIM_PeriodElapsedCallback)
    HAL_TIM_TriggerCallback                  0x0800382d   Thumb Code     2  stm32f4xx_hal_tim.o(.text.HAL_TIM_TriggerCallback)
    HAL_UARTEx_ReceiveToIdle_DMA             0x08003831   Thumb Code   104  stm32f4xx_hal_uart.o(.text.HAL_UARTEx_ReceiveToIdle_DMA)
    HAL_UARTEx_RxEventCallback               0x08003899   Thumb Code   190  drv_uart.o(.text.HAL_UARTEx_RxEventCallback)
    HAL_UART_ErrorCallback                   0x08003959   Thumb Code     2  stm32f4xx_hal_uart.o(.text.HAL_UART_ErrorCallback)
    HAL_UART_IRQHandler                      0x0800395d   Thumb Code   790  stm32f4xx_hal_uart.o(.text.HAL_UART_IRQHandler)
    HAL_UART_Init                            0x08003c75   Thumb Code    96  stm32f4xx_hal_uart.o(.text.HAL_UART_Init)
    HAL_UART_MspInit                         0x08003cd5   Thumb Code   736  usart.o(.text.HAL_UART_MspInit)
    HAL_UART_RxCpltCallback                  0x08003fb5   Thumb Code     2  stm32f4xx_hal_uart.o(.text.HAL_UART_RxCpltCallback)
    HAL_UART_RxHalfCpltCallback              0x08003fb9   Thumb Code     2  stm32f4xx_hal_uart.o(.text.HAL_UART_RxHalfCpltCallback)
    HAL_UART_TxCpltCallback                  0x08003fbd   Thumb Code     2  stm32f4xx_hal_uart.o(.text.HAL_UART_TxCpltCallback)
    HardFault_Handler                        0x08003fc1   Thumb Code     2  stm32f4xx_it.o(.text.HardFault_Handler)
    MX_CAN1_Init                             0x08003fc5   Thumb Code    72  can.o(.text.MX_CAN1_Init)
    MX_CAN2_Init                             0x0800400d   Thumb Code    72  can.o(.text.MX_CAN2_Init)
    MX_DMA_Init                              0x08004055   Thumb Code   204  dma.o(.text.MX_DMA_Init)
    MX_GPIO_Init                             0x08004121   Thumb Code   404  gpio.o(.text.MX_GPIO_Init)
    MX_I2C3_Init                             0x080042b5   Thumb Code    66  i2c.o(.text.MX_I2C3_Init)
    MX_SPI1_Init                             0x080042f9   Thumb Code    82  spi.o(.text.MX_SPI1_Init)
    MX_TIM10_Init                            0x0800434d   Thumb Code   136  tim.o(.text.MX_TIM10_Init)
    MX_TIM1_Init                             0x080043d5   Thumb Code   268  tim.o(.text.MX_TIM1_Init)
    MX_TIM3_Init                             0x080044e1   Thumb Code   124  tim.o(.text.MX_TIM3_Init)
    MX_TIM4_Init                             0x0800455d   Thumb Code   124  tim.o(.text.MX_TIM4_Init)
    MX_TIM5_Init                             0x080045d9   Thumb Code   124  tim.o(.text.MX_TIM5_Init)
    MX_USART1_UART_Init                      0x08004655   Thumb Code    60  usart.o(.text.MX_USART1_UART_Init)
    MX_USART3_UART_Init                      0x08004691   Thumb Code    72  usart.o(.text.MX_USART3_UART_Init)
    MX_USART6_UART_Init                      0x080046d9   Thumb Code    60  usart.o(.text.MX_USART6_UART_Init)
    MX_USB_DEVICE_Init                       0x08004715   Thumb Code   114  usb_device.o(.text.MX_USB_DEVICE_Init)
    MemManage_Handler                        0x08004789   Thumb Code     2  stm32f4xx_it.o(.text.MemManage_Handler)
    NMI_Handler                              0x0800478d   Thumb Code     2  stm32f4xx_it.o(.text.NMI_Handler)
    OTG_FS_IRQHandler                        0x08004791   Thumb Code    12  stm32f4xx_it.o(.text.OTG_FS_IRQHandler)
    PendSV_Handler                           0x0800479d   Thumb Code     2  stm32f4xx_it.o(.text.PendSV_Handler)
    SVC_Handler                              0x080047a1   Thumb Code     2  stm32f4xx_it.o(.text.SVC_Handler)
    SysTick_Handler                          0x080047a5   Thumb Code     4  stm32f4xx_it.o(.text.SysTick_Handler)
    SystemClock_Config                       0x080047a9   Thumb Code   170  main.o(.text.SystemClock_Config)
    SystemInit                               0x08004855   Thumb Code    18  system_stm32f4xx.o(.text.SystemInit)
    TIM4_IRQHandler                          0x08004869   Thumb Code    12  stm32f4xx_it.o(.text.TIM4_IRQHandler)
    TIM5_IRQHandler                          0x08004875   Thumb Code    12  stm32f4xx_it.o(.text.TIM5_IRQHandler)
    TIM_Base_SetConfig                       0x08004881   Thumb Code   300  stm32f4xx_hal_tim.o(.text.TIM_Base_SetConfig)
    TIM_CAN_PeriodElapsedCallback            0x080049ad   Thumb Code    50  drv_can.o(.text.TIM_CAN_PeriodElapsedCallback)
    TIM_Init                                 0x080049e1   Thumb Code   370  drv_tim.o(.text.TIM_Init)
    Task_Init                                0x08004b55   Thumb Code   122  task.o(.text.Task_Init)
    Task_Loop                                0x08004bd1   Thumb Code    96  task.o(.text.Task_Loop)
    UART_Start_Receive_DMA                   0x08004f1d   Thumb Code   170  stm32f4xx_hal_uart.o(.text.UART_Start_Receive_DMA)
    USART1_IRQHandler                        0x08004fc9   Thumb Code    12  stm32f4xx_it.o(.text.USART1_IRQHandler)
    USART3_IRQHandler                        0x08004fd5   Thumb Code    12  stm32f4xx_it.o(.text.USART3_IRQHandler)
    USART6_IRQHandler                        0x08004fe1   Thumb Code    12  stm32f4xx_it.o(.text.USART6_IRQHandler)
    USBD_CDC_GetDeviceQualifierDescriptor    0x08005139   Thumb Code    16  usbd_cdc.o(.text.USBD_CDC_GetDeviceQualifierDescriptor)
    USBD_CDC_ReceivePacket                   0x08005311   Thumb Code    52  usbd_cdc.o(.text.USBD_CDC_ReceivePacket)
    USBD_CDC_RegisterInterface               0x08005345   Thumb Code    24  usbd_cdc.o(.text.USBD_CDC_RegisterInterface)
    USBD_CDC_SetRxBuffer                     0x0800535d   Thumb Code    26  usbd_cdc.o(.text.USBD_CDC_SetRxBuffer)
    USBD_CDC_SetTxBuffer                     0x08005379   Thumb Code    30  usbd_cdc.o(.text.USBD_CDC_SetTxBuffer)
    USBD_ClrClassConfig                      0x08005469   Thumb Code    18  usbd_core.o(.text.USBD_ClrClassConfig)
    USBD_CoreFindEP                          0x0800547d   Thumb Code     4  usbd_core.o(.text.USBD_CoreFindEP)
    USBD_CoreFindIF                          0x08005481   Thumb Code     4  usbd_core.o(.text.USBD_CoreFindIF)
    USBD_CtlContinueRx                       0x08005485   Thumb Code    16  usbd_ioreq.o(.text.USBD_CtlContinueRx)
    USBD_CtlContinueSendData                 0x08005495   Thumb Code    16  usbd_ioreq.o(.text.USBD_CtlContinueSendData)
    USBD_CtlError                            0x080054a5   Thumb Code    22  usbd_ctlreq.o(.text.USBD_CtlError)
    USBD_CtlPrepareRx                        0x080054bd   Thumb Code    30  usbd_ioreq.o(.text.USBD_CtlPrepareRx)
    USBD_CtlReceiveStatus                    0x080054dd   Thumb Code    22  usbd_ioreq.o(.text.USBD_CtlReceiveStatus)
    USBD_CtlSendData                         0x080054f5   Thumb Code    28  usbd_ioreq.o(.text.USBD_CtlSendData)
    USBD_CtlSendStatus                       0x08005511   Thumb Code    22  usbd_ioreq.o(.text.USBD_CtlSendStatus)
    USBD_FS_ConfigStrDescriptor              0x08005529   Thumb Code    24  usbd_desc.o(.text.USBD_FS_ConfigStrDescriptor)
    USBD_FS_DeviceDescriptor                 0x0800554d   Thumb Code    14  usbd_desc.o(.text.USBD_FS_DeviceDescriptor)
    USBD_FS_InterfaceStrDescriptor           0x0800555d   Thumb Code    24  usbd_desc.o(.text.USBD_FS_InterfaceStrDescriptor)
    USBD_FS_LangIDStrDescriptor              0x08005585   Thumb Code    14  usbd_desc.o(.text.USBD_FS_LangIDStrDescriptor)
    USBD_FS_ManufacturerStrDescriptor        0x08005595   Thumb Code    24  usbd_desc.o(.text.USBD_FS_ManufacturerStrDescriptor)
    USBD_FS_ProductStrDescriptor             0x080055c1   Thumb Code    24  usbd_desc.o(.text.USBD_FS_ProductStrDescriptor)
    USBD_FS_SerialStrDescriptor              0x080055f1   Thumb Code   136  usbd_desc.o(.text.USBD_FS_SerialStrDescriptor)
    USBD_GetEpDesc                           0x08005679   Thumb Code    54  usbd_core.o(.text.USBD_GetEpDesc)
    USBD_GetString                           0x080056b1   Thumb Code   126  usbd_ctlreq.o(.text.USBD_GetString)
    USBD_Init                                0x08005731   Thumb Code    42  usbd_core.o(.text.USBD_Init)
    USBD_LL_ClearStallEP                     0x0800575d   Thumb Code    34  usbd_conf.o(.text.USBD_LL_ClearStallEP)
    USBD_LL_CloseEP                          0x08005781   Thumb Code    34  usbd_conf.o(.text.USBD_LL_CloseEP)
    USBD_LL_DataInStage                      0x080057a5   Thumb Code   180  usbd_core.o(.text.USBD_LL_DataInStage)
    USBD_LL_DataOutStage                     0x08005859   Thumb Code   126  usbd_core.o(.text.USBD_LL_DataOutStage)
    USBD_LL_DevConnected                     0x080058d9   Thumb Code     4  usbd_core.o(.text.USBD_LL_DevConnected)
    USBD_LL_DevDisconnected                  0x080058dd   Thumb Code    34  usbd_core.o(.text.USBD_LL_DevDisconnected)
    USBD_LL_GetRxDataSize                    0x08005901   Thumb Code     8  usbd_conf.o(.text.USBD_LL_GetRxDataSize)
    USBD_LL_Init                             0x08005909   Thumb Code   110  usbd_conf.o(.text.USBD_LL_Init)
    USBD_LL_IsStallEP                        0x08005979   Thumb Code    42  usbd_conf.o(.text.USBD_LL_IsStallEP)
    USBD_LL_IsoINIncomplete                  0x080059a5   Thumb Code    44  usbd_core.o(.text.USBD_LL_IsoINIncomplete)
    USBD_LL_IsoOUTIncomplete                 0x080059d1   Thumb Code    44  usbd_core.o(.text.USBD_LL_IsoOUTIncomplete)
    USBD_LL_OpenEP                           0x080059fd   Thumb Code    40  usbd_conf.o(.text.USBD_LL_OpenEP)
    USBD_LL_PrepareReceive                   0x08005a25   Thumb Code    34  usbd_conf.o(.text.USBD_LL_PrepareReceive)
    USBD_LL_Reset                            0x08005a49   Thumb Code    98  usbd_core.o(.text.USBD_LL_Reset)
    USBD_LL_Resume                           0x08005aad   Thumb Code    20  usbd_core.o(.text.USBD_LL_Resume)
    USBD_LL_SOF                              0x08005ac1   Thumb Code    30  usbd_core.o(.text.USBD_LL_SOF)
    USBD_LL_SetSpeed                         0x08005ae1   Thumb Code     8  usbd_core.o(.text.USBD_LL_SetSpeed)
    USBD_LL_SetUSBAddress                    0x08005ae9   Thumb Code    34  usbd_conf.o(.text.USBD_LL_SetUSBAddress)
    USBD_LL_SetupStage                       0x08005b0d   Thumb Code    96  usbd_core.o(.text.USBD_LL_SetupStage)
    USBD_LL_StallEP                          0x08005b6d   Thumb Code    34  usbd_conf.o(.text.USBD_LL_StallEP)
    USBD_LL_Start                            0x08005b91   Thumb Code    34  usbd_conf.o(.text.USBD_LL_Start)
    USBD_LL_Suspend                          0x08005bb5   Thumb Code    28  usbd_core.o(.text.USBD_LL_Suspend)
    USBD_LL_Transmit                         0x08005bd1   Thumb Code    34  usbd_conf.o(.text.USBD_LL_Transmit)
    USBD_ParseSetupRequest                   0x08005bf5   Thumb Code    22  usbd_ctlreq.o(.text.USBD_ParseSetupRequest)
    USBD_RegisterClass                       0x08005c0d   Thumb Code    66  usbd_core.o(.text.USBD_RegisterClass)
    USBD_SetClassConfig                      0x08005c51   Thumb Code    16  usbd_core.o(.text.USBD_SetClassConfig)
    USBD_Start                               0x08005c61   Thumb Code     4  usbd_core.o(.text.USBD_Start)
    USBD_StdDevReq                           0x08005c65   Thumb Code   842  usbd_ctlreq.o(.text.USBD_StdDevReq)
    USBD_StdEPReq                            0x08005fb1   Thumb Code   326  usbd_ctlreq.o(.text.USBD_StdEPReq)
    USBD_StdItfReq                           0x080060f9   Thumb Code   120  usbd_ctlreq.o(.text.USBD_StdItfReq)
    USBD_static_free                         0x08006171   Thumb Code     2  usbd_conf.o(.text.USBD_static_free)
    USBD_static_malloc                       0x08006175   Thumb Code    10  usbd_conf.o(.text.USBD_static_malloc)
    USB_ActivateEndpoint                     0x08006181   Thumb Code   128  stm32f4xx_ll_usb.o(.text.USB_ActivateEndpoint)
    USB_ActivateSetup                        0x08006201   Thumb Code    32  stm32f4xx_ll_usb.o(.text.USB_ActivateSetup)
    USB_CoreInit                             0x08006221   Thumb Code   276  stm32f4xx_ll_usb.o(.text.USB_CoreInit)
    USB_DeactivateEndpoint                   0x08006335   Thumb Code   128  stm32f4xx_ll_usb.o(.text.USB_DeactivateEndpoint)
    USB_DevConnect                           0x080063b5   Thumb Code    30  stm32f4xx_ll_usb.o(.text.USB_DevConnect)
    USB_DevDisconnect                        0x080063d5   Thumb Code    30  stm32f4xx_ll_usb.o(.text.USB_DevDisconnect)
    USB_DevInit                              0x080063f5   Thumb Code   490  stm32f4xx_ll_usb.o(.text.USB_DevInit)
    USB_DisableGlobalInt                     0x080065e1   Thumb Code    14  stm32f4xx_ll_usb.o(.text.USB_DisableGlobalInt)
    USB_EP0_OutStart                         0x080065f1   Thumb Code    90  stm32f4xx_ll_usb.o(.text.USB_EP0_OutStart)
    USB_EPClearStall                         0x0800664d   Thumb Code    80  stm32f4xx_ll_usb.o(.text.USB_EPClearStall)
    USB_EPSetStall                           0x0800669d   Thumb Code    60  stm32f4xx_ll_usb.o(.text.USB_EPSetStall)
    USB_EPStartXfer                          0x080066d9   Thumb Code   496  stm32f4xx_ll_usb.o(.text.USB_EPStartXfer)
    USB_EPStopXfer                           0x080068c9   Thumb Code   138  stm32f4xx_ll_usb.o(.text.USB_EPStopXfer)
    USB_EnableGlobalInt                      0x08006955   Thumb Code    14  stm32f4xx_ll_usb.o(.text.USB_EnableGlobalInt)
    USB_FlushTxFifo                          0x08006965   Thumb Code    72  stm32f4xx_ll_usb.o(.text.USB_FlushTxFifo)
    USB_GetDevSpeed                          0x080069ad   Thumb Code    26  stm32f4xx_ll_usb.o(.text.USB_GetDevSpeed)
    USB_GetMode                              0x080069c9   Thumb Code     8  stm32f4xx_ll_usb.o(.text.USB_GetMode)
    USB_ReadDevAllInEpInterrupt              0x080069d1   Thumb Code    14  stm32f4xx_ll_usb.o(.text.USB_ReadDevAllInEpInterrupt)
    USB_ReadDevAllOutEpInterrupt             0x080069e1   Thumb Code    14  stm32f4xx_ll_usb.o(.text.USB_ReadDevAllOutEpInterrupt)
    USB_ReadDevInEPInterrupt                 0x080069f1   Thumb Code    36  stm32f4xx_ll_usb.o(.text.USB_ReadDevInEPInterrupt)
    USB_ReadDevOutEPInterrupt                0x08006a15   Thumb Code    16  stm32f4xx_ll_usb.o(.text.USB_ReadDevOutEPInterrupt)
    USB_ReadInterrupts                       0x08006a25   Thumb Code     8  stm32f4xx_ll_usb.o(.text.USB_ReadInterrupts)
    USB_ReadPacket                           0x08006a2d   Thumb Code    66  stm32f4xx_ll_usb.o(.text.USB_ReadPacket)
    USB_SetCurrentMode                       0x08006a71   Thumb Code   100  stm32f4xx_ll_usb.o(.text.USB_SetCurrentMode)
    USB_SetDevAddress                        0x08006ad5   Thumb Code    34  stm32f4xx_ll_usb.o(.text.USB_SetDevAddress)
    USB_SetTurnaroundTime                    0x08006af9   Thumb Code   272  stm32f4xx_ll_usb.o(.text.USB_SetTurnaroundTime)
    USB_WritePacket                          0x08006c09   Thumb Code    40  stm32f4xx_ll_usb.o(.text.USB_WritePacket)
    UsageFault_Handler                       0x08006c31   Thumb Code     2  stm32f4xx_it.o(.text.UsageFault_Handler)
    DR16_UART3_Callback(unsigned char*, unsigned short) 0x08006d41   Thumb Code    14  task.o(.text._Z19DR16_UART3_CallbackPht)
    Task1ms_TIM5_Callback()                  0x08006d51   Thumb Code    62  task.o(.text._Z21Task1ms_TIM5_Callbackv)
    Math_Endian_Reverse_16(void*, void*)     0x08006d91   Thumb Code    10  drv_math.o(.text._Z22Math_Endian_Reverse_16PvS_)
    Chassis_Device_CAN1_Callback(Struct_CAN_Rx_Buffer*) 0x08006d9d   Thumb Code    28  task.o(.text._Z28Chassis_Device_CAN1_CallbackP20Struct_CAN_Rx_Buffer)
    UART_Init(__UART_HandleTypeDef*, void (*)(unsigned char*, unsigned short), unsigned short) 0x08006dc9   Thumb Code   170  drv_uart.o(.text._Z9UART_InitP20__UART_HandleTypeDefPFvPhtEt)
    Class_DR16::DR16_Data_Process()          0x08006e75   Thumb Code   600  dvc_dr16.o(.text._ZN10Class_DR1617DR16_Data_ProcessEv)
    Class_DR16::DR16_UART_RxCpltCallback(unsigned char*) 0x080070d1   Thumb Code    36  dvc_dr16.o(.text._ZN10Class_DR1624DR16_UART_RxCpltCallbackEPh)
    Class_DR16::TIM1msMod50_Alive_PeriodElapsedCallback() 0x080070f5   Thumb Code    76  dvc_dr16.o(.text._ZN10Class_DR1639TIM1msMod50_Alive_PeriodElapsedCallbackEv)
    Class_DR16::Init(__UART_HandleTypeDef*, __UART_HandleTypeDef*) 0x08007141   Thumb Code   274  dvc_dr16.o(.text._ZN10Class_DR164InitEP20__UART_HandleTypeDefS1_)
    Class_Slope::Init(float, float)          0x08007255   Thumb Code    14  alg_slope.o(.text._ZN11Class_Slope4InitEff)
    Class_DJI_Motor_C620::Data_Process()     0x08007265   Thumb Code   296  dvc_djimotor.o(.text._ZN20Class_DJI_Motor_C62012Data_ProcessEv)
    Class_DJI_Motor_C620::CAN_RxCpltCallback(unsigned char*) 0x0800739d   Thumb Code    14  dvc_djimotor.o(.text._ZN20Class_DJI_Motor_C62018CAN_RxCpltCallbackEPh)
    Class_DJI_Motor_C620::TIM_PID_PeriodElapsedCallback() 0x080073ad   Thumb Code   164  dvc_djimotor.o(.text._ZN20Class_DJI_Motor_C62029TIM_PID_PeriodElapsedCallbackEv)
    Class_DJI_Motor_C620::Init(CAN_HandleTypeDef*, Enum_DJI_Motor_ID, Enum_DJI_Motor_Control_Method, float, float) 0x08007455   Thumb Code   152  dvc_djimotor.o(.text._ZN20Class_DJI_Motor_C6204InitEP17CAN_HandleTypeDef17Enum_DJI_Motor_ID29Enum_DJI_Motor_Control_Methodff)
    Class_Tricycle_Chassis::Speed_Resolution() 0x080074ed   Thumb Code   364  crt_chassis.o(.text._ZN22Class_Tricycle_Chassis16Speed_ResolutionEv)
    Class_Tricycle_Chassis::TIM_Calculate_PeriodElapsedCallback(Enum_Sprint_Status) 0x08007665   Thumb Code     4  crt_chassis.o(.text._ZN22Class_Tricycle_Chassis35TIM_Calculate_PeriodElapsedCallbackE18Enum_Sprint_Status)
    Class_Tricycle_Chassis::Init(float, float, float, float) 0x08007669   Thumb Code   280  crt_chassis.o(.text._ZN22Class_Tricycle_Chassis4InitEffff)
    Class_PID::TIM_Adjust_PeriodElapsedCallback() 0x080077a5   Thumb Code   448  alg_pid.o(.text._ZN9Class_PID32TIM_Adjust_PeriodElapsedCallbackEv)
    Class_PID::Init(float, float, float, float, float, float, float, float, float, float, float, Enum_PID_D_First) 0x08007969   Thumb Code    16  alg_pid.o(.text._ZN9Class_PID4InitEfffffffffff16Enum_PID_D_First)
    main                                     0x08007979   Thumb Code   102  main.o(.text.main)
    _fp_init                                 0x080079df   Thumb Code    26  fpinit.o(x$fpl$fpinit)
    __fplib_config_fpu_vfp                   0x080079f7   Thumb Code     0  fpinit.o(x$fpl$fpinit)
    __fplib_config_pureend_doubles           0x080079f7   Thumb Code     0  fpinit.o(x$fpl$fpinit)
    AHBPrescTable                            0x08007a48   Data          16  system_stm32f4xx.o(.rodata.AHBPrescTable)
    APBPrescTable                            0x08007a58   Data           8  system_stm32f4xx.o(.rodata.APBPrescTable)
    Region$$Table$$Base                      0x08007a68   Number         0  anon$$obj.o(Region$$Table)
    Region$$Table$$Limit                     0x08007a88   Number         0  anon$$obj.o(Region$$Table)
    SHT$$INIT_ARRAY$$Base                    0x08007a88   Number         0  task.o(.init_array)
    SHT$$INIT_ARRAY$$Limit                   0x08007a8c   Number         0  init_aeabi.o(.init_array)
    FS_Desc                                  0x20000000   Data          28  usbd_desc.o(.data.FS_Desc)
    SystemCoreClock                          0x2000001c   Data           4  system_stm32f4xx.o(.data.SystemCoreClock)
    USBD_CDC                                 0x20000020   Data          56  usbd_cdc.o(.data.USBD_CDC)
    USBD_FS_DeviceDesc                       0x200000a8   Data          18  usbd_desc.o(.data.USBD_FS_DeviceDesc)
    USBD_Interface_fops_FS                   0x200000bc   Data          20  usbd_cdc_if.o(.data.USBD_Interface_fops_FS)
    USBD_LangIDDesc                          0x200000d0   Data           4  usbd_desc.o(.data.USBD_LangIDDesc)
    USBD_StringSerial                        0x200000d4   Data          26  usbd_desc.o(.data.USBD_StringSerial)
    uwTickFreq                               0x200000ee   Data           1  stm32f4xx_hal.o(.data.uwTickFreq)
    uwTickPrio                               0x200000f0   Data           4  stm32f4xx_hal.o(.data.uwTickPrio)
    __libspace_start                         0x200000f8   Data          96  libspace.o(.bss)
    CAN1_0x1ff_Tx_Data                       0x20000158   Data           8  drv_can.o(.bss.CAN1_0x1ff_Tx_Data)
    __temporary_stack_top$libspace           0x20000158   Data           0  libspace.o(.bss)
    CAN1_0x200_Tx_Data                       0x20000160   Data           8  drv_can.o(.bss.CAN1_0x200_Tx_Data)
    CAN1_0x2ff_Tx_Data                       0x20000168   Data           8  drv_can.o(.bss.CAN1_0x2ff_Tx_Data)
    CAN1_Manage_Object                       0x20000170   Data          44  drv_can.o(.bss.CAN1_Manage_Object)
    CAN2_0x1ff_Tx_Data                       0x2000019c   Data           8  drv_can.o(.bss.CAN2_0x1ff_Tx_Data)
    CAN2_0x200_Tx_Data                       0x200001a4   Data           8  drv_can.o(.bss.CAN2_0x200_Tx_Data)
    CAN2_0x2ff_Tx_Data                       0x200001ac   Data           8  drv_can.o(.bss.CAN2_0x2ff_Tx_Data)
    CAN2_Manage_Object                       0x200001b4   Data          44  drv_can.o(.bss.CAN2_Manage_Object)
    DR16                                     0x200001e0   Data         180  task.o(.bss.DR16)
    TIM10_Manage_Object                      0x20000298   Data           8  drv_tim.o(.bss.TIM10_Manage_Object)
    TIM11_Manage_Object                      0x200002a0   Data           8  drv_tim.o(.bss.TIM11_Manage_Object)
    TIM12_Manage_Object                      0x200002a8   Data           8  drv_tim.o(.bss.TIM12_Manage_Object)
    TIM13_Manage_Object                      0x200002b0   Data           8  drv_tim.o(.bss.TIM13_Manage_Object)
    TIM14_Manage_Object                      0x200002b8   Data           8  drv_tim.o(.bss.TIM14_Manage_Object)
    TIM1_Manage_Object                       0x200002c0   Data           8  drv_tim.o(.bss.TIM1_Manage_Object)
    TIM2_Manage_Object                       0x200002c8   Data           8  drv_tim.o(.bss.TIM2_Manage_Object)
    TIM3_Manage_Object                       0x200002d0   Data           8  drv_tim.o(.bss.TIM3_Manage_Object)
    TIM4_Manage_Object                       0x200002d8   Data           8  drv_tim.o(.bss.TIM4_Manage_Object)
    TIM5_Manage_Object                       0x200002e0   Data           8  drv_tim.o(.bss.TIM5_Manage_Object)
    TIM6_Manage_Object                       0x200002e8   Data           8  drv_tim.o(.bss.TIM6_Manage_Object)
    TIM7_Manage_Object                       0x200002f0   Data           8  drv_tim.o(.bss.TIM7_Manage_Object)
    TIM8_Manage_Object                       0x200002f8   Data           8  drv_tim.o(.bss.TIM8_Manage_Object)
    TIM9_Manage_Object                       0x20000300   Data           8  drv_tim.o(.bss.TIM9_Manage_Object)
    UART1_Manage_Object                      0x20000308   Data        1040  drv_uart.o(.bss.UART1_Manage_Object)
    UART2_Manage_Object                      0x20000718   Data        1040  drv_uart.o(.bss.UART2_Manage_Object)
    UART3_Manage_Object                      0x20000b28   Data        1040  drv_uart.o(.bss.UART3_Manage_Object)
    UART4_Manage_Object                      0x20000f38   Data        1040  drv_uart.o(.bss.UART4_Manage_Object)
    UART5_Manage_Object                      0x20001348   Data        1040  drv_uart.o(.bss.UART5_Manage_Object)
    UART6_Manage_Object                      0x20001758   Data        1040  drv_uart.o(.bss.UART6_Manage_Object)
    USBD_StrDesc                             0x20001b6c   Data         512  usbd_desc.o(.bss.USBD_StrDesc)
    UserRxBufferFS                           0x20001f8c   Data        2048  usbd_cdc_if.o(.bss.UserRxBufferFS)
    UserTxBufferFS                           0x2000278c   Data        2048  usbd_cdc_if.o(.bss.UserTxBufferFS)
    chassis                                  0x20002f9c   Data        1260  task.o(.bss.chassis)
    hUsbDeviceFS                             0x20003488   Data         732  usb_device.o(.bss.hUsbDeviceFS)
    hcan1                                    0x20003764   Data          40  can.o(.bss.hcan1)
    hcan2                                    0x2000378c   Data          40  can.o(.bss.hcan2)
    hdma_i2c3_rx                             0x200037b4   Data          96  i2c.o(.bss.hdma_i2c3_rx)
    hdma_i2c3_tx                             0x20003814   Data          96  i2c.o(.bss.hdma_i2c3_tx)
    hdma_spi1_rx                             0x20003874   Data          96  spi.o(.bss.hdma_spi1_rx)
    hdma_spi1_tx                             0x200038d4   Data          96  spi.o(.bss.hdma_spi1_tx)
    hdma_usart1_rx                           0x20003934   Data          96  usart.o(.bss.hdma_usart1_rx)
    hdma_usart1_tx                           0x20003994   Data          96  usart.o(.bss.hdma_usart1_tx)
    hdma_usart3_rx                           0x200039f4   Data          96  usart.o(.bss.hdma_usart3_rx)
    hdma_usart6_rx                           0x20003a54   Data          96  usart.o(.bss.hdma_usart6_rx)
    hdma_usart6_tx                           0x20003ab4   Data          96  usart.o(.bss.hdma_usart6_tx)
    hi2c3                                    0x20003b14   Data          84  i2c.o(.bss.hi2c3)
    hpcd_USB_OTG_FS                          0x20003b68   Data        1252  usbd_conf.o(.bss.hpcd_USB_OTG_FS)
    hspi1                                    0x2000404c   Data          88  spi.o(.bss.hspi1)
    htim1                                    0x200040a4   Data          72  tim.o(.bss.htim1)
    htim10                                   0x200040ec   Data          72  tim.o(.bss.htim10)
    htim3                                    0x20004134   Data          72  tim.o(.bss.htim3)
    htim4                                    0x2000417c   Data          72  tim.o(.bss.htim4)
    htim5                                    0x200041c4   Data          72  tim.o(.bss.htim5)
    huart1                                   0x2000420c   Data          72  usart.o(.bss.huart1)
    huart3                                   0x20004254   Data          72  usart.o(.bss.huart3)
    huart6                                   0x2000429c   Data          72  usart.o(.bss.huart6)
    uwTick                                   0x200042e4   Data           4  stm32f4xx_hal.o(.bss.uwTick)



==============================================================================

Memory Map of the image

  Image Entry point : 0x08000189

  Load Region LR_IROM1 (Base: 0x08000000, Size: 0x00007b88, Max: 0x00100000, ABSOLUTE)

    Execution Region ER_IROM1 (Exec base: 0x08000000, Load base: 0x08000000, Size: 0x00007a8c, Max: 0x00100000, ABSOLUTE)

    Exec Addr    Load Addr    Size         Type   Attr      Idx    E Section Name        Object

    0x08000000   0x08000000   0x00000188   Data   RO            3    RESET               startup_stm32f407xx.o
    0x08000188   0x08000188   0x00000008   Code   RO         2292  * !!!main             c_w.l(__main.o)
    0x08000190   0x08000190   0x0000005c   Code   RO         2479    !!!scatter          c_w.l(__scatter.o)
    0x080001ec   0x080001ec   0x0000001a   Code   RO         2483    !!handler_copy      c_w.l(__scatter_copy.o)
    0x08000206   0x08000206   0x00000002   PAD
    0x08000208   0x08000208   0x00000002   Code   RO         2480    !!handler_null      c_w.l(__scatter.o)
    0x0800020a   0x0800020a   0x00000002   PAD
    0x0800020c   0x0800020c   0x0000001c   Code   RO         2485    !!handler_zi        c_w.l(__scatter_zi.o)
    0x08000228   0x08000228   0x00000002   Code   RO         2396    .ARM.Collect$$libinit$$00000000  c_w.l(libinit.o)
    0x0800022a   0x0800022a   0x00000004   Code   RO         2307    .ARM.Collect$$libinit$$00000001  c_w.l(libinit2.o)
    0x0800022e   0x0800022e   0x00000000   Code   RO         2310    .ARM.Collect$$libinit$$00000004  c_w.l(libinit2.o)
    0x0800022e   0x0800022e   0x00000000   Code   RO         2312    .ARM.Collect$$libinit$$00000006  c_w.l(libinit2.o)
    0x0800022e   0x0800022e   0x00000000   Code   RO         2315    .ARM.Collect$$libinit$$0000000C  c_w.l(libinit2.o)
    0x0800022e   0x0800022e   0x00000000   Code   RO         2317    .ARM.Collect$$libinit$$0000000E  c_w.l(libinit2.o)
    0x0800022e   0x0800022e   0x00000000   Code   RO         2319    .ARM.Collect$$libinit$$00000010  c_w.l(libinit2.o)
    0x0800022e   0x0800022e   0x00000000   Code   RO         2322    .ARM.Collect$$libinit$$00000013  c_w.l(libinit2.o)
    0x0800022e   0x0800022e   0x00000000   Code   RO         2324    .ARM.Collect$$libinit$$00000015  c_w.l(libinit2.o)
    0x0800022e   0x0800022e   0x00000000   Code   RO         2326    .ARM.Collect$$libinit$$00000017  c_w.l(libinit2.o)
    0x0800022e   0x0800022e   0x00000000   Code   RO         2328    .ARM.Collect$$libinit$$00000019  c_w.l(libinit2.o)
    0x0800022e   0x0800022e   0x00000000   Code   RO         2330    .ARM.Collect$$libinit$$0000001B  c_w.l(libinit2.o)
    0x0800022e   0x0800022e   0x00000000   Code   RO         2332    .ARM.Collect$$libinit$$0000001D  c_w.l(libinit2.o)
    0x0800022e   0x0800022e   0x00000000   Code   RO         2334    .ARM.Collect$$libinit$$0000001F  c_w.l(libinit2.o)
    0x0800022e   0x0800022e   0x00000000   Code   RO         2336    .ARM.Collect$$libinit$$00000021  c_w.l(libinit2.o)
    0x0800022e   0x0800022e   0x00000000   Code   RO         2338    .ARM.Collect$$libinit$$00000023  c_w.l(libinit2.o)
    0x0800022e   0x0800022e   0x00000000   Code   RO         2340    .ARM.Collect$$libinit$$00000025  c_w.l(libinit2.o)
    0x0800022e   0x0800022e   0x00000000   Code   RO         2342    .ARM.Collect$$libinit$$00000027  c_w.l(libinit2.o)
    0x0800022e   0x0800022e   0x00000000   Code   RO         2346    .ARM.Collect$$libinit$$0000002E  c_w.l(libinit2.o)
    0x0800022e   0x0800022e   0x00000000   Code   RO         2348    .ARM.Collect$$libinit$$00000030  c_w.l(libinit2.o)
    0x0800022e   0x0800022e   0x00000000   Code   RO         2350    .ARM.Collect$$libinit$$00000032  c_w.l(libinit2.o)
    0x0800022e   0x0800022e   0x00000004   Code   RO         2351    .ARM.Collect$$libinit$$00000033  c_w.l(libinit2.o)
    0x08000232   0x08000232   0x00000000   Code   RO         2352    .ARM.Collect$$libinit$$00000034  c_w.l(libinit2.o)
    0x08000232   0x08000232   0x00000002   Code   RO         2353    .ARM.Collect$$libinit$$00000035  c_w.l(libinit2.o)
    0x08000234   0x08000234   0x00000002   Code   RO         2446    .ARM.Collect$$libshutdown$$00000000  c_w.l(libshutdown.o)
    0x08000236   0x08000236   0x00000000   Code   RO         2462    .ARM.Collect$$libshutdown$$00000002  c_w.l(libshutdown2.o)
    0x08000236   0x08000236   0x00000000   Code   RO         2464    .ARM.Collect$$libshutdown$$00000004  c_w.l(libshutdown2.o)
    0x08000236   0x08000236   0x00000000   Code   RO         2467    .ARM.Collect$$libshutdown$$00000007  c_w.l(libshutdown2.o)
    0x08000236   0x08000236   0x00000000   Code   RO         2470    .ARM.Collect$$libshutdown$$0000000A  c_w.l(libshutdown2.o)
    0x08000236   0x08000236   0x00000000   Code   RO         2472    .ARM.Collect$$libshutdown$$0000000C  c_w.l(libshutdown2.o)
    0x08000236   0x08000236   0x00000000   Code   RO         2475    .ARM.Collect$$libshutdown$$0000000F  c_w.l(libshutdown2.o)
    0x08000236   0x08000236   0x00000002   Code   RO         2476    .ARM.Collect$$libshutdown$$00000010  c_w.l(libshutdown2.o)
    0x08000238   0x08000238   0x00000000   Code   RO         2300    .ARM.Collect$$rtentry$$00000000  c_w.l(__rtentry.o)
    0x08000238   0x08000238   0x00000000   Code   RO         2359    .ARM.Collect$$rtentry$$00000002  c_w.l(__rtentry2.o)
    0x08000238   0x08000238   0x00000006   Code   RO         2371    .ARM.Collect$$rtentry$$00000004  c_w.l(__rtentry4.o)
    0x0800023e   0x0800023e   0x00000000   Code   RO         2361    .ARM.Collect$$rtentry$$00000009  c_w.l(__rtentry2.o)
    0x0800023e   0x0800023e   0x00000004   Code   RO         2362    .ARM.Collect$$rtentry$$0000000A  c_w.l(__rtentry2.o)
    0x08000242   0x08000242   0x00000000   Code   RO         2364    .ARM.Collect$$rtentry$$0000000C  c_w.l(__rtentry2.o)
    0x08000242   0x08000242   0x00000008   Code   RO         2365    .ARM.Collect$$rtentry$$0000000D  c_w.l(__rtentry2.o)
    0x0800024a   0x0800024a   0x00000002   Code   RO         2404    .ARM.Collect$$rtexit$$00000000  c_w.l(rtexit.o)
    0x0800024c   0x0800024c   0x00000000   Code   RO         2426    .ARM.Collect$$rtexit$$00000002  c_w.l(rtexit2.o)
    0x0800024c   0x0800024c   0x00000004   Code   RO         2427    .ARM.Collect$$rtexit$$00000003  c_w.l(rtexit2.o)
    0x08000250   0x08000250   0x00000006   Code   RO         2428    .ARM.Collect$$rtexit$$00000004  c_w.l(rtexit2.o)
    0x08000256   0x08000256   0x00000002   PAD
    0x08000258   0x08000258   0x00000040   Code   RO            4    .text               startup_stm32f407xx.o
    0x08000298   0x08000298   0x000000f0   Code   RO         2284    .text               c_w.l(lludivv7m.o)
    0x08000388   0x08000388   0x0000008a   Code   RO         2286    .text               c_w.l(rt_memcpy_v6.o)
    0x08000412   0x08000412   0x0000004e   Code   RO         2288    .text               c_w.l(rt_memclr_w.o)
    0x08000460   0x08000460   0x00000006   Code   RO         2290    .text               c_w.l(heapauxi.o)
    0x08000466   0x08000466   0x00000002   PAD
    0x08000468   0x08000468   0x0000002c   Code   RO         2297    .text               c_w.l(init_aeabi.o)
    0x08000494   0x08000494   0x00000064   Code   RO         2305    .text               c_w.l(rt_memcpy_w.o)
    0x080004f8   0x080004f8   0x0000004a   Code   RO         2379    .text               c_w.l(sys_stackheap_outer.o)
    0x08000542   0x08000542   0x00000012   Code   RO         2381    .text               c_w.l(exit.o)
    0x08000554   0x08000554   0x00000008   Code   RO         2401    .text               c_w.l(libspace.o)
    0x0800055c   0x0800055c   0x0000000c   Code   RO         2418    .text               c_w.l(sys_exit.o)
    0x08000568   0x08000568   0x00000002   Code   RO         2422    .text               c_w.l(use_no_semi.o)
    0x0800056a   0x0800056a   0x00000000   Code   RO         2424    .text               c_w.l(indicate_semi.o)
    0x0800056a   0x0800056a   0x00000002   PAD
    0x0800056c   0x0800056c   0x00000002   Code   RO          157    .text.BusFault_Handler  stm32f4xx_it.o
    0x0800056e   0x0800056e   0x00000002   PAD
    0x08000570   0x08000570   0x0000000c   Code   RO          181    .text.CAN1_RX0_IRQHandler  stm32f4xx_it.o
    0x0800057c   0x0800057c   0x0000000c   Code   RO          183    .text.CAN1_RX1_IRQHandler  stm32f4xx_it.o
    0x08000588   0x08000588   0x0000000c   Code   RO          201    .text.CAN2_RX0_IRQHandler  stm32f4xx_it.o
    0x08000594   0x08000594   0x0000000c   Code   RO          203    .text.CAN2_RX1_IRQHandler  stm32f4xx_it.o
    0x080005a0   0x080005a0   0x000000c6   Code   RO         1971    .text.CAN_Init      drv_can.o
    0x08000666   0x08000666   0x00000002   PAD
    0x08000668   0x08000668   0x00000004   Code   RO          270    .text.CDC_Control_FS  usbd_cdc_if.o
    0x0800066c   0x0800066c   0x00000004   Code   RO          268    .text.CDC_DeInit_FS  usbd_cdc_if.o
    0x08000670   0x08000670   0x0000002c   Code   RO          266    .text.CDC_Init_FS   usbd_cdc_if.o
    0x0800069c   0x0800069c   0x0000001c   Code   RO          272    .text.CDC_Receive_FS  usbd_cdc_if.o
    0x080006b8   0x080006b8   0x00000004   Code   RO          274    .text.CDC_TransmitCplt_FS  usbd_cdc_if.o
    0x080006bc   0x080006bc   0x0000000c   Code   RO          175    .text.DMA1_Stream1_IRQHandler  stm32f4xx_it.o
    0x080006c8   0x080006c8   0x0000000c   Code   RO          177    .text.DMA1_Stream2_IRQHandler  stm32f4xx_it.o
    0x080006d4   0x080006d4   0x0000000c   Code   RO          179    .text.DMA1_Stream4_IRQHandler  stm32f4xx_it.o
    0x080006e0   0x080006e0   0x0000000c   Code   RO          195    .text.DMA2_Stream1_IRQHandler  stm32f4xx_it.o
    0x080006ec   0x080006ec   0x0000000c   Code   RO          197    .text.DMA2_Stream2_IRQHandler  stm32f4xx_it.o
    0x080006f8   0x080006f8   0x0000000c   Code   RO          199    .text.DMA2_Stream3_IRQHandler  stm32f4xx_it.o
    0x08000704   0x08000704   0x0000000c   Code   RO          207    .text.DMA2_Stream5_IRQHandler  stm32f4xx_it.o
    0x08000710   0x08000710   0x0000000c   Code   RO          209    .text.DMA2_Stream6_IRQHandler  stm32f4xx_it.o
    0x0800071c   0x0800071c   0x0000000c   Code   RO          211    .text.DMA2_Stream7_IRQHandler  stm32f4xx_it.o
    0x08000728   0x08000728   0x00000002   Code   RO          163    .text.DebugMon_Handler  stm32f4xx_it.o
    0x0800072a   0x0800072a   0x00000002   PAD
    0x0800072c   0x0800072c   0x00000006   Code   RO          169    .text.EXTI0_IRQHandler  stm32f4xx_it.o
    0x08000732   0x08000732   0x00000002   PAD
    0x08000734   0x08000734   0x00000006   Code   RO          171    .text.EXTI3_IRQHandler  stm32f4xx_it.o
    0x0800073a   0x0800073a   0x00000002   PAD
    0x0800073c   0x0800073c   0x00000006   Code   RO          173    .text.EXTI4_IRQHandler  stm32f4xx_it.o
    0x08000742   0x08000742   0x00000002   PAD
    0x08000744   0x08000744   0x00000006   Code   RO          185    .text.EXTI9_5_IRQHandler  stm32f4xx_it.o
    0x0800074a   0x0800074a   0x00000002   PAD
    0x0800074c   0x0800074c   0x00000006   Code   RO           15    .text.Error_Handler  main.o
    0x08000752   0x08000752   0x00000002   PAD
    0x08000754   0x08000754   0x00000026   Code   RO          979    .text.HAL_CAN_ActivateNotification  stm32f4xx_hal_can.o
    0x0800077a   0x0800077a   0x00000002   PAD
    0x0800077c   0x0800077c   0x00000094   Code   RO          965    .text.HAL_CAN_AddTxMessage  stm32f4xx_hal_can.o
    0x08000810   0x08000810   0x000000de   Code   RO          955    .text.HAL_CAN_ConfigFilter  stm32f4xx_hal_can.o
    0x080008ee   0x080008ee   0x00000002   PAD
    0x080008f0   0x080008f0   0x00000002   Code   RO         1009    .text.HAL_CAN_ErrorCallback  stm32f4xx_hal_can.o
    0x080008f2   0x080008f2   0x00000002   PAD
    0x080008f4   0x080008f4   0x0000011c   Code   RO          975    .text.HAL_CAN_GetRxMessage  stm32f4xx_hal_can.o
    0x08000a10   0x08000a10   0x00000242   Code   RO          983    .text.HAL_CAN_IRQHandler  stm32f4xx_hal_can.o
    0x08000c52   0x08000c52   0x00000002   PAD
    0x08000c54   0x08000c54   0x000000f4   Code   RO          945    .text.HAL_CAN_Init  stm32f4xx_hal_can.o
    0x08000d48   0x08000d48   0x00000132   Code   RO           38    .text.HAL_CAN_MspInit  can.o
    0x08000e7a   0x08000e7a   0x00000002   PAD
    0x08000e7c   0x08000e7c   0x00000002   Code   RO          997    .text.HAL_CAN_RxFifo0FullCallback  stm32f4xx_hal_can.o
    0x08000e7e   0x08000e7e   0x00000002   PAD
    0x08000e80   0x08000e80   0x0000004c   Code   RO         1977    .text.HAL_CAN_RxFifo0MsgPendingCallback  drv_can.o
    0x08000ecc   0x08000ecc   0x00000002   Code   RO         1001    .text.HAL_CAN_RxFifo1FullCallback  stm32f4xx_hal_can.o
    0x08000ece   0x08000ece   0x00000002   PAD
    0x08000ed0   0x08000ed0   0x0000004c   Code   RO         1979    .text.HAL_CAN_RxFifo1MsgPendingCallback  drv_can.o
    0x08000f1c   0x08000f1c   0x00000002   Code   RO         1005    .text.HAL_CAN_SleepCallback  stm32f4xx_hal_can.o
    0x08000f1e   0x08000f1e   0x00000002   PAD
    0x08000f20   0x08000f20   0x0000005a   Code   RO          957    .text.HAL_CAN_Start  stm32f4xx_hal_can.o
    0x08000f7a   0x08000f7a   0x00000002   PAD
    0x08000f7c   0x08000f7c   0x00000002   Code   RO          987    .text.HAL_CAN_TxMailbox0AbortCallback  stm32f4xx_hal_can.o
    0x08000f7e   0x08000f7e   0x00000002   PAD
    0x08000f80   0x08000f80   0x00000002   Code   RO          985    .text.HAL_CAN_TxMailbox0CompleteCallback  stm32f4xx_hal_can.o
    0x08000f82   0x08000f82   0x00000002   PAD
    0x08000f84   0x08000f84   0x00000002   Code   RO          991    .text.HAL_CAN_TxMailbox1AbortCallback  stm32f4xx_hal_can.o
    0x08000f86   0x08000f86   0x00000002   PAD
    0x08000f88   0x08000f88   0x00000002   Code   RO          989    .text.HAL_CAN_TxMailbox1CompleteCallback  stm32f4xx_hal_can.o
    0x08000f8a   0x08000f8a   0x00000002   PAD
    0x08000f8c   0x08000f8c   0x00000002   Code   RO          995    .text.HAL_CAN_TxMailbox2AbortCallback  stm32f4xx_hal_can.o
    0x08000f8e   0x08000f8e   0x00000002   PAD
    0x08000f90   0x08000f90   0x00000002   Code   RO          993    .text.HAL_CAN_TxMailbox2CompleteCallback  stm32f4xx_hal_can.o
    0x08000f92   0x08000f92   0x00000002   PAD
    0x08000f94   0x08000f94   0x00000002   Code   RO         1007    .text.HAL_CAN_WakeUpFromRxMsgCallback  stm32f4xx_hal_can.o
    0x08000f96   0x08000f96   0x00000002   PAD
    0x08000f98   0x08000f98   0x00000080   Code   RO          715    .text.HAL_DMA_Abort  stm32f4xx_hal_dma.o
    0x08001018   0x08001018   0x00000024   Code   RO          717    .text.HAL_DMA_Abort_IT  stm32f4xx_hal_dma.o
    0x0800103c   0x0800103c   0x00000188   Code   RO          721    .text.HAL_DMA_IRQHandler  stm32f4xx_hal_dma.o
    0x080011c4   0x080011c4   0x0000013e   Code   RO          707    .text.HAL_DMA_Init  stm32f4xx_hal_dma.o
    0x08001302   0x08001302   0x00000002   PAD
    0x08001304   0x08001304   0x000000a0   Code   RO          713    .text.HAL_DMA_Start_IT  stm32f4xx_hal_dma.o
    0x080013a4   0x080013a4   0x00000028   Code   RO          874    .text.HAL_Delay     stm32f4xx_hal.o
    0x080013cc   0x080013cc   0x00000002   Code   RO          683    .text.HAL_GPIO_EXTI_Callback  stm32f4xx_hal_gpio.o
    0x080013ce   0x080013ce   0x00000002   PAD
    0x080013d0   0x080013d0   0x00000016   Code   RO          681    .text.HAL_GPIO_EXTI_IRQHandler  stm32f4xx_hal_gpio.o
    0x080013e6   0x080013e6   0x00000002   PAD
    0x080013e8   0x080013e8   0x00000194   Code   RO          669    .text.HAL_GPIO_Init  stm32f4xx_hal_gpio.o
    0x0800157c   0x0800157c   0x0000000a   Code   RO          675    .text.HAL_GPIO_WritePin  stm32f4xx_hal_gpio.o
    0x08001586   0x08001586   0x00000002   PAD
    0x08001588   0x08001588   0x0000000c   Code   RO          866    .text.HAL_GetTick   stm32f4xx_hal.o
    0x08001594   0x08001594   0x00000170   Code   RO         1025    .text.HAL_I2C_Init  stm32f4xx_hal_i2c.o
    0x08001704   0x08001704   0x00000136   Code   RO           64    .text.HAL_I2C_MspInit  i2c.o
    0x0800183a   0x0800183a   0x00000002   PAD
    0x0800183c   0x0800183c   0x0000001a   Code   RO          864    .text.HAL_IncTick   stm32f4xx_hal.o
    0x08001856   0x08001856   0x00000002   PAD
    0x08001858   0x08001858   0x00000036   Code   RO          854    .text.HAL_Init      stm32f4xx_hal.o
    0x0800188e   0x0800188e   0x00000002   PAD
    0x08001890   0x08001890   0x00000050   Code   RO          856    .text.HAL_InitTick  stm32f4xx_hal.o
    0x080018e0   0x080018e0   0x00000038   Code   RO          222    .text.HAL_MspInit   stm32f4xx_hal_msp.o
    0x08001918   0x08001918   0x00000022   Code   RO          806    .text.HAL_NVIC_EnableIRQ  stm32f4xx_hal_cortex.o
    0x0800193a   0x0800193a   0x00000002   PAD
    0x0800193c   0x0800193c   0x00000056   Code   RO          804    .text.HAL_NVIC_SetPriority  stm32f4xx_hal_cortex.o
    0x08001992   0x08001992   0x00000002   PAD
    0x08001994   0x08001994   0x00000020   Code   RO          802    .text.HAL_NVIC_SetPriorityGrouping  stm32f4xx_hal_cortex.o
    0x080019b4   0x080019b4   0x00000002   Code   RO          443    .text.HAL_PCDEx_LPM_Callback  stm32f4xx_hal_pcd_ex.o
    0x080019b6   0x080019b6   0x00000002   PAD
    0x080019b8   0x080019b8   0x00000008   Code   RO          441    .text.HAL_PCDEx_SetRxFiFo  stm32f4xx_hal_pcd_ex.o
    0x080019c0   0x080019c0   0x0000004e   Code   RO          439    .text.HAL_PCDEx_SetTxFiFo  stm32f4xx_hal_pcd_ex.o
    0x08001a0e   0x08001a0e   0x00000002   PAD
    0x08001a10   0x08001a10   0x00000008   Code   RO          311    .text.HAL_PCD_ConnectCallback  usbd_conf.o
    0x08001a18   0x08001a18   0x00000014   Code   RO          297    .text.HAL_PCD_DataInStageCallback  usbd_conf.o
    0x08001a2c   0x08001a2c   0x00000016   Code   RO          295    .text.HAL_PCD_DataOutStageCallback  usbd_conf.o
    0x08001a42   0x08001a42   0x00000002   PAD
    0x08001a44   0x08001a44   0x00000008   Code   RO          313    .text.HAL_PCD_DisconnectCallback  usbd_conf.o
    0x08001a4c   0x08001a4c   0x00000050   Code   RO          409    .text.HAL_PCD_EP_Close  stm32f4xx_hal_pcd.o
    0x08001a9c   0x08001a9c   0x0000005e   Code   RO          419    .text.HAL_PCD_EP_ClrStall  stm32f4xx_hal_pcd.o
    0x08001afa   0x08001afa   0x00000002   PAD
    0x08001afc   0x08001afc   0x00000012   Code   RO          413    .text.HAL_PCD_EP_GetRxCount  stm32f4xx_hal_pcd.o
    0x08001b0e   0x08001b0e   0x00000002   PAD
    0x08001b10   0x08001b10   0x00000066   Code   RO          407    .text.HAL_PCD_EP_Open  stm32f4xx_hal_pcd.o
    0x08001b76   0x08001b76   0x00000002   PAD
    0x08001b78   0x08001b78   0x00000042   Code   RO          411    .text.HAL_PCD_EP_Receive  stm32f4xx_hal_pcd.o
    0x08001bba   0x08001bba   0x00000002   PAD
    0x08001bbc   0x08001bbc   0x0000006e   Code   RO          417    .text.HAL_PCD_EP_SetStall  stm32f4xx_hal_pcd.o
    0x08001c2a   0x08001c2a   0x00000002   PAD
    0x08001c2c   0x08001c2c   0x0000003a   Code   RO          415    .text.HAL_PCD_EP_Transmit  stm32f4xx_hal_pcd.o
    0x08001c66   0x08001c66   0x00000002   PAD
    0x08001c68   0x08001c68   0x0000072c   Code   RO          373    .text.HAL_PCD_IRQHandler  stm32f4xx_hal_pcd.o
    0x08002394   0x08002394   0x00000008   Code   RO          309    .text.HAL_PCD_ISOINIncompleteCallback  usbd_conf.o
    0x0800239c   0x0800239c   0x00000008   Code   RO          307    .text.HAL_PCD_ISOOUTIncompleteCallback  usbd_conf.o
    0x080023a4   0x080023a4   0x000000d8   Code   RO          361    .text.HAL_PCD_Init  stm32f4xx_hal_pcd.o
    0x0800247c   0x0800247c   0x00000088   Code   RO          289    .text.HAL_PCD_MspInit  usbd_conf.o
    0x08002504   0x08002504   0x00000026   Code   RO          301    .text.HAL_PCD_ResetCallback  usbd_conf.o
    0x0800252a   0x0800252a   0x00000002   PAD
    0x0800252c   0x0800252c   0x00000008   Code   RO          305    .text.HAL_PCD_ResumeCallback  usbd_conf.o
    0x08002534   0x08002534   0x00000008   Code   RO          299    .text.HAL_PCD_SOFCallback  usbd_conf.o
    0x0800253c   0x0800253c   0x00000028   Code   RO          405    .text.HAL_PCD_SetAddress  stm32f4xx_hal_pcd.o
    0x08002564   0x08002564   0x0000000e   Code   RO          293    .text.HAL_PCD_SetupStageCallback  usbd_conf.o
    0x08002572   0x08002572   0x00000002   PAD
    0x08002574   0x08002574   0x0000003e   Code   RO          369    .text.HAL_PCD_Start  stm32f4xx_hal_pcd.o
    0x080025b2   0x080025b2   0x00000002   PAD
    0x080025b4   0x080025b4   0x00000034   Code   RO          303    .text.HAL_PCD_SuspendCallback  usbd_conf.o
    0x080025e8   0x080025e8   0x00000160   Code   RO          563    .text.HAL_RCC_ClockConfig  stm32f4xx_hal_rcc.o
    0x08002748   0x08002748   0x0000000c   Code   RO          573    .text.HAL_RCC_GetHCLKFreq  stm32f4xx_hal_rcc.o
    0x08002754   0x08002754   0x00000026   Code   RO          575    .text.HAL_RCC_GetPCLK1Freq  stm32f4xx_hal_rcc.o
    0x0800277a   0x0800277a   0x00000002   PAD
    0x0800277c   0x0800277c   0x00000026   Code   RO          577    .text.HAL_RCC_GetPCLK2Freq  stm32f4xx_hal_rcc.o
    0x080027a2   0x080027a2   0x00000002   PAD
    0x080027a4   0x080027a4   0x0000006a   Code   RO          565    .text.HAL_RCC_GetSysClockFreq  stm32f4xx_hal_rcc.o
    0x0800280e   0x0800280e   0x00000002   PAD
    0x08002810   0x08002810   0x0000035c   Code   RO          561    .text.HAL_RCC_OscConfig  stm32f4xx_hal_rcc.o
    0x08002b6c   0x08002b6c   0x000000b0   Code   RO         1160    .text.HAL_SPI_Init  stm32f4xx_hal_spi.o
    0x08002c1c   0x08002c1c   0x00000148   Code   RO           81    .text.HAL_SPI_MspInit  spi.o
    0x08002d64   0x08002d64   0x0000002c   Code   RO          814    .text.HAL_SYSTICK_Config  stm32f4xx_hal_cortex.o
    0x08002d90   0x08002d90   0x00000002   Code   RO         1581    .text.HAL_TIMEx_BreakCallback  stm32f4xx_hal_tim_ex.o
    0x08002d92   0x08002d92   0x00000002   PAD
    0x08002d94   0x08002d94   0x00000002   Code   RO         1577    .text.HAL_TIMEx_CommutCallback  stm32f4xx_hal_tim_ex.o
    0x08002d96   0x08002d96   0x00000002   PAD
    0x08002d98   0x08002d98   0x0000004c   Code   RO         1573    .text.HAL_TIMEx_ConfigBreakDeadTime  stm32f4xx_hal_tim_ex.o
    0x08002de4   0x08002de4   0x000000bc   Code   RO         1571    .text.HAL_TIMEx_MasterConfigSynchronization  stm32f4xx_hal_tim_ex.o
    0x08002ea0   0x08002ea0   0x0000005a   Code   RO         1276    .text.HAL_TIM_Base_Init  stm32f4xx_hal_tim.o
    0x08002efa   0x08002efa   0x00000002   PAD
    0x08002efc   0x08002efc   0x00000106   Code   RO          108    .text.HAL_TIM_Base_MspInit  tim.o
    0x08003002   0x08003002   0x00000002   PAD
    0x08003004   0x08003004   0x000000a8   Code   RO         1290    .text.HAL_TIM_Base_Start_IT  stm32f4xx_hal_tim.o
    0x080030ac   0x080030ac   0x000001a0   Code   RO         1456    .text.HAL_TIM_ConfigClockSource  stm32f4xx_hal_tim.o
    0x0800324c   0x0800324c   0x00000002   Code   RO         1412    .text.HAL_TIM_IC_CaptureCallback  stm32f4xx_hal_tim.o
    0x0800324e   0x0800324e   0x00000002   PAD
    0x08003250   0x08003250   0x0000014a   Code   RO         1410    .text.HAL_TIM_IRQHandler  stm32f4xx_hal_tim.o
    0x0800339a   0x0800339a   0x00000002   PAD
    0x0800339c   0x0800339c   0x0000009c   Code   RO           98    .text.HAL_TIM_MspPostInit  tim.o
    0x08003438   0x08003438   0x00000002   Code   RO         1414    .text.HAL_TIM_OC_DelayElapsedCallback  stm32f4xx_hal_tim.o
    0x0800343a   0x0800343a   0x00000002   PAD
    0x0800343c   0x0800343c   0x00000216   Code   RO         1430    .text.HAL_TIM_PWM_ConfigChannel  stm32f4xx_hal_tim.o
    0x08003652   0x08003652   0x00000002   PAD
    0x08003654   0x08003654   0x0000005a   Code   RO         1330    .text.HAL_TIM_PWM_Init  stm32f4xx_hal_tim.o
    0x080036ae   0x080036ae   0x00000002   PAD
    0x080036b0   0x080036b0   0x00000002   Code   RO         1332    .text.HAL_TIM_PWM_MspInit  stm32f4xx_hal_tim.o
    0x080036b2   0x080036b2   0x00000002   PAD
    0x080036b4   0x080036b4   0x00000002   Code   RO         1416    .text.HAL_TIM_PWM_PulseFinishedCallback  stm32f4xx_hal_tim.o
    0x080036b6   0x080036b6   0x00000002   PAD
    0x080036b8   0x080036b8   0x00000174   Code   RO         2034    .text.HAL_TIM_PeriodElapsedCallback  drv_tim.o
    0x0800382c   0x0800382c   0x00000002   Code   RO         1420    .text.HAL_TIM_TriggerCallback  stm32f4xx_hal_tim.o
    0x0800382e   0x0800382e   0x00000002   PAD
    0x08003830   0x08003830   0x00000068   Code   RO         1643    .text.HAL_UARTEx_ReceiveToIdle_DMA  stm32f4xx_hal_uart.o
    0x08003898   0x08003898   0x000000be   Code   RO         2064    .text.HAL_UARTEx_RxEventCallback  drv_uart.o
    0x08003956   0x08003956   0x00000002   PAD
    0x08003958   0x08003958   0x00000002   Code   RO         1679    .text.HAL_UART_ErrorCallback  stm32f4xx_hal_uart.o
    0x0800395a   0x0800395a   0x00000002   PAD
    0x0800395c   0x0800395c   0x00000316   Code   RO         1673    .text.HAL_UART_IRQHandler  stm32f4xx_hal_uart.o
    0x08003c72   0x08003c72   0x00000002   PAD
    0x08003c74   0x08003c74   0x00000060   Code   RO         1595    .text.HAL_UART_Init  stm32f4xx_hal_uart.o
    0x08003cd4   0x08003cd4   0x000002e0   Code   RO          131    .text.HAL_UART_MspInit  usart.o
    0x08003fb4   0x08003fb4   0x00000002   Code   RO         1687    .text.HAL_UART_RxCpltCallback  stm32f4xx_hal_uart.o
    0x08003fb6   0x08003fb6   0x00000002   PAD
    0x08003fb8   0x08003fb8   0x00000002   Code   RO         1689    .text.HAL_UART_RxHalfCpltCallback  stm32f4xx_hal_uart.o
    0x08003fba   0x08003fba   0x00000002   PAD
    0x08003fbc   0x08003fbc   0x00000002   Code   RO         1683    .text.HAL_UART_TxCpltCallback  stm32f4xx_hal_uart.o
    0x08003fbe   0x08003fbe   0x00000002   PAD
    0x08003fc0   0x08003fc0   0x00000002   Code   RO          153    .text.HardFault_Handler  stm32f4xx_it.o
    0x08003fc2   0x08003fc2   0x00000002   PAD
    0x08003fc4   0x08003fc4   0x00000048   Code   RO           34    .text.MX_CAN1_Init  can.o
    0x0800400c   0x0800400c   0x00000048   Code   RO           36    .text.MX_CAN2_Init  can.o
    0x08004054   0x08004054   0x000000cc   Code   RO           53    .text.MX_DMA_Init   dma.o
    0x08004120   0x08004120   0x00000194   Code   RO           25    .text.MX_GPIO_Init  gpio.o
    0x080042b4   0x080042b4   0x00000042   Code   RO           62    .text.MX_I2C3_Init  i2c.o
    0x080042f6   0x080042f6   0x00000002   PAD
    0x080042f8   0x080042f8   0x00000052   Code   RO           79    .text.MX_SPI1_Init  spi.o
    0x0800434a   0x0800434a   0x00000002   PAD
    0x0800434c   0x0800434c   0x00000088   Code   RO          106    .text.MX_TIM10_Init  tim.o
    0x080043d4   0x080043d4   0x0000010c   Code   RO           96    .text.MX_TIM1_Init  tim.o
    0x080044e0   0x080044e0   0x0000007c   Code   RO          100    .text.MX_TIM3_Init  tim.o
    0x0800455c   0x0800455c   0x0000007c   Code   RO          102    .text.MX_TIM4_Init  tim.o
    0x080045d8   0x080045d8   0x0000007c   Code   RO          104    .text.MX_TIM5_Init  tim.o
    0x08004654   0x08004654   0x0000003c   Code   RO          125    .text.MX_USART1_UART_Init  usart.o
    0x08004690   0x08004690   0x00000048   Code   RO          127    .text.MX_USART3_UART_Init  usart.o
    0x080046d8   0x080046d8   0x0000003c   Code   RO          129    .text.MX_USART6_UART_Init  usart.o
    0x08004714   0x08004714   0x00000072   Code   RO          230    .text.MX_USB_DEVICE_Init  usb_device.o
    0x08004786   0x08004786   0x00000002   PAD
    0x08004788   0x08004788   0x00000002   Code   RO          155    .text.MemManage_Handler  stm32f4xx_it.o
    0x0800478a   0x0800478a   0x00000002   PAD
    0x0800478c   0x0800478c   0x00000002   Code   RO          151    .text.NMI_Handler   stm32f4xx_it.o
    0x0800478e   0x0800478e   0x00000002   PAD
    0x08004790   0x08004790   0x0000000c   Code   RO          205    .text.OTG_FS_IRQHandler  stm32f4xx_it.o
    0x0800479c   0x0800479c   0x00000002   Code   RO          165    .text.PendSV_Handler  stm32f4xx_it.o
    0x0800479e   0x0800479e   0x00000002   PAD
    0x080047a0   0x080047a0   0x00000002   Code   RO          161    .text.SVC_Handler   stm32f4xx_it.o
    0x080047a2   0x080047a2   0x00000002   PAD
    0x080047a4   0x080047a4   0x00000004   Code   RO          167    .text.SysTick_Handler  stm32f4xx_it.o
    0x080047a8   0x080047a8   0x000000aa   Code   RO           13    .text.SystemClock_Config  main.o
    0x08004852   0x08004852   0x00000002   PAD
    0x08004854   0x08004854   0x00000012   Code   RO         1717    .text.SystemInit    system_stm32f4xx.o
    0x08004866   0x08004866   0x00000002   PAD
    0x08004868   0x08004868   0x0000000c   Code   RO          187    .text.TIM4_IRQHandler  stm32f4xx_it.o
    0x08004874   0x08004874   0x0000000c   Code   RO          193    .text.TIM5_IRQHandler  stm32f4xx_it.o
    0x08004880   0x08004880   0x0000012c   Code   RO         1280    .text.TIM_Base_SetConfig  stm32f4xx_hal_tim.o
    0x080049ac   0x080049ac   0x00000032   Code   RO         1975    .text.TIM_CAN_PeriodElapsedCallback  drv_can.o
    0x080049de   0x080049de   0x00000002   PAD
    0x080049e0   0x080049e0   0x00000172   Code   RO         2032    .text.TIM_Init      drv_tim.o
    0x08004b52   0x08004b52   0x00000002   PAD
    0x08004b54   0x08004b54   0x0000007a   Code   RO         2116    .text.Task_Init     task.o
    0x08004bce   0x08004bce   0x00000002   PAD
    0x08004bd0   0x08004bd0   0x00000064   Code   RO         2118    .text.Task_Loop     task.o
    0x08004c34   0x08004c34   0x0000000a   Code   RO         1677    .text.UART_DMAAbortOnError  stm32f4xx_hal_uart.o
    0x08004c3e   0x08004c3e   0x00000002   PAD
    0x08004c40   0x08004c40   0x000000a2   Code   RO         1627    .text.UART_DMAError  stm32f4xx_hal_uart.o
    0x08004ce2   0x08004ce2   0x00000002   PAD
    0x08004ce4   0x08004ce4   0x00000080   Code   RO         1705    .text.UART_DMAReceiveCplt  stm32f4xx_hal_uart.o
    0x08004d64   0x08004d64   0x00000018   Code   RO         1707    .text.UART_DMARxHalfCplt  stm32f4xx_hal_uart.o
    0x08004d7c   0x08004d7c   0x000000c0   Code   RO         1675    .text.UART_Receive_IT  stm32f4xx_hal_uart.o
    0x08004e3c   0x08004e3c   0x000000de   Code   RO         1599    .text.UART_SetConfig  stm32f4xx_hal_uart.o
    0x08004f1a   0x08004f1a   0x00000002   PAD
    0x08004f1c   0x08004f1c   0x000000aa   Code   RO         1631    .text.UART_Start_Receive_DMA  stm32f4xx_hal_uart.o
    0x08004fc6   0x08004fc6   0x00000002   PAD
    0x08004fc8   0x08004fc8   0x0000000c   Code   RO          189    .text.USART1_IRQHandler  stm32f4xx_it.o
    0x08004fd4   0x08004fd4   0x0000000c   Code   RO          191    .text.USART3_IRQHandler  stm32f4xx_it.o
    0x08004fe0   0x08004fe0   0x0000000c   Code   RO          213    .text.USART6_IRQHandler  stm32f4xx_it.o
    0x08004fec   0x08004fec   0x00000076   Code   RO         1839    .text.USBD_CDC_DataIn  usbd_cdc.o
    0x08005062   0x08005062   0x00000002   PAD
    0x08005064   0x08005064   0x0000003a   Code   RO         1841    .text.USBD_CDC_DataOut  usbd_cdc.o
    0x0800509e   0x0800509e   0x00000002   PAD
    0x080050a0   0x080050a0   0x00000060   Code   RO         1833    .text.USBD_CDC_DeInit  usbd_cdc.o
    0x08005100   0x08005100   0x00000036   Code   RO         1837    .text.USBD_CDC_EP0_RxReady  usbd_cdc.o
    0x08005136   0x08005136   0x00000002   PAD
    0x08005138   0x08005138   0x00000010   Code   RO         1849    .text.USBD_CDC_GetDeviceQualifierDescriptor  usbd_cdc.o
    0x08005148   0x08005148   0x00000052   Code   RO         1845    .text.USBD_CDC_GetFSCfgDesc  usbd_cdc.o
    0x0800519a   0x0800519a   0x00000002   PAD
    0x0800519c   0x0800519c   0x00000056   Code   RO         1843    .text.USBD_CDC_GetHSCfgDesc  usbd_cdc.o
    0x080051f2   0x080051f2   0x00000002   PAD
    0x080051f4   0x080051f4   0x00000052   Code   RO         1847    .text.USBD_CDC_GetOtherSpeedCfgDesc  usbd_cdc.o
    0x08005246   0x08005246   0x00000002   PAD
    0x08005248   0x08005248   0x000000c6   Code   RO         1831    .text.USBD_CDC_Init  usbd_cdc.o
    0x0800530e   0x0800530e   0x00000002   PAD
    0x08005310   0x08005310   0x00000034   Code   RO         1859    .text.USBD_CDC_ReceivePacket  usbd_cdc.o
    0x08005344   0x08005344   0x00000018   Code   RO         1851    .text.USBD_CDC_RegisterInterface  usbd_cdc.o
    0x0800535c   0x0800535c   0x0000001a   Code   RO         1855    .text.USBD_CDC_SetRxBuffer  usbd_cdc.o
    0x08005376   0x08005376   0x00000002   PAD
    0x08005378   0x08005378   0x0000001e   Code   RO         1853    .text.USBD_CDC_SetTxBuffer  usbd_cdc.o
    0x08005396   0x08005396   0x00000002   PAD
    0x08005398   0x08005398   0x000000d0   Code   RO         1835    .text.USBD_CDC_Setup  usbd_cdc.o
    0x08005468   0x08005468   0x00000012   Code   RO         1746    .text.USBD_ClrClassConfig  usbd_core.o
    0x0800547a   0x0800547a   0x00000002   PAD
    0x0800547c   0x0800547c   0x00000004   Code   RO         1754    .text.USBD_CoreFindEP  usbd_core.o
    0x08005480   0x08005480   0x00000004   Code   RO         1752    .text.USBD_CoreFindIF  usbd_core.o
    0x08005484   0x08005484   0x00000010   Code   RO         1815    .text.USBD_CtlContinueRx  usbd_ioreq.o
    0x08005494   0x08005494   0x00000010   Code   RO         1811    .text.USBD_CtlContinueSendData  usbd_ioreq.o
    0x080054a4   0x080054a4   0x00000016   Code   RO         1790    .text.USBD_CtlError  usbd_ctlreq.o
    0x080054ba   0x080054ba   0x00000002   PAD
    0x080054bc   0x080054bc   0x0000001e   Code   RO         1813    .text.USBD_CtlPrepareRx  usbd_ioreq.o
    0x080054da   0x080054da   0x00000002   PAD
    0x080054dc   0x080054dc   0x00000016   Code   RO         1819    .text.USBD_CtlReceiveStatus  usbd_ioreq.o
    0x080054f2   0x080054f2   0x00000002   PAD
    0x080054f4   0x080054f4   0x0000001c   Code   RO         1809    .text.USBD_CtlSendData  usbd_ioreq.o
    0x08005510   0x08005510   0x00000016   Code   RO         1817    .text.USBD_CtlSendStatus  usbd_ioreq.o
    0x08005526   0x08005526   0x00000002   PAD
    0x08005528   0x08005528   0x00000024   Code   RO          249    .text.USBD_FS_ConfigStrDescriptor  usbd_desc.o
    0x0800554c   0x0800554c   0x0000000e   Code   RO          239    .text.USBD_FS_DeviceDescriptor  usbd_desc.o
    0x0800555a   0x0800555a   0x00000002   PAD
    0x0800555c   0x0800555c   0x00000028   Code   RO          251    .text.USBD_FS_InterfaceStrDescriptor  usbd_desc.o
    0x08005584   0x08005584   0x0000000e   Code   RO          241    .text.USBD_FS_LangIDStrDescriptor  usbd_desc.o
    0x08005592   0x08005592   0x00000002   PAD
    0x08005594   0x08005594   0x0000002c   Code   RO          243    .text.USBD_FS_ManufacturerStrDescriptor  usbd_desc.o
    0x080055c0   0x080055c0   0x00000030   Code   RO          245    .text.USBD_FS_ProductStrDescriptor  usbd_desc.o
    0x080055f0   0x080055f0   0x00000088   Code   RO          247    .text.USBD_FS_SerialStrDescriptor  usbd_desc.o
    0x08005678   0x08005678   0x00000036   Code   RO         1776    .text.USBD_GetEpDesc  usbd_core.o
    0x080056ae   0x080056ae   0x00000002   PAD
    0x080056b0   0x080056b0   0x0000007e   Code   RO         1798    .text.USBD_GetString  usbd_ctlreq.o
    0x0800572e   0x0800572e   0x00000002   PAD
    0x08005730   0x08005730   0x0000002a   Code   RO         1732    .text.USBD_Init     usbd_core.o
    0x0800575a   0x0800575a   0x00000002   PAD
    0x0800575c   0x0800575c   0x00000022   Code   RO          333    .text.USBD_LL_ClearStallEP  usbd_conf.o
    0x0800577e   0x0800577e   0x00000002   PAD
    0x08005780   0x08005780   0x00000022   Code   RO          327    .text.USBD_LL_CloseEP  usbd_conf.o
    0x080057a2   0x080057a2   0x00000002   PAD
    0x080057a4   0x080057a4   0x000000b4   Code   RO         1756    .text.USBD_LL_DataInStage  usbd_core.o
    0x08005858   0x08005858   0x0000007e   Code   RO         1750    .text.USBD_LL_DataOutStage  usbd_core.o
    0x080058d6   0x080058d6   0x00000002   PAD
    0x080058d8   0x080058d8   0x00000004   Code   RO         1772    .text.USBD_LL_DevConnected  usbd_core.o
    0x080058dc   0x080058dc   0x00000022   Code   RO         1774    .text.USBD_LL_DevDisconnected  usbd_core.o
    0x080058fe   0x080058fe   0x00000002   PAD
    0x08005900   0x08005900   0x00000008   Code   RO          343    .text.USBD_LL_GetRxDataSize  usbd_conf.o
    0x08005908   0x08005908   0x0000006e   Code   RO          315    .text.USBD_LL_Init  usbd_conf.o
    0x08005976   0x08005976   0x00000002   PAD
    0x08005978   0x08005978   0x0000002a   Code   RO          335    .text.USBD_LL_IsStallEP  usbd_conf.o
    0x080059a2   0x080059a2   0x00000002   PAD
    0x080059a4   0x080059a4   0x0000002c   Code   RO         1768    .text.USBD_LL_IsoINIncomplete  usbd_core.o
    0x080059d0   0x080059d0   0x0000002c   Code   RO         1770    .text.USBD_LL_IsoOUTIncomplete  usbd_core.o
    0x080059fc   0x080059fc   0x00000028   Code   RO          325    .text.USBD_LL_OpenEP  usbd_conf.o
    0x08005a24   0x08005a24   0x00000022   Code   RO          341    .text.USBD_LL_PrepareReceive  usbd_conf.o
    0x08005a46   0x08005a46   0x00000002   PAD
    0x08005a48   0x08005a48   0x00000062   Code   RO         1758    .text.USBD_LL_Reset  usbd_core.o
    0x08005aaa   0x08005aaa   0x00000002   PAD
    0x08005aac   0x08005aac   0x00000014   Code   RO         1764    .text.USBD_LL_Resume  usbd_core.o
    0x08005ac0   0x08005ac0   0x0000001e   Code   RO         1766    .text.USBD_LL_SOF   usbd_core.o
    0x08005ade   0x08005ade   0x00000002   PAD
    0x08005ae0   0x08005ae0   0x00000008   Code   RO         1760    .text.USBD_LL_SetSpeed  usbd_core.o
    0x08005ae8   0x08005ae8   0x00000022   Code   RO          337    .text.USBD_LL_SetUSBAddress  usbd_conf.o
    0x08005b0a   0x08005b0a   0x00000002   PAD
    0x08005b0c   0x08005b0c   0x00000060   Code   RO         1748    .text.USBD_LL_SetupStage  usbd_core.o
    0x08005b6c   0x08005b6c   0x00000022   Code   RO          331    .text.USBD_LL_StallEP  usbd_conf.o
    0x08005b8e   0x08005b8e   0x00000002   PAD
    0x08005b90   0x08005b90   0x00000022   Code   RO          321    .text.USBD_LL_Start  usbd_conf.o
    0x08005bb2   0x08005bb2   0x00000002   PAD
    0x08005bb4   0x08005bb4   0x0000001c   Code   RO         1762    .text.USBD_LL_Suspend  usbd_core.o
    0x08005bd0   0x08005bd0   0x00000022   Code   RO          339    .text.USBD_LL_Transmit  usbd_conf.o
    0x08005bf2   0x08005bf2   0x00000002   PAD
    0x08005bf4   0x08005bf4   0x00000016   Code   RO         1796    .text.USBD_ParseSetupRequest  usbd_ctlreq.o
    0x08005c0a   0x08005c0a   0x00000002   PAD
    0x08005c0c   0x08005c0c   0x00000042   Code   RO         1736    .text.USBD_RegisterClass  usbd_core.o
    0x08005c4e   0x08005c4e   0x00000002   PAD
    0x08005c50   0x08005c50   0x00000010   Code   RO         1744    .text.USBD_SetClassConfig  usbd_core.o
    0x08005c60   0x08005c60   0x00000004   Code   RO         1738    .text.USBD_Start    usbd_core.o
    0x08005c64   0x08005c64   0x0000034a   Code   RO         1788    .text.USBD_StdDevReq  usbd_ctlreq.o
    0x08005fae   0x08005fae   0x00000002   PAD
    0x08005fb0   0x08005fb0   0x00000146   Code   RO         1794    .text.USBD_StdEPReq  usbd_ctlreq.o
    0x080060f6   0x080060f6   0x00000002   PAD
    0x080060f8   0x080060f8   0x00000078   Code   RO         1792    .text.USBD_StdItfReq  usbd_ctlreq.o
    0x08006170   0x08006170   0x00000002   Code   RO          347    .text.USBD_static_free  usbd_conf.o
    0x08006172   0x08006172   0x00000002   PAD
    0x08006174   0x08006174   0x0000000a   Code   RO          345    .text.USBD_static_malloc  usbd_conf.o
    0x0800617e   0x0800617e   0x00000002   PAD
    0x08006180   0x08006180   0x00000080   Code   RO          477    .text.USB_ActivateEndpoint  stm32f4xx_ll_usb.o
    0x08006200   0x08006200   0x00000020   Code   RO          519    .text.USB_ActivateSetup  stm32f4xx_ll_usb.o
    0x08006220   0x08006220   0x00000114   Code   RO          455    .text.USB_CoreInit  stm32f4xx_ll_usb.o
    0x08006334   0x08006334   0x00000080   Code   RO          481    .text.USB_DeactivateEndpoint  stm32f4xx_ll_usb.o
    0x080063b4   0x080063b4   0x0000001e   Code   RO          501    .text.USB_DevConnect  stm32f4xx_ll_usb.o
    0x080063d2   0x080063d2   0x00000002   PAD
    0x080063d4   0x080063d4   0x0000001e   Code   RO          503    .text.USB_DevDisconnect  stm32f4xx_ll_usb.o
    0x080063f2   0x080063f2   0x00000002   PAD
    0x080063f4   0x080063f4   0x000001ea   Code   RO          467    .text.USB_DevInit   stm32f4xx_ll_usb.o
    0x080065de   0x080065de   0x00000002   PAD
    0x080065e0   0x080065e0   0x0000000e   Code   RO          461    .text.USB_DisableGlobalInt  stm32f4xx_ll_usb.o
    0x080065ee   0x080065ee   0x00000002   PAD
    0x080065f0   0x080065f0   0x0000005a   Code   RO          521    .text.USB_EP0_OutStart  stm32f4xx_ll_usb.o
    0x0800664a   0x0800664a   0x00000002   PAD
    0x0800664c   0x0800664c   0x00000050   Code   RO          495    .text.USB_EPClearStall  stm32f4xx_ll_usb.o
    0x0800669c   0x0800669c   0x0000003c   Code   RO          493    .text.USB_EPSetStall  stm32f4xx_ll_usb.o
    0x080066d8   0x080066d8   0x000001f0   Code   RO          485    .text.USB_EPStartXfer  stm32f4xx_ll_usb.o
    0x080068c8   0x080068c8   0x0000008a   Code   RO          489    .text.USB_EPStopXfer  stm32f4xx_ll_usb.o
    0x08006952   0x08006952   0x00000002   PAD
    0x08006954   0x08006954   0x0000000e   Code   RO          459    .text.USB_EnableGlobalInt  stm32f4xx_ll_usb.o
    0x08006962   0x08006962   0x00000002   PAD
    0x08006964   0x08006964   0x00000048   Code   RO          471    .text.USB_FlushTxFifo  stm32f4xx_ll_usb.o
    0x080069ac   0x080069ac   0x0000001a   Code   RO          475    .text.USB_GetDevSpeed  stm32f4xx_ll_usb.o
    0x080069c6   0x080069c6   0x00000002   PAD
    0x080069c8   0x080069c8   0x00000008   Code   RO          465    .text.USB_GetMode   stm32f4xx_ll_usb.o
    0x080069d0   0x080069d0   0x0000000e   Code   RO          511    .text.USB_ReadDevAllInEpInterrupt  stm32f4xx_ll_usb.o
    0x080069de   0x080069de   0x00000002   PAD
    0x080069e0   0x080069e0   0x0000000e   Code   RO          509    .text.USB_ReadDevAllOutEpInterrupt  stm32f4xx_ll_usb.o
    0x080069ee   0x080069ee   0x00000002   PAD
    0x080069f0   0x080069f0   0x00000024   Code   RO          515    .text.USB_ReadDevInEPInterrupt  stm32f4xx_ll_usb.o
    0x08006a14   0x08006a14   0x00000010   Code   RO          513    .text.USB_ReadDevOutEPInterrupt  stm32f4xx_ll_usb.o
    0x08006a24   0x08006a24   0x00000008   Code   RO          505    .text.USB_ReadInterrupts  stm32f4xx_ll_usb.o
    0x08006a2c   0x08006a2c   0x00000042   Code   RO          491    .text.USB_ReadPacket  stm32f4xx_ll_usb.o
    0x08006a6e   0x08006a6e   0x00000002   PAD
    0x08006a70   0x08006a70   0x00000064   Code   RO          463    .text.USB_SetCurrentMode  stm32f4xx_ll_usb.o
    0x08006ad4   0x08006ad4   0x00000022   Code   RO          499    .text.USB_SetDevAddress  stm32f4xx_ll_usb.o
    0x08006af6   0x08006af6   0x00000002   PAD
    0x08006af8   0x08006af8   0x00000110   Code   RO          457    .text.USB_SetTurnaroundTime  stm32f4xx_ll_usb.o
    0x08006c08   0x08006c08   0x00000028   Code   RO          487    .text.USB_WritePacket  stm32f4xx_ll_usb.o
    0x08006c30   0x08006c30   0x00000002   Code   RO          159    .text.UsageFault_Handler  stm32f4xx_it.o
    0x08006c32   0x08006c32   0x00000002   PAD
    0x08006c34   0x08006c34   0x0000010a   Code   RO         2120    .text._GLOBAL__sub_I_task.cpp  task.o
    0x08006d3e   0x08006d3e   0x00000002   PAD
    0x08006d40   0x08006d40   0x0000000e   Code   RO         2112    .text._Z19DR16_UART3_CallbackPht  task.o
    0x08006d4e   0x08006d4e   0x00000002   PAD
    0x08006d50   0x08006d50   0x0000003e   Code   RO         2114    .text._Z21Task1ms_TIM5_Callbackv  task.o
    0x08006d8e   0x08006d8e   0x00000002   PAD
    0x08006d90   0x08006d90   0x0000000a   Code   RO         2084    .text._Z22Math_Endian_Reverse_16PvS_  drv_math.o
    0x08006d9a   0x08006d9a   0x00000002   PAD
    0x08006d9c   0x08006d9c   0x0000002c   Code   RO         2110    .text._Z28Chassis_Device_CAN1_CallbackP20Struct_CAN_Rx_Buffer  task.o
    0x08006dc8   0x08006dc8   0x000000aa   Code   RO         2058    .text._Z9UART_InitP20__UART_HandleTypeDefPFvPhtEt  drv_uart.o
    0x08006e72   0x08006e72   0x00000002   PAD
    0x08006e74   0x08006e74   0x0000025c   Code   RO         1928    .text._ZN10Class_DR1617DR16_Data_ProcessEv  dvc_dr16.o
    0x080070d0   0x080070d0   0x00000024   Code   RO         1932    .text._ZN10Class_DR1624DR16_UART_RxCpltCallbackEPh  dvc_dr16.o
    0x080070f4   0x080070f4   0x0000004c   Code   RO         1934    .text._ZN10Class_DR1639TIM1msMod50_Alive_PeriodElapsedCallbackEv  dvc_dr16.o
    0x08007140   0x08007140   0x00000112   Code   RO         1920    .text._ZN10Class_DR164InitEP20__UART_HandleTypeDefS1_  dvc_dr16.o
    0x08007252   0x08007252   0x00000002   PAD
    0x08007254   0x08007254   0x0000000e   Code   RO         1958    .text._ZN11Class_Slope4InitEff  alg_slope.o
    0x08007262   0x08007262   0x00000002   PAD
    0x08007264   0x08007264   0x00000138   Code   RO         1900    .text._ZN20Class_DJI_Motor_C62012Data_ProcessEv  dvc_djimotor.o
    0x0800739c   0x0800739c   0x0000000e   Code   RO         1904    .text._ZN20Class_DJI_Motor_C62018CAN_RxCpltCallbackEPh  dvc_djimotor.o
    0x080073aa   0x080073aa   0x00000002   PAD
    0x080073ac   0x080073ac   0x000000a8   Code   RO         1908    .text._ZN20Class_DJI_Motor_C62029TIM_PID_PeriodElapsedCallbackEv  dvc_djimotor.o
    0x08007454   0x08007454   0x00000098   Code   RO         1898    .text._ZN20Class_DJI_Motor_C6204InitEP17CAN_HandleTypeDef17Enum_DJI_Motor_ID29Enum_DJI_Motor_Control_Methodff  dvc_djimotor.o
    0x080074ec   0x080074ec   0x00000178   Code   RO         2137    .text._ZN22Class_Tricycle_Chassis16Speed_ResolutionEv  crt_chassis.o
    0x08007664   0x08007664   0x00000004   Code   RO         2139    .text._ZN22Class_Tricycle_Chassis35TIM_Calculate_PeriodElapsedCallbackE18Enum_Sprint_Status  crt_chassis.o
    0x08007668   0x08007668   0x0000013c   Code   RO         2135    .text._ZN22Class_Tricycle_Chassis4InitEffff  crt_chassis.o
    0x080077a4   0x080077a4   0x000001c4   Code   RO         1948    .text._ZN9Class_PID32TIM_Adjust_PeriodElapsedCallbackEv  alg_pid.o
    0x08007968   0x08007968   0x00000010   Code   RO         1946    .text._ZN9Class_PID4InitEfffffffffff16Enum_PID_D_First  alg_pid.o
    0x08007978   0x08007978   0x00000066   Code   RO           11    .text.main          main.o
    0x080079de   0x080079de   0x0000001a   Code   RO         2377    x$fpl$fpinit        fz_wm.l(fpinit.o)
    0x080079f8   0x080079f8   0x00000028   Data   RO         1910    .rodata..Lswitch.table._ZN20Class_DJI_Motor_C6204InitEP17CAN_HandleTypeDef17Enum_DJI_Motor_ID29Enum_DJI_Motor_Control_Methodff  dvc_djimotor.o
    0x08007a20   0x08007a20   0x00000028   Data   RO         1911    .rodata..Lswitch.table._ZN20Class_DJI_Motor_C6204InitEP17CAN_HandleTypeDef17Enum_DJI_Motor_ID29Enum_DJI_Motor_Control_Methodff.4  dvc_djimotor.o
    0x08007a48   0x08007a48   0x00000010   Data   RO         1722    .rodata.AHBPrescTable  system_stm32f4xx.o
    0x08007a58   0x08007a58   0x00000008   Data   RO         1723    .rodata.APBPrescTable  system_stm32f4xx.o
    0x08007a60   0x08007a60   0x00000008   Data   RO          731    .rodata.cst8        stm32f4xx_hal_dma.o
    0x08007a68   0x08007a68   0x00000020   Data   RO         2478    Region$$Table       anon$$obj.o
    0x08007a88   0x08007a88   0x00000004   Data   RO         2126    .init_array         task.o
    0x08007a8c   0x08007a88   0x00000000   Data   RO         2295    .init_array         c_w.l(init_aeabi.o)


    Execution Region RW_IRAM1 (Exec base: 0x20000000, Load base: 0x08007a90, Size: 0x0000e2e8, Max: 0x0001c000, ABSOLUTE)

    Exec Addr    Load Addr    Size         Type   Attr      Idx    E Section Name        Object

    0x20000000   0x08007a90   0x0000001c   Data   RW          253    .data.FS_Desc       usbd_desc.o
    0x2000001c   0x08007aac   0x00000004   Data   RW         1721    .data.SystemCoreClock  system_stm32f4xx.o
    0x20000020   0x08007ab0   0x00000038   Data   RW         1861    .data.USBD_CDC      usbd_cdc.o
    0x20000058   0x08007ae8   0x00000043   Data   RW         1863    .data.USBD_CDC_CfgDesc  usbd_cdc.o
    0x2000009b   0x08007b2b   0x00000001   PAD
    0x2000009c   0x08007b2c   0x0000000a   Data   RW         1862    .data.USBD_CDC_DeviceQualifierDesc  usbd_cdc.o
    0x200000a6   0x08007b36   0x00000002   PAD
    0x200000a8   0x08007b38   0x00000012   Data   RW          254    .data.USBD_FS_DeviceDesc  usbd_desc.o
    0x200000ba   0x08007b4a   0x00000002   PAD
    0x200000bc   0x08007b4c   0x00000014   Data   RW          278    .data.USBD_Interface_fops_FS  usbd_cdc_if.o
    0x200000d0   0x08007b60   0x00000004   Data   RW          255    .data.USBD_LangIDDesc  usbd_desc.o
    0x200000d4   0x08007b64   0x0000001a   Data   RW          256    .data.USBD_StringSerial  usbd_desc.o
    0x200000ee   0x08007b7e   0x00000001   Data   RW          909    .data.uwTickFreq    stm32f4xx_hal.o
    0x200000ef   0x08007b7f   0x00000001   PAD
    0x200000f0   0x08007b80   0x00000004   Data   RW          908    .data.uwTickPrio    stm32f4xx_hal.o
    0x200000f4   0x08007b84   0x00000004   PAD
    0x200000f8        -       0x00000060   Zero   RW         2402    .bss                c_w.l(libspace.o)
    0x20000158        -       0x00000008   Zero   RW         1983    .bss.CAN1_0x1ff_Tx_Data  drv_can.o
    0x20000160        -       0x00000008   Zero   RW         1984    .bss.CAN1_0x200_Tx_Data  drv_can.o
    0x20000168        -       0x00000008   Zero   RW         1985    .bss.CAN1_0x2ff_Tx_Data  drv_can.o
    0x20000170        -       0x0000002c   Zero   RW         1981    .bss.CAN1_Manage_Object  drv_can.o
    0x2000019c        -       0x00000008   Zero   RW         1994    .bss.CAN2_0x1ff_Tx_Data  drv_can.o
    0x200001a4        -       0x00000008   Zero   RW         1995    .bss.CAN2_0x200_Tx_Data  drv_can.o
    0x200001ac        -       0x00000008   Zero   RW         1996    .bss.CAN2_0x2ff_Tx_Data  drv_can.o
    0x200001b4        -       0x0000002c   Zero   RW         1982    .bss.CAN2_Manage_Object  drv_can.o
    0x200001e0        -       0x000000b4   Zero   RW         2124    .bss.DR16           task.o
    0x20000294        -       0x00000004   Zero   RW           44    .bss.HAL_RCC_CAN1_CLK_ENABLED  can.o
    0x20000298        -       0x00000008   Zero   RW         2045    .bss.TIM10_Manage_Object  drv_tim.o
    0x200002a0        -       0x00000008   Zero   RW         2046    .bss.TIM11_Manage_Object  drv_tim.o
    0x200002a8        -       0x00000008   Zero   RW         2047    .bss.TIM12_Manage_Object  drv_tim.o
    0x200002b0        -       0x00000008   Zero   RW         2048    .bss.TIM13_Manage_Object  drv_tim.o
    0x200002b8        -       0x00000008   Zero   RW         2049    .bss.TIM14_Manage_Object  drv_tim.o
    0x200002c0        -       0x00000008   Zero   RW         2036    .bss.TIM1_Manage_Object  drv_tim.o
    0x200002c8        -       0x00000008   Zero   RW         2037    .bss.TIM2_Manage_Object  drv_tim.o
    0x200002d0        -       0x00000008   Zero   RW         2038    .bss.TIM3_Manage_Object  drv_tim.o
    0x200002d8        -       0x00000008   Zero   RW         2039    .bss.TIM4_Manage_Object  drv_tim.o
    0x200002e0        -       0x00000008   Zero   RW         2040    .bss.TIM5_Manage_Object  drv_tim.o
    0x200002e8        -       0x00000008   Zero   RW         2041    .bss.TIM6_Manage_Object  drv_tim.o
    0x200002f0        -       0x00000008   Zero   RW         2042    .bss.TIM7_Manage_Object  drv_tim.o
    0x200002f8        -       0x00000008   Zero   RW         2043    .bss.TIM8_Manage_Object  drv_tim.o
    0x20000300        -       0x00000008   Zero   RW         2044    .bss.TIM9_Manage_Object  drv_tim.o
    0x20000308        -       0x00000410   Zero   RW         2066    .bss.UART1_Manage_Object  drv_uart.o
    0x20000718        -       0x00000410   Zero   RW         2067    .bss.UART2_Manage_Object  drv_uart.o
    0x20000b28        -       0x00000410   Zero   RW         2068    .bss.UART3_Manage_Object  drv_uart.o
    0x20000f38        -       0x00000410   Zero   RW         2069    .bss.UART4_Manage_Object  drv_uart.o
    0x20001348        -       0x00000410   Zero   RW         2070    .bss.UART5_Manage_Object  drv_uart.o
    0x20001758        -       0x00000410   Zero   RW         2071    .bss.UART6_Manage_Object  drv_uart.o
    0x20001b68        -       0x00000001   Zero   RW         1800    .bss.USBD_SetConfig.cfgidx  usbd_ctlreq.o
    0x20001b69   0x08007b84   0x00000003   PAD
    0x20001b6c        -       0x00000200   Zero   RW          257    .bss.USBD_StrDesc   usbd_desc.o
    0x20001d6c        -       0x00000220   Zero   RW          352    .bss.USBD_static_malloc.mem  usbd_conf.o
    0x20001f8c        -       0x00000800   Zero   RW          279    .bss.UserRxBufferFS  usbd_cdc_if.o
    0x2000278c        -       0x00000800   Zero   RW          280    .bss.UserTxBufferFS  usbd_cdc_if.o
    0x20002f8c        -       0x0000000c   Zero   RW         2122    .bss._ZL13WHEEL_AZIMUTH  task.o
    0x20002f98        -       0x00000001   Zero   RW         2125    .bss._ZZ21Task1ms_TIM5_CallbackvE5count  task.o
    0x20002f99   0x08007b84   0x00000003   PAD
    0x20002f9c        -       0x000004ec   Zero   RW         2123    .bss.chassis        task.o
    0x20003488        -       0x000002dc   Zero   RW          232    .bss.hUsbDeviceFS   usb_device.o
    0x20003764        -       0x00000028   Zero   RW           42    .bss.hcan1          can.o
    0x2000378c        -       0x00000028   Zero   RW           43    .bss.hcan2          can.o
    0x200037b4        -       0x00000060   Zero   RW           69    .bss.hdma_i2c3_rx   i2c.o
    0x20003814        -       0x00000060   Zero   RW           70    .bss.hdma_i2c3_tx   i2c.o
    0x20003874        -       0x00000060   Zero   RW           86    .bss.hdma_spi1_rx   spi.o
    0x200038d4        -       0x00000060   Zero   RW           87    .bss.hdma_spi1_tx   spi.o
    0x20003934        -       0x00000060   Zero   RW          138    .bss.hdma_usart1_rx  usart.o
    0x20003994        -       0x00000060   Zero   RW          139    .bss.hdma_usart1_tx  usart.o
    0x200039f4        -       0x00000060   Zero   RW          140    .bss.hdma_usart3_rx  usart.o
    0x20003a54        -       0x00000060   Zero   RW          141    .bss.hdma_usart6_rx  usart.o
    0x20003ab4        -       0x00000060   Zero   RW          142    .bss.hdma_usart6_tx  usart.o
    0x20003b14        -       0x00000054   Zero   RW           68    .bss.hi2c3          i2c.o
    0x20003b68        -       0x000004e4   Zero   RW          351    .bss.hpcd_USB_OTG_FS  usbd_conf.o
    0x2000404c        -       0x00000058   Zero   RW           85    .bss.hspi1          spi.o
    0x200040a4        -       0x00000048   Zero   RW          112    .bss.htim1          tim.o
    0x200040ec        -       0x00000048   Zero   RW          116    .bss.htim10         tim.o
    0x20004134        -       0x00000048   Zero   RW          113    .bss.htim3          tim.o
    0x2000417c        -       0x00000048   Zero   RW          114    .bss.htim4          tim.o
    0x200041c4        -       0x00000048   Zero   RW          115    .bss.htim5          tim.o
    0x2000420c        -       0x00000048   Zero   RW          135    .bss.huart1         usart.o
    0x20004254        -       0x00000048   Zero   RW          136    .bss.huart3         usart.o
    0x2000429c        -       0x00000048   Zero   RW          137    .bss.huart6         usart.o
    0x200042e4        -       0x00000004   Zero   RW          910    .bss.uwTick         stm32f4xx_hal.o
    0x200042e8        -       0x00005000   Zero   RW            2    HEAP                startup_stm32f407xx.o
    0x200092e8        -       0x00005000   Zero   RW            1    STACK               startup_stm32f407xx.o


    Execution Region RW_IRAM2 (Exec base: 0x2001c000, Load base: 0x08007b88, Size: 0x00000000, Max: 0x00004000, ABSOLUTE)

    **** No section assigned to this execution region ****


==============================================================================

Image component sizes


      Code (inc. data)   RO Data    RW Data    ZI Data      Debug   Object Name

       468          4          0          0          0      18012   alg_pid.o
        14          0          0          0          0      15871   alg_slope.o
       450          0          0          0         84       6881   can.o
       696         48          0          0          0      28889   crt_chassis.o
       204          0          0          0          0       3509   dma.o
       400          0          0          0        136      13207   drv_can.o
        10          0          0          0          0      17654   drv_math.o
       742          0          0          0        112       4498   drv_tim.o
       360          0          0          0       6240       7235   drv_uart.o
       646         24         80          0          0      34095   dvc_djimotor.o
       990         36          0          0          0      26145   dvc_dr16.o
       404          0          0          0          0       4168   gpio.o
       376          0          0          0        276       5482   i2c.o
       278          0          0          0          0       3730   main.o
       410          0          0          0        280       5313   spi.o
        64         26        392          0      40960        840   startup_stm32f407xx.o
       212          0          0          5          4       7295   stm32f4xx_hal.o
      1626          6          0          0          0      13545   stm32f4xx_hal_can.o
       196          0          0          0          0      10717   stm32f4xx_hal_cortex.o
      1034          4          8          0          0       9736   stm32f4xx_hal_dma.o
       438          0          0          0          0       5099   stm32f4xx_hal_gpio.o
       368          0          0          0          0      48087   stm32f4xx_hal_i2c.o
        56          0          0          0          0       1448   stm32f4xx_hal_msp.o
      2682          0          0          0          0      16205   stm32f4xx_hal_pcd.o
        88          0          0          0          0       4417   stm32f4xx_hal_pcd_ex.o
      1406          4          0          0          0       7444   stm32f4xx_hal_rcc.o
       176          0          0          0          0      23467   stm32f4xx_hal_spi.o
      1938          4          0          0          0      58065   stm32f4xx_hal_tim.o
       268          0          0          0          0      22240   stm32f4xx_hal_tim_ex.o
      1906          0          0          0          0      26614   stm32f4xx_hal_uart.o
       272          0          0          0          0      11495   stm32f4xx_it.o
      2712          0          0          0          0      27709   stm32f4xx_ll_usb.o
        18          0         24          4          0       2581   system_stm32f4xx.o
       608         20          4          0       1453      35293   task.o
      1194          0          0          0        360      10287   tim.o
       928          0          0          0        696       7938   usart.o
       114          0          0          0        732       3202   usb_device.o
      1130         12          0        133          0      11474   usbd_cdc.o
        84          0          0         20       4096       4900   usbd_cdc_if.o
       780          0          0          0       1796      18352   usbd_conf.o
       920          0          0          0          0      10735   usbd_core.o
      1458         24          0          0          1      10660   usbd_ctlreq.o
       332         72          0         76        512       3610   usbd_desc.o
       134          0          0          0          0       4733   usbd_ioreq.o

    ----------------------------------------------------------------------
     29874        284        540        244      57748     612877   Object Totals
         0          0         32          0          0          0   (incl. Generated)
       284          0          0          6         10          0   (incl. Padding)

    ----------------------------------------------------------------------

      Code (inc. data)   RO Data    RW Data    ZI Data      Debug   Library Member Name

         8          0          0          0          0         68   __main.o
         0          0          0          0          0          0   __rtentry.o
        12          0          0          0          0          0   __rtentry2.o
         6          0          0          0          0          0   __rtentry4.o
        94          8          0          0          0          0   __scatter.o
        26          0          0          0          0          0   __scatter_copy.o
        28          0          0          0          0          0   __scatter_zi.o
        18          0          0          0          0         80   exit.o
         6          0          0          0          0        152   heapauxi.o
         0          0          0          0          0          0   indicate_semi.o
        44          8          0          0          0         80   init_aeabi.o
         2          0          0          0          0          0   libinit.o
        10          0          0          0          0          0   libinit2.o
         2          0          0          0          0          0   libshutdown.o
         2          0          0          0          0          0   libshutdown2.o
         8          4          0          0         96         68   libspace.o
       240          0          0          0          0        100   lludivv7m.o
        78          0          0          0          0         80   rt_memclr_w.o
       138          0          0          0          0         68   rt_memcpy_v6.o
       100          0          0          0          0         80   rt_memcpy_w.o
         2          0          0          0          0          0   rtexit.o
        10          0          0          0          0          0   rtexit2.o
        12          4          0          0          0         68   sys_exit.o
        74          0          0          0          0         80   sys_stackheap_outer.o
         2          0          0          0          0         68   use_no_semi.o
        26          0          0          0          0        116   fpinit.o

    ----------------------------------------------------------------------
       958         24          0          0         96       1108   Library Totals
        10          0          0          0          0          0   (incl. Padding)

    ----------------------------------------------------------------------

      Code (inc. data)   RO Data    RW Data    ZI Data      Debug   Library Name

       922         24          0          0         96        992   c_w.l
        26          0          0          0          0        116   fz_wm.l

    ----------------------------------------------------------------------
       958         24          0          0         96       1108   Library Totals

    ----------------------------------------------------------------------

==============================================================================


      Code (inc. data)   RO Data    RW Data    ZI Data      Debug   

     30832        308        540        244      57844     612797   Grand Totals
     30832        308        540        244      57844     612797   ELF Image Totals
     30832        308        540        244          0          0   ROM Totals

==============================================================================

    Total RO  Size (Code + RO Data)                31372 (  30.64kB)
    Total RW  Size (RW Data + ZI Data)             58088 (  56.73kB)
    Total ROM Size (Code + RO Data + RW Data)      31616 (  30.88kB)

==============================================================================

