<html>
<body>
<pre>
<h1>µVision Build Log</h1>
<h2>Tool Versions:</h2>
IDE-Version: ¦ÌVision V5.43.1.0
Copyright (C) 2025 ARM Ltd and ARM Germany GmbH. All rights reserved.
License Information: ZZZ Lenovo, ZZZ, LIC=BUURY-ILRWA-45XT5-GS8FQ-YVSYP-JJ1ZA
 
Tool Versions:
Toolchain:       MDK-ARM Plus  Version: 5.43.0.0
Toolchain Path:  D:\Keil_v5\ARM\ARMCLANG\Bin
C Compiler:      ArmClang.exe V6.24
Assembler:       Armasm.exe V6.24
Linker/Locator:  ArmLink.exe V6.24
Library Manager: ArmAr.exe V6.24
Hex Converter:   FromElf.exe V6.24
CPU DLL:         SARMCM3.DLL V5.43.0.0
Dialog DLL:      DCM.DLL V1.17.5.0
Target DLL:      Segger\JL2CM3.dll V2.99.45.0
Dialog DLL:      TCM.DLL V1.56.6.0
 
<h2>Project:</h2>
C:\Users\Lenovo\Desktop\zllc_2026_homework\chassis2\MDK-ARM\infantry.uvprojx
Project File Date:  01/15/2026

<h2>Output:</h2>
*** Using Compiler 'V6.24', folder: 'D:\Keil_v5\ARM\ARMCLANG\Bin'
*** Warning: You are compiling one or more files of source type C++ and have selected 'use MicroLIB'. MicroLIB does not support C++!
  
Rebuild target 'infantry'
assembling startup_stm32f407xx.s...
compiling stm32f4xx_hal_pcd_ex.c...
compiling can.c...
compiling stm32f4xx_it.c...
compiling usbd_desc.c...
compiling main.c...
compiling tim.c...
compiling gpio.c...
compiling stm32f4xx_hal_flash_ramfunc.c...
compiling usart.c...
compiling dma.c...
compiling stm32f4xx_hal_flash_ex.c...
compiling usbd_conf.c...
compiling usbd_cdc_if.c...
compiling i2c.c...
compiling spi.c...
compiling usb_device.c...
compiling stm32f4xx_hal_flash.c...
compiling stm32f4xx_hal_msp.c...
compiling stm32f4xx_hal_pwr_ex.c...
compiling stm32f4xx_hal_pcd.c...
compiling stm32f4xx_hal_gpio.c...
compiling stm32f4xx_hal_pwr.c...
compiling stm32f4xx_hal_rcc.c...
compiling stm32f4xx_hal_rcc_ex.c...
compiling stm32f4xx_hal_dma_ex.c...
compiling stm32f4xx_hal_dma.c...
compiling stm32f4xx_hal_cortex.c...
compiling stm32f4xx_hal.c...
compiling stm32f4xx_hal_exti.c...
compiling stm32f4xx_ll_usb.c...
compiling stm32f4xx_hal_can.c...
compiling stm32f4xx_hal_i2c_ex.c...
compiling system_stm32f4xx.c...
compiling usbd_ioreq.c...
compiling stm32f4xx_hal_tim_ex.c...
compiling usbd_core.c...
compiling usbd_ctlreq.c...
compiling usbd_cdc.c...
compiling stm32f4xx_hal_spi.c...
compiling stm32f4xx_hal_uart.c...
compiling alg_pid.cpp...
compiling alg_slope.cpp...
compiling dvc_djimotor.cpp...
compiling dvc_dr16.cpp...
compiling stm32f4xx_hal_tim.c...
compiling alg_fsm.cpp...
compiling stm32f4xx_hal_i2c.c...
compiling drv_can.cpp...
compiling drv_tim.cpp...
compiling drv_uart.cpp...
compiling dvc_referee.cpp...
compiling drv_math.cpp...
compiling ita_chariot.cpp...
compiling crt_chassis.cpp...
compiling task.cpp...
linking...
Program Size: Code=37244 RO-data=1308 RW-data=256 ZI-data=60464  
FromELF: creating hex file...
"infantry\infantry.axf" - 0 Error(s), 0 Warning(s).

<h2>Software Packages used:</h2>

Package Vendor: ARM
                https://www.keil.com/pack/ARM.CMSIS.6.2.0.pack
                ARM::CMSIS@6.2.0
                CMSIS (Common Microcontroller Software Interface Standard)
   * Component: CORE Version: 6.1.1

Package Vendor: Keil
                https://www.keil.com/pack/Keil.STM32F4xx_DFP.3.1.1.pack
                Keil::STM32F4xx_DFP@3.1.1
                STMicroelectronics STM32F4 Series Device Support

<h2>Collection of Component include folders:</h2>
  ./RTE/_infantry
  D:/Keil_v5/ARM/Pack/ARM/CMSIS/6.2.0/CMSIS/Core/Include

<h2>Collection of Component Files used:</h2>

   * Component: ARM::CMSIS:CORE@6.1.1
Build Time Elapsed:  00:00:02
</pre>
</body>
</html>
