<html>
<body>
<pre>
<h1>µVision Build Log</h1>
<h2>Tool Versions:</h2>
IDE-Version: ¦ÌVision V5.14.0.0
Copyright (C) 2015 ARM Ltd and ARM Germany GmbH. All rights reserved.
License Information: ZZZ Lenovo, ZZZ, LIC=BUURY-ILRWA-45XT5-GS8FQ-YVSYP-JJ1ZA
 
Tool Versions:
Toolchain:       MDK-ARM Standard  Version: 5.14.0.0
Toolchain Path:  D:\Keil_v5\ARM\ARMCC\Bin
C Compiler:      Armcc.exe V5.05 update 1 (build 106)
Assembler:       Armasm.exe V5.05 update 1 (build 106)
Linker/Locator:  ArmLink.exe V5.05 update 1 (build 106)
Library Manager: ArmAr.exe V5.05 update 1 (build 106)
Hex Converter:   FromElf.exe V5.05 update 1 (build 106)
CPU DLL:         SARMCM3.DLL V5.14.0.0
Dialog DLL:      DCM.DLL V1.13.1.0
Target DLL:      Segger\JL2CM3.dll V2.99.13.0
Dialog DLL:      TCM.DLL V1.14.4.0
 
<h2>Project:</h2>
C:\Users\Lenovo\zllc_2026_homework\Homework1_can\MDK-ARM\can1 version2.0.uvprojx
Project File Date:  11/29/2025

<h2>Output:</h2>
Build target 'can1 version2.0'
compiling main.c...
compiling drv_can.c...
D:\cantest2\drv_can.c(61): warning:  #1-D: last line of file ends without a newline
  }
D:\cantest2\drv_can.c: 1 warning, 0 errors
compiling motor.c...
D:\cantest2\motor.c(60): warning:  #177-D: variable "_Gearbox_Rate" was declared but never referenced
      float _Gearbox_Rate=3591.0f/187.0f;
D:\cantest2\motor.c: 1 warning, 0 errors
compiling pid.c...
D:\cantest2\pid.c(86): warning:  #1-D: last line of file ends without a newline
  }
D:\cantest2\pid.c: 1 warning, 0 errors
linking...
Program Size: Code=14026 RO-data=334 RW-data=28 ZI-data=2540  
FromELF: creating hex file...
"can1 version2.0\can1 version.axf" - 0 Error(s), 3 Warning(s).

<h2>Software Packages used:</h2>

Package Vendor: ARM
                http://www.keil.com/pack/ARM.CMSIS.4.2.0.pack
                ARM::CMSIS:CORE:3.40.0
                CMSIS (Cortex Microcontroller Software Interface Standard)
   * Component: CORE Version: 3.40.0

<h2>Collection of Component include folders:</h2>
  C:\Users\Lenovo\zllc_2026_homework\Homework1_can\MDK-ARM\RTE
  D:\Keil_v5\ARM\PACK\ARM\CMSIS\4.2.0\CMSIS\Include
  D:\Keil_v5\ARM\PACK\Keil\STM32F1xx_DFP\2.4.1

<h2>Collection of Component Files used:</h2>

   * Component: ARM::CMSIS:CORE:3.40.0
      Source file:   CMSIS\UserCodeTemplates\ARM\ITM_Retarget.c
</pre>
</body>
</html>
