<html>
<body>
<pre>
<h1>µVision Build Log</h1>
<h2>Tool Versions:</h2>
IDE-Version: ¶ÃVision V5.24.2.0
Copyright (C) 2017 ARM Ltd and ARM Germany GmbH. All rights reserved.
License Information: A ”‡æßæß, A, LIC=65ISZ-J8MQW-63GMB-2AB1Z-9DMAJ-N4K6H
 
Tool Versions:
Toolchain:       MDK-ARM Plus  Version: 5.24.1
Toolchain Path:  E:\KEIL5\ARM\ARMCLANG\Bin
C Compiler:      ArmClang.exe V6.7
Assembler:       Armasm.exe V6.7
Linker/Locator:  ArmLink.exe V6.7
Library Manager: ArmAr.exe V6.7
Hex Converter:   FromElf.exe V6.7
CPU DLL:         SARMCM3.DLL V5.24.1
Dialog DLL:      DCM.DLL V1.16.0.0
Target DLL:      Segger\JL2CM3.dll V2.99.26.0
Dialog DLL:      TCM.DLL V1.32.0.0
 
<h2>Project:</h2>
E:\stm32assignment\MY-2026\MDK-ARM\infantry.uvprojx
Project File Date:  12/11/2025

<h2>Output:</h2>
*** Using Compiler 'V6.7', folder: 'E:\KEIL5\ARM\ARMCLANG\Bin'
Rebuild target 'infantry'
assembling startup_stm32f407xx.s...
compiling main.c...
compiling tim.c...
compiling can.c...
compiling gpio.c...
compiling usart.c...
compiling i2c.c...
compiling usbd_cdc_if.c...
compiling spi.c...
compiling dma.c...
compiling usbd_desc.c...
compiling stm32f4xx_hal_msp.c...
compiling usb_device.c...
compiling stm32f4xx_it.c...
compiling usbd_conf.c...
compiling stm32f4xx_hal_pcd_ex.c...
compiling stm32f4xx_hal_pcd.c...
compiling stm32f4xx_hal_rcc.c...
compiling stm32f4xx_hal_rcc_ex.c...
compiling stm32f4xx_hal_flash.c...
compiling stm32f4xx_hal_flash_ramfunc.c...
compiling stm32f4xx_hal_flash_ex.c...
compiling stm32f4xx_ll_usb.c...
compiling stm32f4xx_hal_gpio.c...
compiling stm32f4xx_hal_dma_ex.c...
compiling stm32f4xx_hal_dma.c...
compiling stm32f4xx_hal_pwr.c...
compiling stm32f4xx_hal_cortex.c...
compiling stm32f4xx_hal_pwr_ex.c...
compiling stm32f4xx_hal.c...
compiling stm32f4xx_hal_exti.c...
compiling stm32f4xx_hal_can.c...
compiling stm32f4xx_hal_i2c_ex.c...
compiling system_stm32f4xx.c...
compiling stm32f4xx_hal_uart.c...
compiling stm32f4xx_hal_tim_ex.c...
compiling stm32f4xx_hal_spi.c...
compiling usbd_ctlreq.c...
compiling stm32f4xx_hal_tim.c...
compiling usbd_ioreq.c...
compiling stm32f4xx_hal_i2c.c...
compiling usbd_cdc.c...
compiling usbd_core.c...
../User/Device/dvc_djimotor.cpp(38): warning: enumeration value 'DJI_Motor_ID_UNDEFINED' not handled in switch [-Wswitch]
        switch (__CAN_ID)
                ^
../User/Device/dvc_djimotor.cpp(99): warning: enumeration value 'DJI_Motor_ID_UNDEFINED' not handled in switch [-Wswitch]
        switch (__CAN_ID)
                ^
2 warnings generated.
compiling dvc_djimotor.cpp...
compiling dvc_dr16.cpp...
compiling alg_slope.cpp...
compiling alg_pid.cpp...
compiling drv_tim.cpp...
compiling drv_can.cpp...
compiling drv_uart.cpp...
compiling drv_math.cpp...
compiling task.cpp...
linking...
infantry\infantry.axf: Warning: L6776W: The debug frame in .debug_frame(drv_math.o) does not describe an executable section.
Program Size: Code=54652 RO-data=528 RW-data=248 ZI-data=52056  
Finished: 0 information, 1 warning and 0 error messages.
FromELF: creating hex file...
"infantry\infantry.axf" - 0 Error(s), 3 Warning(s).

<h2>Software Packages used:</h2>

Package Vendor: Keil
                http://www.keil.com/pack/Keil.STM32F4xx_DFP.2.16.0.pack
                Keil.STM32F4xx_DFP.2.16.0
                STMicroelectronics STM32F4 Series Device Support, Drivers and Examples

<h2>Collection of Component include folders:</h2>
  .\RTE\_infantry
  E:\KEIL5\ARM\PACK\Keil\STM32F4xx_DFP\2.16.0\Drivers\CMSIS\Device\ST\STM32F4xx\Include

<h2>Collection of Component Files used:</h2>
Build Time Elapsed:  00:00:07
</pre>
</body>
</html>
