[2025-12-19 20:33:39]	[info] incremental build: 91 source files changed
These source files will be recompiled
---
'c:\RM\RM_Temp\ZLLC_2026\Core\Src\dma.c': object (.o) file not exist
'c:\RM\RM_Temp\ZLLC_2026\Core\Src\fdcan.c': object (.o) file not exist
'c:\RM\RM_Temp\ZLLC_2026\Core\Src\gpio.c': object (.o) file not exist
'c:\RM\RM_Temp\ZLLC_2026\Core\Src\iwdg.c': object (.o) file not exist
'c:\RM\RM_Temp\ZLLC_2026\Core\Src\main.c': object (.o) file not exist
'c:\RM\RM_Temp\ZLLC_2026\Core\Src\memorymap.c': object (.o) file not exist
'c:\RM\RM_Temp\ZLLC_2026\Core\Src\spi.c': object (.o) file not exist
'c:\RM\RM_Temp\ZLLC_2026\Core\Src\stm32h7xx_hal_msp.c': object (.o) file not exist
'c:\RM\RM_Temp\ZLLC_2026\Core\Src\stm32h7xx_it.c': object (.o) file not exist
'c:\RM\RM_Temp\ZLLC_2026\Core\Src\system_stm32h7xx.c': object (.o) file not exist
'c:\RM\RM_Temp\ZLLC_2026\Core\Src\tim.c': object (.o) file not exist
'c:\RM\RM_Temp\ZLLC_2026\Core\Src\usart.c': object (.o) file not exist
'c:\RM\RM_Temp\ZLLC_2026\Drivers\STM32H7xx_HAL_Driver\Src\stm32h7xx_hal.c': object (.o) file not exist
'c:\RM\RM_Temp\ZLLC_2026\Drivers\STM32H7xx_HAL_Driver\Src\stm32h7xx_hal_cortex.c': object (.o) file not exist
'c:\RM\RM_Temp\ZLLC_2026\Drivers\STM32H7xx_HAL_Driver\Src\stm32h7xx_hal_dma.c': object (.o) file not exist
'c:\RM\RM_Temp\ZLLC_2026\Drivers\STM32H7xx_HAL_Driver\Src\stm32h7xx_hal_dma_ex.c': object (.o) file not exist
'c:\RM\RM_Temp\ZLLC_2026\Drivers\STM32H7xx_HAL_Driver\Src\stm32h7xx_hal_exti.c': object (.o) file not exist
'c:\RM\RM_Temp\ZLLC_2026\Drivers\STM32H7xx_HAL_Driver\Src\stm32h7xx_hal_fdcan.c': object (.o) file not exist
'c:\RM\RM_Temp\ZLLC_2026\Drivers\STM32H7xx_HAL_Driver\Src\stm32h7xx_hal_flash.c': object (.o) file not exist
'c:\RM\RM_Temp\ZLLC_2026\Drivers\STM32H7xx_HAL_Driver\Src\stm32h7xx_hal_flash_ex.c': object (.o) file not exist
'c:\RM\RM_Temp\ZLLC_2026\Drivers\STM32H7xx_HAL_Driver\Src\stm32h7xx_hal_gpio.c': object (.o) file not exist
'c:\RM\RM_Temp\ZLLC_2026\Drivers\STM32H7xx_HAL_Driver\Src\stm32h7xx_hal_hsem.c': object (.o) file not exist
'c:\RM\RM_Temp\ZLLC_2026\Drivers\STM32H7xx_HAL_Driver\Src\stm32h7xx_hal_i2c.c': object (.o) file not exist
'c:\RM\RM_Temp\ZLLC_2026\Drivers\STM32H7xx_HAL_Driver\Src\stm32h7xx_hal_i2c_ex.c': object (.o) file not exist
'c:\RM\RM_Temp\ZLLC_2026\Drivers\STM32H7xx_HAL_Driver\Src\stm32h7xx_hal_iwdg.c': object (.o) file not exist
'c:\RM\RM_Temp\ZLLC_2026\Drivers\STM32H7xx_HAL_Driver\Src\stm32h7xx_hal_mdma.c': object (.o) file not exist
'c:\RM\RM_Temp\ZLLC_2026\Drivers\STM32H7xx_HAL_Driver\Src\stm32h7xx_hal_pcd.c': object (.o) file not exist
'c:\RM\RM_Temp\ZLLC_2026\Drivers\STM32H7xx_HAL_Driver\Src\stm32h7xx_hal_pcd_ex.c': object (.o) file not exist
'c:\RM\RM_Temp\ZLLC_2026\Drivers\STM32H7xx_HAL_Driver\Src\stm32h7xx_hal_pwr.c': object (.o) file not exist
'c:\RM\RM_Temp\ZLLC_2026\Drivers\STM32H7xx_HAL_Driver\Src\stm32h7xx_hal_pwr_ex.c': object (.o) file not exist
'c:\RM\RM_Temp\ZLLC_2026\Drivers\STM32H7xx_HAL_Driver\Src\stm32h7xx_hal_rcc.c': object (.o) file not exist
'c:\RM\RM_Temp\ZLLC_2026\Drivers\STM32H7xx_HAL_Driver\Src\stm32h7xx_hal_rcc_ex.c': object (.o) file not exist
'c:\RM\RM_Temp\ZLLC_2026\Drivers\STM32H7xx_HAL_Driver\Src\stm32h7xx_hal_spi.c': object (.o) file not exist
'c:\RM\RM_Temp\ZLLC_2026\Drivers\STM32H7xx_HAL_Driver\Src\stm32h7xx_hal_spi_ex.c': object (.o) file not exist
'c:\RM\RM_Temp\ZLLC_2026\Drivers\STM32H7xx_HAL_Driver\Src\stm32h7xx_hal_tim.c': object (.o) file not exist
'c:\RM\RM_Temp\ZLLC_2026\Drivers\STM32H7xx_HAL_Driver\Src\stm32h7xx_hal_tim_ex.c': object (.o) file not exist
'c:\RM\RM_Temp\ZLLC_2026\Drivers\STM32H7xx_HAL_Driver\Src\stm32h7xx_hal_uart.c': object (.o) file not exist
'c:\RM\RM_Temp\ZLLC_2026\Drivers\STM32H7xx_HAL_Driver\Src\stm32h7xx_hal_uart_ex.c': object (.o) file not exist
'c:\RM\RM_Temp\ZLLC_2026\Drivers\STM32H7xx_HAL_Driver\Src\stm32h7xx_ll_usb.c': object (.o) file not exist
'c:\RM\RM_Temp\ZLLC_2026\Middlewares\ST\STM32_USB_Device_Library\Class\CDC\Src\usbd_cdc.c': object (.o) file not exist
'c:\RM\RM_Temp\ZLLC_2026\Middlewares\ST\STM32_USB_Device_Library\Core\Src\usbd_core.c': object (.o) file not exist
'c:\RM\RM_Temp\ZLLC_2026\Middlewares\ST\STM32_USB_Device_Library\Core\Src\usbd_ctlreq.c': object (.o) file not exist
'c:\RM\RM_Temp\ZLLC_2026\Middlewares\ST\STM32_USB_Device_Library\Core\Src\usbd_ioreq.c': object (.o) file not exist
'c:\RM\RM_Temp\ZLLC_2026\USB_DEVICE\App\usb_device.c': object (.o) file not exist
'c:\RM\RM_Temp\ZLLC_2026\USB_DEVICE\App\usbd_cdc_if.c': object (.o) file not exist
'c:\RM\RM_Temp\ZLLC_2026\USB_DEVICE\App\usbd_desc.c': object (.o) file not exist
'c:\RM\RM_Temp\ZLLC_2026\USB_DEVICE\Target\usbd_conf.c': object (.o) file not exist
'c:\RM\RM_Temp\ZLLC_2026\User\Algorithm\Src\PID.cpp': object (.o) file not exist
'c:\RM\RM_Temp\ZLLC_2026\User\Algorithm\Src\QuaternionEKF.cpp': object (.o) file not exist
'c:\RM\RM_Temp\ZLLC_2026\User\Algorithm\Src\alg_MahonyAHRS.cpp': object (.o) file not exist
'c:\RM\RM_Temp\ZLLC_2026\User\Algorithm\Src\alg_SMC_Control.cpp': object (.o) file not exist
'c:\RM\RM_Temp\ZLLC_2026\User\Algorithm\Src\alg_filter.cpp': object (.o) file not exist
'c:\RM\RM_Temp\ZLLC_2026\User\Algorithm\Src\alg_fsm.cpp': object (.o) file not exist
'c:\RM\RM_Temp\ZLLC_2026\User\Algorithm\Src\alg_new_power_limit.cpp': object (.o) file not exist
'c:\RM\RM_Temp\ZLLC_2026\User\Algorithm\Src\alg_pid.cpp': object (.o) file not exist
'c:\RM\RM_Temp\ZLLC_2026\User\Algorithm\Src\alg_power_limit.cpp': object (.o) file not exist
'c:\RM\RM_Temp\ZLLC_2026\User\Algorithm\Src\alg_slope.cpp': object (.o) file not exist
'c:\RM\RM_Temp\ZLLC_2026\User\Algorithm\Src\kalman_filter.cpp': object (.o) file not exist
'c:\RM\RM_Temp\ZLLC_2026\User\Algorithm\Src\user_lib.cpp': object (.o) file not exist
'c:\RM\RM_Temp\ZLLC_2026\User\Chariot\Src\crt_booster.cpp': object (.o) file not exist
'c:\RM\RM_Temp\ZLLC_2026\User\Chariot\Src\crt_chassis.cpp': object (.o) file not exist
'c:\RM\RM_Temp\ZLLC_2026\User\Chariot\Src\crt_gimbal.cpp': object (.o) file not exist
'c:\RM\RM_Temp\ZLLC_2026\User\Congfig\Src\config.cpp': object (.o) file not exist
'c:\RM\RM_Temp\ZLLC_2026\User\Device\Src\dvc_GraphicsSendTask.cpp': object (.o) file not exist
'c:\RM\RM_Temp\ZLLC_2026\User\Device\Src\dvc_TensionMeter.cpp': object (.o) file not exist
'c:\RM\RM_Temp\ZLLC_2026\User\Device\Src\dvc_VT13.cpp': object (.o) file not exist
'c:\RM\RM_Temp\ZLLC_2026\User\Device\Src\dvc_boardc_bmi088.cpp': object (.o) file not exist
'c:\RM\RM_Temp\ZLLC_2026\User\Device\Src\dvc_buzzer.cpp': object (.o) file not exist
'c:\RM\RM_Temp\ZLLC_2026\User\Device\Src\dvc_djimotor.cpp': object (.o) file not exist
'c:\RM\RM_Temp\ZLLC_2026\User\Device\Src\dvc_dmmotor.cpp': object (.o) file not exist
'c:\RM\RM_Temp\ZLLC_2026\User\Device\Src\dvc_dr16.cpp': object (.o) file not exist
'c:\RM\RM_Temp\ZLLC_2026\User\Device\Src\dvc_dwt.cpp': object (.o) file not exist
'c:\RM\RM_Temp\ZLLC_2026\User\Device\Src\dvc_imu.cpp': object (.o) file not exist
'c:\RM\RM_Temp\ZLLC_2026\User\Device\Src\dvc_lkmotor.cpp': object (.o) file not exist
'c:\RM\RM_Temp\ZLLC_2026\User\Device\Src\dvc_minipc.cpp': object (.o) file not exist
'c:\RM\RM_Temp\ZLLC_2026\User\Device\Src\dvc_referee.cpp': object (.o) file not exist
'c:\RM\RM_Temp\ZLLC_2026\User\Device\Src\dvc_servo.cpp': object (.o) file not exist
'c:\RM\RM_Temp\ZLLC_2026\User\Device\Src\dvc_supercap.cpp': object (.o) file not exist
'c:\RM\RM_Temp\ZLLC_2026\User\Driver\Src\drv_adc.cpp': object (.o) file not exist
'c:\RM\RM_Temp\ZLLC_2026\User\Driver\Src\drv_bsp-boarda.cpp': object (.o) file not exist
'c:\RM\RM_Temp\ZLLC_2026\User\Driver\Src\drv_can.cpp': object (.o) file not exist
'c:\RM\RM_Temp\ZLLC_2026\User\Driver\Src\drv_dwt.cpp': object (.o) file not exist
'c:\RM\RM_Temp\ZLLC_2026\User\Driver\Src\drv_i2c.cpp': object (.o) file not exist
'c:\RM\RM_Temp\ZLLC_2026\User\Driver\Src\drv_math.cpp': object (.o) file not exist
'c:\RM\RM_Temp\ZLLC_2026\User\Driver\Src\drv_spi.cpp': object (.o) file not exist
'c:\RM\RM_Temp\ZLLC_2026\User\Driver\Src\drv_tim.cpp': object (.o) file not exist
'c:\RM\RM_Temp\ZLLC_2026\User\Driver\Src\drv_uart.cpp': object (.o) file not exist
'c:\RM\RM_Temp\ZLLC_2026\User\Driver\Src\drv_usb.cpp': object (.o) file not exist
'c:\RM\RM_Temp\ZLLC_2026\User\Interaction\Src\ita_chariot.cpp': object (.o) file not exist
'c:\RM\RM_Temp\ZLLC_2026\User\Task\Src\tsk_config_and_callback.cpp': object (.o) file not exist
'c:\RM\RM_Temp\ZLLC_2026\MDK-ARM\startup_stm32h723xx.s': object (.o) file not exist

[2025-12-19 20:33:44]	compilation failed at : "c:\RM\RM_Temp\ZLLC_2026\User\Algorithm\Src\alg_filter.cpp", exit code: 1
command: 
  "C:\Keil5_MDK\ARM\ARMCLANG\bin\armclang.exe" --target=arm-arm-none-eabi -c -xc++ -std=c++11 -I. -I../Core/Inc -I../Drivers/STM32H7xx_HAL_Driver/Inc -I../Drivers/STM32H7xx_HAL_Driver/Inc/Legacy -I../USB_DEVICE/App -I../USB_DEVICE/Target -I../Middlewares/ST/STM32_USB_Device_Library/Core/Inc -I../Middlewares/ST/STM32_USB_Device_Library/Class/CDC/Inc -I../Drivers/CMSIS/Device/ST/STM32H7xx/Include -I../User/Congfig/Inc -I../User/Task/Inc -I../User/Interaction/Inc -I../User/Chariot/Inc -I../User/Device/Inc -I../User/Driver/Inc -I../User/Algorithm/Inc -I../Drivers/CMSIS/Include -IRTE/_Sentry -I../DSP/Include -D"USE_HAL_DRIVER" -D"STM32H723xx" -D"__FPU_PRESENT=1" -D"__FPU_USED=1" -D"ARM_MATH_CM7" -mfloat-abi=hard -mfpu=fpv5-sp-d16 -mcpu=cortex-m7 -mlittle-endian -O0 -ffunction-sections -funsigned-char -fshort-enums -fshort-wchar -fno-rtti -w -g -o ./Sentry/.obj/__/User/Algorithm/Src/alg_filter.o -MMD ./../User/Algorithm/Src/alg_filter.cpp
   at unify_builder.Program.compileByMulThread(Int32 thrNum, CmdInfo[] cmds_, List`1 errLogs)
   at unify_builder.Program.Main(String[] args_)
---
./../User/Algorithm/Src/alg_filter.cpp:156:30: error: use of undeclared identifier 'malloc'
    filter->buffer = (float*)malloc(window_size * sizeof(float));
                             ^
./../User/Algorithm/Src/alg_filter.cpp:177:5: error: use of undeclared identifier 'qsort'
    qsort(sort_array, filter->window_size, sizeof(float), compare);
    ^
./../User/Algorithm/Src/alg_filter.cpp:184:5: error: use of undeclared identifier 'free'
    free(filter->buffer);
    ^
3 errors generated.

[2025-12-19 20:39:13]	[info] incremental build: 19 source files changed
These source files will be recompiled
---
'c:\RM\RM_Temp\ZLLC_2026\User\Algorithm\Src\alg_filter.cpp': object (.o) file not exist
'c:\RM\RM_Temp\ZLLC_2026\User\Algorithm\Src\alg_new_power_limit.cpp': dependence 'c:\RM\RM_Temp\ZLLC_2026\MDK-ARM\..\User\Algorithm\Inc\alg_filter.h' has been changed.
'c:\RM\RM_Temp\ZLLC_2026\User\Algorithm\Src\alg_power_limit.cpp': dependence 'c:\RM\RM_Temp\ZLLC_2026\MDK-ARM\..\User\Algorithm\Inc\alg_filter.h' has been changed.
'c:\RM\RM_Temp\ZLLC_2026\User\Chariot\Src\crt_booster.cpp': dependence 'c:\RM\RM_Temp\ZLLC_2026\MDK-ARM\..\User\Algorithm\Inc\alg_filter.h' has been changed.
'c:\RM\RM_Temp\ZLLC_2026\User\Chariot\Src\crt_chassis.cpp': dependence 'c:\RM\RM_Temp\ZLLC_2026\MDK-ARM\..\User\Algorithm\Inc\alg_filter.h' has been changed.
'c:\RM\RM_Temp\ZLLC_2026\User\Chariot\Src\crt_gimbal.cpp': dependence 'c:\RM\RM_Temp\ZLLC_2026\MDK-ARM\..\User\Algorithm\Inc\alg_filter.h' has been changed.
'c:\RM\RM_Temp\ZLLC_2026\User\Device\Src\dvc_GraphicsSendTask.cpp': dependence 'c:\RM\RM_Temp\ZLLC_2026\MDK-ARM\..\User\Algorithm\Inc\alg_filter.h' has been changed.
'c:\RM\RM_Temp\ZLLC_2026\User\Device\Src\dvc_djimotor.cpp': dependence 'c:\RM\RM_Temp\ZLLC_2026\MDK-ARM\..\User\Algorithm\Inc\alg_filter.h' has been changed.
'c:\RM\RM_Temp\ZLLC_2026\User\Driver\Src\drv_can.cpp': dependence 'c:\RM\RM_Temp\ZLLC_2026\MDK-ARM\..\User\Algorithm\Inc\alg_filter.h' has been changed.
'c:\RM\RM_Temp\ZLLC_2026\User\Driver\Src\drv_dwt.cpp': object (.o) file not exist
'c:\RM\RM_Temp\ZLLC_2026\User\Driver\Src\drv_i2c.cpp': object (.o) file not exist
'c:\RM\RM_Temp\ZLLC_2026\User\Driver\Src\drv_math.cpp': object (.o) file not exist
'c:\RM\RM_Temp\ZLLC_2026\User\Driver\Src\drv_spi.cpp': object (.o) file not exist
'c:\RM\RM_Temp\ZLLC_2026\User\Driver\Src\drv_tim.cpp': object (.o) file not exist
'c:\RM\RM_Temp\ZLLC_2026\User\Driver\Src\drv_uart.cpp': object (.o) file not exist
'c:\RM\RM_Temp\ZLLC_2026\User\Driver\Src\drv_usb.cpp': object (.o) file not exist
'c:\RM\RM_Temp\ZLLC_2026\User\Interaction\Src\ita_chariot.cpp': object (.o) file not exist
'c:\RM\RM_Temp\ZLLC_2026\User\Task\Src\tsk_config_and_callback.cpp': object (.o) file not exist
'c:\RM\RM_Temp\ZLLC_2026\MDK-ARM\startup_stm32h723xx.s': object (.o) file not exist

[2025-12-19 20:39:18]	[done]
	build successfully !

[2025-12-19 20:46:35]	[info] incremental build: 1 source files changed
These source files will be recompiled
---
'c:\RM\RM_Temp\ZLLC_2026\User\Task\Src\tsk_config_and_callback.cpp': source file has been changed.

[2025-12-19 20:46:37]	[done]
	build successfully !

[2025-12-19 20:50:13]	[info] incremental build: 1 source files changed
These source files will be recompiled
---
'c:\RM\RM_Temp\ZLLC_2026\User\Task\Src\tsk_config_and_callback.cpp': source file has been changed.

[2025-12-19 20:50:13]	link failed !, exit code: 1
   at unify_builder.Program.Main(String[] args_)
---
Warning: L6776W: The debug frame in .debug_frame(QuaternionEKF.o) does not describe an executable section.
Error: L6218E: Undefined symbol Task_Loop (referred from main.o).
Not enough information to list image symbols.
Finished: 1 information, 1 warning and 1 error messages.


[2025-12-19 20:50:49]	[info] incremental build: 1 source files changed
These source files will be recompiled
---
'c:\RM\RM_Temp\ZLLC_2026\Core\Src\main.c': source file has been changed.

[2025-12-19 20:50:50]	[done]
	build successfully !

[2025-12-19 20:50:53]	[done]
	build successfully !

[2025-12-19 20:56:22]	[info] incremental build: 1 source files changed
These source files will be recompiled
---
'c:\RM\RM_Temp\ZLLC_2026\User\Task\Src\tsk_config_and_callback.cpp': source file has been changed.

[2025-12-19 20:56:23]	[done]
	build successfully !

